<html>
<body>
<pre>
<h1>µVision Build Log</h1>
<h2>Tool Versions:</h2>
IDE-Version: ¦ÌVision V5.41.0.0
Copyright (C) 2024 ARM Ltd and ARM Germany GmbH. All rights reserved.
License Information: 1 1, 1, LIC=21E4T-RP03B-45KT5-GAZ14-TE5BF-PRHI0
 
Tool Versions:
Toolchain:       MDK-ARM Plus  Version: 5.41.0.0
Toolchain Path:  D:\MyTools\Keil\Keil_v5\ARM\ARMCC\Bin
C Compiler:      Armcc.exe V5.06 update 7 (build 960)
Assembler:       Armasm.exe V5.06 update 7 (build 960)
Linker/Locator:  ArmLink.exe V5.06 update 7 (build 960)
Library Manager: ArmAr.exe V5.06 update 7 (build 960)
Hex Converter:   FromElf.exe V5.06 update 7 (build 960)
CPU DLL:         SARMCM3.DLL V5.41.0.0
Dialog DLL:      DCM.DLL V1.17.5.0
Target DLL:      STLink\ST-LINKIII-KEIL_SWO.dll V3.3.0.0
Dialog DLL:      TCM.DLL V1.56.4.0
 
<h2>Project:</h2>
C:\Users\Admin\Desktop\GraduationDesign\step-motor\MyProject\MDK-ARM\MyProject.uvprojx
Project File Date:  05/07/2025

<h2>Output:</h2>
*** Using Compiler 'V5.06 update 7 (build 960)', folder: 'D:\MyTools\Keil\Keil_v5\ARM\ARMCC\Bin'
Build target 'MyProject'
compiling Key.c...
..\Drivers\UserDrivers\Key.h(21): warning:  #1-D: last line of file ends without a newline
  #endif
..\Drivers\UserDrivers\Led.h(25): warning:  #1-D: last line of file ends without a newline
  #endif // LED_H
..\Drivers\UserDrivers\Tmc2209.h(82): warning:  #1-D: last line of file ends without a newline
  void TMC2209_SendData(uint8_t *data,uint8_t len);
..\Drivers\UserDrivers\Gripper.h(36): warning:  #1-D: last line of file ends without a newline
  #endif
..\Drivers\UserDrivers\Key.c(102): warning:  #188-D: enumerated type mixed with another type
              TMC2209_Control(&MOTOR_RIGHT_TIM,MOTOREN_PIN,StepMotor_EN);
..\Drivers\UserDrivers\Key.c(107): warning:  #188-D: enumerated type mixed with another type
              TMC2209_Control(&MOTOR_RIGHT_TIM,MOTOREN_PIN,StepMotor_DISEN);
..\Drivers\UserDrivers\Key.c(115): warning:  #188-D: enumerated type mixed with another type
              TMC2209_Control(&MOTOR_LEFT_TIM,MOTOR_DIR_LEFT_PIN,StepMotor_EN);
..\Drivers\UserDrivers\Key.c(120): warning:  #188-D: enumerated type mixed with another type
              TMC2209_Control(&MOTOR_LEFT_TIM,MOTOR_DIR_LEFT_PIN,StepMotor_DISEN);
..\Drivers\UserDrivers\Key.c(129): warning:  #188-D: enumerated type mixed with another type
              TMC2209_Control(&MOTOR_RIGHT_TIM,MOTORDIR_PIN,Motor_right);
..\Drivers\UserDrivers\Key.c(130): warning:  #188-D: enumerated type mixed with another type
              TMC2209_Control(&MOTOR_LEFT_TIM,MOTOR_DIR_LEFT_PIN,Motor_right);
..\Drivers\UserDrivers\Key.c(134): warning:  #188-D: enumerated type mixed with another type
              TMC2209_Control(&MOTOR_RIGHT_TIM,MOTORDIR_PIN,Motor_left);
..\Drivers\UserDrivers\Key.c(135): warning:  #188-D: enumerated type mixed with another type
              TMC2209_Control(&MOTOR_LEFT_TIM,MOTOR_DIR_LEFT_PIN,Motor_left);
..\Drivers\UserDrivers\Key.c(147): warning:  #188-D: enumerated type mixed with another type
              servo_updown(SERVO_DOWN,FAST_MODE,NULL);
..\Drivers\UserDrivers\Key.c(156): warning:  #188-D: enumerated type mixed with another type
              servo_updown(SERVO_UP,FAST_MODE,NULL);
..\Drivers\UserDrivers\Key.c(189): warning:  #188-D: enumerated type mixed with another type
          TMC2209_Control(&MOTOR_RIGHT_TIM,MOTORDIR_PIN,Motor_right);
..\Drivers\UserDrivers\Key.c(190): warning:  #188-D: enumerated type mixed with another type
          TMC2209_Control(&MOTOR_RIGHT_TIM,MOTOREN_PIN,StepMotor_DISEN);
..\Drivers\UserDrivers\Key.c(196): warning:  #188-D: enumerated type mixed with another type
          TMC2209_Control(&MOTOR_RIGHT_TIM,MOTORDIR_PIN,Motor_right);
..\Drivers\UserDrivers\Key.c(197): warning:  #188-D: enumerated type mixed with another type
          TMC2209_Control(&MOTOR_RIGHT_TIM,MOTOREN_PIN,StepMotor_EN);
..\Drivers\UserDrivers\Key.c(203): warning:  #188-D: enumerated type mixed with another type
          TMC2209_Control(&MOTOR_RIGHT_TIM,MOTORDIR_PIN,Motor_left);
..\Drivers\UserDrivers\Key.c(204): warning:  #188-D: enumerated type mixed with another type
          TMC2209_Control(&MOTOR_RIGHT_TIM,MOTOREN_PIN,StepMotor_DISEN);
..\Drivers\UserDrivers\Key.c(210): warning:  #188-D: enumerated type mixed with another type
          TMC2209_Control(&MOTOR_RIGHT_TIM,MOTORDIR_PIN,Motor_left);
..\Drivers\UserDrivers\Key.c(211): warning:  #188-D: enumerated type mixed with another type
          TMC2209_Control(&MOTOR_RIGHT_TIM,MOTOREN_PIN,StepMotor_EN);
..\Drivers\UserDrivers\Key.c(224): warning:  #188-D: enumerated type mixed with another type
          TMC2209_Control(&MOTOR_LEFT_TIM,MOTOR_DIR_LEFT_PIN,Motor_right);
..\Drivers\UserDrivers\Key.c(225): warning:  #188-D: enumerated type mixed with another type
          TMC2209_Control(&MOTOR_LEFT_TIM,MOTOR_EN_LEFT_PIN,StepMotor_DISEN);
..\Drivers\UserDrivers\Key.c(231): warning:  #188-D: enumerated type mixed with another type
          TMC2209_Control(&MOTOR_LEFT_TIM,MOTOR_DIR_LEFT_PIN,Motor_right);
..\Drivers\UserDrivers\Key.c(232): warning:  #188-D: enumerated type mixed with another type
          TMC2209_Control(&MOTOR_LEFT_TIM,MOTOR_EN_LEFT_PIN,StepMotor_EN);
..\Drivers\UserDrivers\Key.c(238): warning:  #188-D: enumerated type mixed with another type
          TMC2209_Control(&MOTOR_LEFT_TIM,MOTOR_DIR_LEFT_PIN,Motor_left);
..\Drivers\UserDrivers\Key.c(239): warning:  #188-D: enumerated type mixed with another type
          TMC2209_Control(&MOTOR_LEFT_TIM,MOTOR_EN_LEFT_PIN,StepMotor_DISEN);
..\Drivers\UserDrivers\Key.c(245): warning:  #188-D: enumerated type mixed with another type
          TMC2209_Control(&MOTOR_LEFT_TIM,MOTOR_DIR_LEFT_PIN,Motor_left);
..\Drivers\UserDrivers\Key.c(246): warning:  #188-D: enumerated type mixed with another type
          TMC2209_Control(&MOTOR_LEFT_TIM,MOTOR_EN_LEFT_PIN,StepMotor_EN);
..\Drivers\UserDrivers\Key.c(258): warning:  #520-D: initialization with "{...}" expected for aggregate object
      static bool single[2] = false;
..\Drivers\UserDrivers\Key.c(266): warning:  #188-D: enumerated type mixed with another type
              servo_updown(SERVO_DOWN,FAST_MODE,NULL);
..\Drivers\UserDrivers\Key.c(273): warning:  #188-D: enumerated type mixed with another type
             servo_updown(SERVO_UP,FAST_MODE,NULL);
..\Drivers\UserDrivers\Key.c(282): warning:  #188-D: enumerated type mixed with another type
          servo_gripper(SERVO_GRIP,FAST_MODE,NULL);
..\Drivers\UserDrivers\Key.c(289): warning:  #188-D: enumerated type mixed with another type
              servo_gripper(SERVO_RELEASE,FAST_MODE,NULL);
..\Drivers\UserDrivers\Key.c(256): warning:  #177-D: variable "level"  was declared but never referenced
      static gripper_speed level = speed_one;
..\Drivers\UserDrivers\Key.c(343): warning:  #177-D: variable "time_cnt"  was declared but never referenced
      static int time_cnt;
..\Drivers\UserDrivers\Key.c(41): warning:  #177-D: variable "time_tick"  was declared but never referenced
  static uint16_t time_tick = 0; 
..\Drivers\UserDrivers\Key.c: 38 warnings, 0 errors
linking...
Program Size: Code=26316 RO-data=448 RW-data=304 ZI-data=10464  
FromELF: creating hex file...
"MyProject\MyProject.axf" - 0 Error(s), 38 Warning(s).

<h2>Software Packages used:</h2>

Package Vendor: ARM
                http://www.keil.com/pack/ARM.CMSIS.5.9.0.pack
                ARM::CMSIS@5.9.0
                CMSIS (Common Microcontroller Software Interface Standard)
   * Component: CORE Version: 5.6.0

Package Vendor: Keil
                https://www.keil.com/pack/Keil.STM32F4xx_DFP.3.0.0.pack
                Keil::STM32F4xx_DFP@3.0.0
                STMicroelectronics STM32F4 Series Device Support

<h2>Collection of Component include folders:</h2>
  ./RTE/_MyProject
  D:/MyTools/Keil/Arm/Packs/ARM/CMSIS/5.9.0/CMSIS/Core/Include

<h2>Collection of Component Files used:</h2>

   * Component: ARM::CMSIS:CORE@5.6.0
      Include file:  CMSIS/Core/Include/tz_context.h
Build Time Elapsed:  00:00:02
</pre>
</body>
</html>
