Component: ARM Compiler 5.06 update 7 (build 960) Tool: armlink [4d3601]

==============================================================================

Section Cross References

    startup_stm32f405xx.o(RESET) refers to startup_stm32f405xx.o(STACK) for __initial_sp
    startup_stm32f405xx.o(RESET) refers to startup_stm32f405xx.o(.text) for Reset_Handler
    startup_stm32f405xx.o(RESET) refers to stm32f4xx_it.o(i.NMI_Handler) for NMI_Handler
    startup_stm32f405xx.o(RESET) refers to stm32f4xx_it.o(i.HardFault_Handler) for HardFault_Handler
    startup_stm32f405xx.o(RESET) refers to stm32f4xx_it.o(i.MemManage_Handler) for MemManage_Handler
    startup_stm32f405xx.o(RESET) refers to stm32f4xx_it.o(i.BusFault_Handler) for BusFault_Handler
    startup_stm32f405xx.o(RESET) refers to stm32f4xx_it.o(i.UsageFault_Handler) for UsageFault_Handler
    startup_stm32f405xx.o(RESET) refers to stm32f4xx_it.o(i.SVC_Handler) for SVC_Handler
    startup_stm32f405xx.o(RESET) refers to stm32f4xx_it.o(i.DebugMon_Handler) for DebugMon_Handler
    startup_stm32f405xx.o(RESET) refers to stm32f4xx_it.o(i.PendSV_Handler) for PendSV_Handler
    startup_stm32f405xx.o(RESET) refers to stm32f4xx_it.o(i.SysTick_Handler) for SysTick_Handler
    startup_stm32f405xx.o(RESET) refers to stm32f4xx_it.o(i.TIM1_UP_TIM10_IRQHandler) for TIM1_UP_TIM10_IRQHandler
    startup_stm32f405xx.o(RESET) refers to stm32f4xx_it.o(i.TIM3_IRQHandler) for TIM3_IRQHandler
    startup_stm32f405xx.o(RESET) refers to stm32f4xx_it.o(i.TIM4_IRQHandler) for TIM4_IRQHandler
    startup_stm32f405xx.o(RESET) refers to stm32f4xx_it.o(i.USART1_IRQHandler) for USART1_IRQHandler
    startup_stm32f405xx.o(RESET) refers to stm32f4xx_it.o(i.USART3_IRQHandler) for USART3_IRQHandler
    startup_stm32f405xx.o(RESET) refers to stm32f4xx_it.o(i.UART5_IRQHandler) for UART5_IRQHandler
    startup_stm32f405xx.o(RESET) refers to stm32f4xx_it.o(i.OTG_FS_IRQHandler) for OTG_FS_IRQHandler
    startup_stm32f405xx.o(RESET) refers to stm32f4xx_it.o(i.USART6_IRQHandler) for USART6_IRQHandler
    startup_stm32f405xx.o(.text) refers to system_stm32f4xx.o(i.SystemInit) for SystemInit
    startup_stm32f405xx.o(.text) refers to entry.o(.ARM.Collect$$$$00000000) for __main
    main.o(i.SystemClock_Config) refers to memseta.o(.text) for __aeabi_memclr4
    main.o(i.SystemClock_Config) refers to stm32f4xx_hal_rcc.o(i.HAL_RCC_OscConfig) for HAL_RCC_OscConfig
    main.o(i.SystemClock_Config) refers to stm32f4xx_hal_rcc.o(i.HAL_RCC_ClockConfig) for HAL_RCC_ClockConfig
    main.o(i.fputc) refers to stm32f4xx_hal_uart.o(i.HAL_UART_Transmit) for HAL_UART_Transmit
    main.o(i.fputc) refers to usart.o(.bss) for huart3
    main.o(i.main) refers to stm32f4xx_hal.o(i.HAL_Init) for HAL_Init
    main.o(i.main) refers to main.o(i.SystemClock_Config) for SystemClock_Config
    main.o(i.main) refers to gpio.o(i.MX_GPIO_Init) for MX_GPIO_Init
    main.o(i.main) refers to tim.o(i.MX_TIM4_Init) for MX_TIM4_Init
    main.o(i.main) refers to usart.o(i.MX_USART3_UART_Init) for MX_USART3_UART_Init
    main.o(i.main) refers to usart.o(i.MX_USART1_UART_Init) for MX_USART1_UART_Init
    main.o(i.main) refers to adc.o(i.MX_ADC1_Init) for MX_ADC1_Init
    main.o(i.main) refers to i2c.o(i.MX_I2C1_Init) for MX_I2C1_Init
    main.o(i.main) refers to spi.o(i.MX_SPI2_Init) for MX_SPI2_Init
    main.o(i.main) refers to tim.o(i.MX_TIM3_Init) for MX_TIM3_Init
    main.o(i.main) refers to tim.o(i.MX_TIM5_Init) for MX_TIM5_Init
    main.o(i.main) refers to usart.o(i.MX_UART5_Init) for MX_UART5_Init
    main.o(i.main) refers to usart.o(i.MX_USART6_UART_Init) for MX_USART6_UART_Init
    main.o(i.main) refers to usb_device.o(i.MX_USB_DEVICE_Init) for MX_USB_DEVICE_Init
    main.o(i.main) refers to tim.o(i.MX_TIM1_Init) for MX_TIM1_Init
    main.o(i.main) refers to led.o(i.LED_Init) for LED_Init
    main.o(i.main) refers to debug.o(i.DebugInit) for DebugInit
    main.o(i.main) refers to gripper.o(i.servo_init) for servo_init
    main.o(i.main) refers to key.o(i.Key_Init) for Key_Init
    main.o(i.main) refers to tmc2209.o(i.TMC2209_Init) for TMC2209_Init
    main.o(i.main) refers to tmc2209.o(i.TMC2209_SpeedControl) for TMC2209_SpeedControl
    main.o(i.main) refers to key.o(i.Key_task) for Key_task
    main.o(i.main) refers to tim.o(.bss) for htim4
    gpio.o(i.MX_GPIO_Init) refers to memseta.o(.text) for __aeabi_memclr4
    gpio.o(i.MX_GPIO_Init) refers to stm32f4xx_hal_gpio.o(i.HAL_GPIO_WritePin) for HAL_GPIO_WritePin
    gpio.o(i.MX_GPIO_Init) refers to stm32f4xx_hal_gpio.o(i.HAL_GPIO_Init) for HAL_GPIO_Init
    adc.o(i.HAL_ADC_MspDeInit) refers to stm32f4xx_hal_gpio.o(i.HAL_GPIO_DeInit) for HAL_GPIO_DeInit
    adc.o(i.HAL_ADC_MspInit) refers to memseta.o(.text) for __aeabi_memclr4
    adc.o(i.HAL_ADC_MspInit) refers to stm32f4xx_hal_gpio.o(i.HAL_GPIO_Init) for HAL_GPIO_Init
    adc.o(i.MX_ADC1_Init) refers to stm32f4xx_hal_adc.o(i.HAL_ADC_Init) for HAL_ADC_Init
[...]
    state                                    0x2000003b   Data           1  uartface.o(.data)
    .data                                    0x2000003c   Section       28  usbd_desc.o(.data)
    .data                                    0x20000058   Section       50  usbd_desc.o(.data)
    .data                                    0x2000008c   Section       20  usbd_cdc_if.o(.data)
    .data                                    0x200000a0   Section        1  usbd_ctlreq.o(.data)
    cfgidx                                   0x200000a0   Data           1  usbd_ctlreq.o(.data)
    .data                                    0x200000a4   Section       83  usbd_cdc.o(.data)
    CDCInEpAdd                               0x200000a4   Data           1  usbd_cdc.o(.data)
    CDCOutEpAdd                              0x200000a5   Data           1  usbd_cdc.o(.data)
    CDCCmdEpAdd                              0x200000a6   Data           1  usbd_cdc.o(.data)
    USBD_CDC_DeviceQualifierDesc             0x200000a8   Data          10  usbd_cdc.o(.data)
    USBD_CDC_CfgDesc                         0x200000b4   Data          67  usbd_cdc.o(.data)
    .data                                    0x200000f8   Section       56  usbd_cdc.o(.data)
    .bss                                     0x20000130   Section       72  adc.o(.bss)
    .bss                                     0x20000178   Section       84  i2c.o(.bss)
    .bss                                     0x200001cc   Section       88  spi.o(.bss)
    .bss                                     0x20000224   Section      288  tim.o(.bss)
    .bss                                     0x20000344   Section      288  usart.o(.bss)
    .bss                                     0x20000464   Section      512  tmc2209.o(.bss)
    .bss                                     0x20000664   Section      456  debug.o(.bss)
    .bss                                     0x2000082c   Section      514  uartface.o(.bss)
    .bss                                     0x20000a30   Section      732  usb_device.o(.bss)
    .bss                                     0x20000d0c   Section      512  usbd_desc.o(.bss)
    .bss                                     0x20000f0c   Section     4096  usbd_cdc_if.o(.bss)
    .bss                                     0x20001f0c   Section     1796  usbd_conf.o(.bss)
    mem                                      0x20001f0c   Data         544  usbd_conf.o(.bss)
    STACK                                    0x20002610   Section     1024  startup_stm32f405xx.o(STACK)

    Global Symbols

    Symbol Name                              Value     Ov Type        Size  Object(Section)

    BuildAttributes$$THM_ISAv4$E$P$D$K$B$S$7EM$VFPi3$EXTD16$VFPS$VFMA$PE$A:L22UL41UL21$X:L11$S22US41US21$IEEE1$IW$USESV6$~STKCKD$USESV7$~SHL$OSPACE$ROPI$EBA8$MICROLIB$REQ8$PRES8$EABIv2 0x00000000   Number         0  anon$$obj.o ABSOLUTE
    __ARM_use_no_argv                        0x00000000   Number         0  main.o ABSOLUTE
    _printf_a                                0x00000000   Number         0  stubs.o ABSOLUTE
    _printf_c                                0x00000000   Number         0  stubs.o ABSOLUTE
    _printf_charcount                        0x00000000   Number         0  stubs.o ABSOLUTE
    _printf_d                                0x00000000   Number         0  stubs.o ABSOLUTE
    _printf_e                                0x00000000   Number         0  stubs.o ABSOLUTE
    _printf_f                                0x00000000   Number         0  stubs.o ABSOLUTE
    _printf_flags                            0x00000000   Number         0  stubs.o ABSOLUTE
    _printf_fp_dec                           0x00000000   Number         0  stubs.o ABSOLUTE
    _printf_fp_hex                           0x00000000   Number         0  stubs.o ABSOLUTE
    _printf_g                                0x00000000   Number         0  stubs.o ABSOLUTE
    _printf_i                                0x00000000   Number         0  stubs.o ABSOLUTE
    _printf_int_dec                          0x00000000   Number         0  stubs.o ABSOLUTE
    _printf_l                                0x00000000   Number         0  stubs.o ABSOLUTE
    _printf_lc                               0x00000000   Number         0  stubs.o ABSOLUTE
    _printf_ll                               0x00000000   Number         0  stubs.o ABSOLUTE
    _printf_lld                              0x00000000   Number         0  stubs.o ABSOLUTE
    _printf_lli                              0x00000000   Number         0  stubs.o ABSOLUTE
    _printf_llo                              0x00000000   Number         0  stubs.o ABSOLUTE
    _printf_llu                              0x00000000   Number         0  stubs.o ABSOLUTE
    _printf_llx                              0x00000000   Number         0  stubs.o ABSOLUTE
    _printf_longlong_dec                     0x00000000   Number         0  stubs.o ABSOLUTE
    _printf_longlong_hex                     0x00000000   Number         0  stubs.o ABSOLUTE
    _printf_longlong_oct                     0x00000000   Number         0  stubs.o ABSOLUTE
    _printf_ls                               0x00000000   Number         0  stubs.o ABSOLUTE
    _printf_mbtowc                           0x00000000   Number         0  stubs.o ABSOLUTE
    _printf_n                                0x00000000   Number         0  stubs.o ABSOLUTE
    _printf_o                                0x00000000   Number         0  stubs.o ABSOLUTE
    _printf_p                                0x00000000   Number         0  stubs.o ABSOLUTE
    _printf_percent                          0x00000000   Number         0  stubs.o ABSOLUTE
    _printf_pre_padding                      0x00000000   Number         0  stubs.o ABSOLUTE
    _printf_return_value                     0x00000000   Number         0  stubs.o ABSOLUTE
    _printf_s                                0x00000000   Number         0  stubs.o ABSOLUTE
    _printf_sizespec                         0x00000000   Number         0  stubs.o ABSOLUTE
    _printf_str                              0x00000000   Number         0  stubs.o ABSOLUTE
    _printf_truncate_signed                  0x00000000   Number         0  stubs.o ABSOLUTE
    _printf_truncate_unsigned                0x00000000   Number         0  stubs.o ABSOLUTE
    _printf_u                                0x00000000   Number         0  stubs.o ABSOLUTE
    _printf_wc                               0x00000000   Number         0  stubs.o ABSOLUTE
    _printf_wctomb                           0x00000000   Number         0  stubs.o ABSOLUTE
    _printf_widthprec                        0x00000000   Number         0  stubs.o ABSOLUTE
    _printf_x                                0x00000000   Number         0  stubs.o ABSOLUTE
    __arm_fini_                               - Undefined Weak Reference
    __cpp_initialize__aeabi_                  - Undefined Weak Reference
    __cxa_finalize                            - Undefined Weak Reference
    _clock_init                               - Undefined Weak Reference
    _microlib_exit                            - Undefined Weak Reference
    __Vectors_Size                           0x00000188   Number         0  startup_stm32f405xx.o ABSOLUTE
    __Vectors                                0x08000000   Data           4  startup_stm32f405xx.o(RESET)
    __Vectors_End                            0x08000188   Data           0  startup_stm32f405xx.o(RESET)
    __main                                   0x08000189   Thumb Code     0  entry.o(.ARM.Collect$$$$00000000)
    _main_stk                                0x08000189   Thumb Code     0  entry2.o(.ARM.Collect$$$$00000001)
    _main_scatterload                        0x0800018d   Thumb Code     0  entry5.o(.ARM.Collect$$$$00000004)
    __main_after_scatterload                 0x08000191   Thumb Code     0  entry5.o(.ARM.Collect$$$$00000004)
    _main_clock                              0x08000191   Thumb Code     0  entry7b.o(.ARM.Collect$$$$00000008)
    _main_cpp_init                           0x08000191   Thumb Code     0  entry8b.o(.ARM.Collect$$$$0000000A)
    _main_init                               0x08000191   Thumb Code     0  entry9a.o(.ARM.Collect$$$$0000000B)
    __rt_lib_shutdown_fini                   0x08000199   Thumb Code     0  entry12b.o(.ARM.Collect$$$$0000000E)
    __rt_final_cpp                           0x0800019d   Thumb Code     0  entry10a.o(.ARM.Collect$$$$0000000F)
    __rt_final_exit                          0x0800019d   Thumb Code     0  entry11a.o(.ARM.Collect$$$$00000011)
    Reset_Handler                            0x080001a1   Thumb Code     8  startup_stm32f405xx.o(.text)
    ADC_IRQHandler                           0x080001bb   Thumb Code     0  startup_stm32f405xx.o(.text)
    CAN1_RX0_IRQHandler                      0x080001bb   Thumb Code     0  startup_stm32f405xx.o(.text)
    CAN1_RX1_IRQHandler                      0x080001bb   Thumb Code     0  startup_stm32f405xx.o(.text)
    CAN1_SCE_IRQHandler                      0x080001bb   Thumb Code     0  startup_stm32f405xx.o(.text)
    CAN1_TX_IRQHandler                       0x080001bb   Thumb Code     0  startup_stm32f405xx.o(.text)
    CAN2_RX0_IRQHandler                      0x080001bb   Thumb Code     0  startup_stm32f405xx.o(.text)
    CAN2_RX1_IRQHandler                      0x080001bb   Thumb Code     0  startup_stm32f405xx.o(.text)
    CAN2_SCE_IRQHandler                      0x080001bb   Thumb Code     0  startup_stm32f405xx.o(.text)
    CAN2_TX_IRQHandler                       0x080001bb   Thumb Code     0  startup_stm32f405xx.o(.text)
    DMA1_Stream0_IRQHandler                  0x080001bb   Thumb Code     0  startup_stm32f405xx.o(.text)
    DMA1_Stream1_IRQHandler                  0x080001bb   Thumb Code     0  startup_stm32f405xx.o(.text)
    DMA1_Stream2_IRQHandler                  0x080001bb   Thumb Code     0  startup_stm32f405xx.o(.text)
    DMA1_Stream3_IRQHandler                  0x080001bb   Thumb Code     0  startup_stm32f405xx.o(.text)
    DMA1_Stream4_IRQHandler                  0x080001bb   Thumb Code     0  startup_stm32f405xx.o(.text)
    DMA1_Stream5_IRQHandler                  0x080001bb   Thumb Code     0  startup_stm32f405xx.o(.text)
    DMA1_Stream6_IRQHandler                  0x080001bb   Thumb Code     0  startup_stm32f405xx.o(.text)
    DMA1_Stream7_IRQHandler                  0x080001bb   Thumb Code     0  startup_stm32f405xx.o(.text)
    DMA2_Stream0_IRQHandler                  0x080001bb   Thumb Code     0  startup_stm32f405xx.o(.text)
    DMA2_Stream1_IRQHandler                  0x080001bb   Thumb Code     0  startup_stm32f405xx.o(.text)
    DMA2_Stream2_IRQHandler                  0x080001bb   Thumb Code     0  startup_stm32f405xx.o(.text)
    DMA2_Stream3_IRQHandler                  0x080001bb   Thumb Code     0  startup_stm32f405xx.o(.text)
    DMA2_Stream4_IRQHandler                  0x080001bb   Thumb Code     0  startup_stm32f405xx.o(.text)
    DMA2_Stream5_IRQHandler                  0x080001bb   Thumb Code     0  startup_stm32f405xx.o(.text)
    DMA2_Stream6_IRQHandler                  0x080001bb   Thumb Code     0  startup_stm32f405xx.o(.text)
    DMA2_Stream7_IRQHandler                  0x080001bb   Thumb Code     0  startup_stm32f405xx.o(.text)
    EXTI0_IRQHandler                         0x080001bb   Thumb Code     0  startup_stm32f405xx.o(.text)
    EXTI15_10_IRQHandler                     0x080001bb   Thumb Code     0  startup_stm32f405xx.o(.text)
    EXTI1_IRQHandler                         0x080001bb   Thumb Code     0  startup_stm32f405xx.o(.text)
    EXTI2_IRQHandler                         0x080001bb   Thumb Code     0  startup_stm32f405xx.o(.text)
    EXTI3_IRQHandler                         0x080001bb   Thumb Code     0  startup_stm32f405xx.o(.text)
    EXTI4_IRQHandler                         0x080001bb   Thumb Code     0  startup_stm32f405xx.o(.text)
    EXTI9_5_IRQHandler                       0x080001bb   Thumb Code     0  startup_stm32f405xx.o(.text)
    FLASH_IRQHandler                         0x080001bb   Thumb Code     0  startup_stm32f405xx.o(.text)
    FMC_IRQHandler                           0x080001bb   Thumb Code     0  startup_stm32f405xx.o(.text)
    FPU_IRQHandler                           0x080001bb   Thumb Code     0  startup_stm32f405xx.o(.text)
    HASH_RNG_IRQHandler                      0x080001bb   Thumb Code     0  startup_stm32f405xx.o(.text)
    I2C1_ER_IRQHandler                       0x080001bb   Thumb Code     0  startup_stm32f405xx.o(.text)
    I2C1_EV_IRQHandler                       0x080001bb   Thumb Code     0  startup_stm32f405xx.o(.text)
    I2C2_ER_IRQHandler                       0x080001bb   Thumb Code     0  startup_stm32f405xx.o(.text)
    I2C2_EV_IRQHandler                       0x080001bb   Thumb Code     0  startup_stm32f405xx.o(.text)
    I2C3_ER_IRQHandler                       0x080001bb   Thumb Code     0  startup_stm32f405xx.o(.text)
    I2C3_EV_IRQHandler                       0x080001bb   Thumb Code     0  startup_stm32f405xx.o(.text)
    OTG_FS_WKUP_IRQHandler                   0x080001bb   Thumb Code     0  startup_stm32f405xx.o(.text)
    OTG_HS_EP1_IN_IRQHandler                 0x080001bb   Thumb Code     0  startup_stm32f405xx.o(.text)
    OTG_HS_EP1_OUT_IRQHandler                0x080001bb   Thumb Code     0  startup_stm32f405xx.o(.text)
    OTG_HS_IRQHandler                        0x080001bb   Thumb Code     0  startup_stm32f405xx.o(.text)
    OTG_HS_WKUP_IRQHandler                   0x080001bb   Thumb Code     0  startup_stm32f405xx.o(.text)
    PVD_IRQHandler                           0x080001bb   Thumb Code     0  startup_stm32f405xx.o(.text)
    RCC_IRQHandler                           0x080001bb   Thumb Code     0  startup_stm32f405xx.o(.text)
    RTC_Alarm_IRQHandler                     0x080001bb   Thumb Code     0  startup_stm32f405xx.o(.text)
    RTC_WKUP_IRQHandler                      0x080001bb   Thumb Code     0  startup_stm32f405xx.o(.text)
    SDIO_IRQHandler                          0x080001bb   Thumb Code     0  startup_stm32f405xx.o(.text)
    SPI1_IRQHandler                          0x080001bb   Thumb Code     0  startup_stm32f405xx.o(.text)
    SPI2_IRQHandler                          0x080001bb   Thumb Code     0  startup_stm32f405xx.o(.text)
    SPI3_IRQHandler                          0x080001bb   Thumb Code     0  startup_stm32f405xx.o(.text)
    TAMP_STAMP_IRQHandler                    0x080001bb   Thumb Code     0  startup_stm32f405xx.o(.text)
    TIM1_BRK_TIM9_IRQHandler                 0x080001bb   Thumb Code     0  startup_stm32f405xx.o(.text)
    TIM1_CC_IRQHandler                       0x080001bb   Thumb Code     0  startup_stm32f405xx.o(.text)
    TIM1_TRG_COM_TIM11_IRQHandler            0x080001bb   Thumb Code     0  startup_stm32f405xx.o(.text)
    TIM2_IRQHandler                          0x080001bb   Thumb Code     0  startup_stm32f405xx.o(.text)
    TIM5_IRQHandler                          0x080001bb   Thumb Code     0  startup_stm32f405xx.o(.text)
    TIM6_DAC_IRQHandler                      0x080001bb   Thumb Code     0  startup_stm32f405xx.o(.text)
    TIM7_IRQHandler                          0x080001bb   Thumb Code     0  startup_stm32f405xx.o(.text)
    TIM8_BRK_TIM12_IRQHandler                0x080001bb   Thumb Code     0  startup_stm32f405xx.o(.text)
    TIM8_CC_IRQHandler                       0x080001bb   Thumb Code     0  startup_stm32f405xx.o(.text)
    TIM8_TRG_COM_TIM14_IRQHandler            0x080001bb   Thumb Code     0  startup_stm32f405xx.o(.text)
    TIM8_UP_TIM13_IRQHandler                 0x080001bb   Thumb Code     0  startup_stm32f405xx.o(.text)
    UART4_IRQHandler                         0x080001bb   Thumb Code     0  startup_stm32f405xx.o(.text)
    USART2_IRQHandler                        0x080001bb   Thumb Code     0  startup_stm32f405xx.o(.text)
    WWDG_IRQHandler                          0x080001bb   Thumb Code     0  startup_stm32f405xx.o(.text)
    __aeabi_uldivmod                         0x080001c5   Thumb Code    98  uldiv.o(.text)
    __aeabi_memcpy                           0x08000227   Thumb Code    36  memcpya.o(.text)
    __aeabi_memcpy4                          0x08000227   Thumb Code     0  memcpya.o(.text)
    __aeabi_memcpy8                          0x08000227   Thumb Code     0  memcpya.o(.text)
    __aeabi_memset                           0x0800024b   Thumb Code    14  memseta.o(.text)
    __aeabi_memset4                          0x0800024b   Thumb Code     0  memseta.o(.text)
    __aeabi_memset8                          0x0800024b   Thumb Code     0  memseta.o(.text)
    __aeabi_memclr                           0x08000259   Thumb Code     4  memseta.o(.text)
    __aeabi_memclr4                          0x08000259   Thumb Code     0  memseta.o(.text)
    __aeabi_memclr8                          0x08000259   Thumb Code     0  memseta.o(.text)
    _memset$wrapper                          0x0800025d   Thumb Code    18  memseta.o(.text)
    __aeabi_uidiv                            0x0800026f   Thumb Code     0  uidiv.o(.text)
    __aeabi_uidivmod                         0x0800026f   Thumb Code    44  uidiv.o(.text)
    __aeabi_llsl                             0x0800029b   Thumb Code    30  llshl.o(.text)
    _ll_shift_l                              0x0800029b   Thumb Code     0  llshl.o(.text)
    __aeabi_llsr                             0x080002b9   Thumb Code    32  llushr.o(.text)
    _ll_ushift_r                             0x080002b9   Thumb Code     0  llushr.o(.text)
    __I$use$fp                               0x080002d9   Thumb Code     0  iusefp.o(.text)
    __aeabi_dadd                             0x080002d9   Thumb Code   322  dadd.o(.text)
    __aeabi_dsub                             0x0800041b   Thumb Code     6  dadd.o(.text)
    __aeabi_drsub                            0x08000421   Thumb Code     6  dadd.o(.text)
    __aeabi_dmul                             0x08000427   Thumb Code   228  dmul.o(.text)
    __aeabi_ddiv                             0x0800050b   Thumb Code   222  ddiv.o(.text)
    __aeabi_d2ulz                            0x080005e9   Thumb Code    48  dfixul.o(.text)
    __aeabi_cdrcmple                         0x08000619   Thumb Code    48  cdrcmple.o(.text)
    __scatterload                            0x08000649   Thumb Code    28  init.o(.text)
    __scatterload_rt2                        0x08000649   Thumb Code     0  init.o(.text)
    __aeabi_lasr                             0x0800066d   Thumb Code    36  llsshr.o(.text)
    _ll_sshift_r                             0x0800066d   Thumb Code     0  llsshr.o(.text)
    _double_round                            0x08000691   Thumb Code    30  depilogue.o(.text)
    _double_epilogue                         0x080006af   Thumb Code   156  depilogue.o(.text)
    __decompress                             0x0800074b   Thumb Code     0  __dczerorl2.o(.text)
    __decompress1                            0x0800074b   Thumb Code    86  __dczerorl2.o(.text)
    BusFault_Handler                         0x080008c9   Thumb Code     2  stm32f4xx_it.o(i.BusFault_Handler)
    CDC_Transmit_FS                          0x08000915   Thumb Code    38  usbd_cdc_if.o(i.CDC_Transmit_FS)
    DebugInit                                0x08000941   Thumb Code    42  debug.o(i.DebugInit)
    DebugMon_Handler                         0x08000989   Thumb Code     2  stm32f4xx_it.o(i.DebugMon_Handler)
    Error_Handler                            0x0800098b   Thumb Code     4  main.o(i.Error_Handler)
    HAL_ADC_ConfigChannel                    0x08000991   Thumb Code   316  stm32f4xx_hal_adc.o(i.HAL_ADC_ConfigChannel)
    HAL_ADC_Init                             0x08000add   Thumb Code    84  stm32f4xx_hal_adc.o(i.HAL_ADC_Init)
    HAL_ADC_MspInit                          0x08000b31   Thumb Code    84  adc.o(i.HAL_ADC_MspInit)
    HAL_DMA_Abort                            0x08000b91   Thumb Code   146  stm32f4xx_hal_dma.o(i.HAL_DMA_Abort)
    HAL_DMA_Abort_IT                         0x08000c23   Thumb Code    36  stm32f4xx_hal_dma.o(i.HAL_DMA_Abort_IT)
    HAL_Delay                                0x08000c49   Thumb Code    32  stm32f4xx_hal.o(i.HAL_Delay)
    HAL_GPIO_Init                            0x08000c6d   Thumb Code   418  stm32f4xx_hal_gpio.o(i.HAL_GPIO_Init)
    HAL_GPIO_ReadPin                         0x08000e3d   Thumb Code    10  stm32f4xx_hal_gpio.o(i.HAL_GPIO_ReadPin)
    HAL_GPIO_TogglePin                       0x08000e47   Thumb Code    16  stm32f4xx_hal_gpio.o(i.HAL_GPIO_TogglePin)
    HAL_GPIO_WritePin                        0x08000e57   Thumb Code    10  stm32f4xx_hal_gpio.o(i.HAL_GPIO_WritePin)
    HAL_GetTick                              0x08000e61   Thumb Code     6  stm32f4xx_hal.o(i.HAL_GetTick)
    HAL_I2C_Init                             0x08000e6d   Thumb Code   376  stm32f4xx_hal_i2c.o(i.HAL_I2C_Init)
    HAL_I2C_MspInit                          0x08000ff5   Thumb Code    94  i2c.o(i.HAL_I2C_MspInit)
    HAL_IncTick                              0x08001061   Thumb Code    12  stm32f4xx_hal.o(i.HAL_IncTick)
    HAL_Init                                 0x08001071   Thumb Code    48  stm32f4xx_hal.o(i.HAL_Init)
    HAL_InitTick                             0x080010a5   Thumb Code    54  stm32f4xx_hal.o(i.HAL_InitTick)
    HAL_MspInit                              0x080010e5   Thumb Code    42  stm32f4xx_hal_msp.o(i.HAL_MspInit)
    HAL_NVIC_EnableIRQ                       0x08001115   Thumb Code    26  stm32f4xx_hal_cortex.o(i.HAL_NVIC_EnableIRQ)
    HAL_NVIC_SetPriority                     0x08001131   Thumb Code    60  stm32f4xx_hal_cortex.o(i.HAL_NVIC_SetPriority)
    HAL_NVIC_SetPriorityGrouping             0x08001171   Thumb Code    26  stm32f4xx_hal_cortex.o(i.HAL_NVIC_SetPriorityGrouping)
    HAL_PCDEx_LPM_Callback                   0x08001195   Thumb Code     2  stm32f4xx_hal_pcd_ex.o(i.HAL_PCDEx_LPM_Callback)
    HAL_PCDEx_SetRxFiFo                      0x08001197   Thumb Code     8  stm32f4xx_hal_pcd_ex.o(i.HAL_PCDEx_SetRxFiFo)
    HAL_PCDEx_SetTxFiFo                      0x0800119f   Thumb Code    68  stm32f4xx_hal_pcd_ex.o(i.HAL_PCDEx_SetTxFiFo)
    HAL_PCD_ConnectCallback                  0x080011e3   Thumb Code     8  usbd_conf.o(i.HAL_PCD_ConnectCallback)
    HAL_PCD_DataInStageCallback              0x080011eb   Thumb Code    18  usbd_conf.o(i.HAL_PCD_DataInStageCallback)
    HAL_PCD_DataOutStageCallback             0x080011fd   Thumb Code    20  usbd_conf.o(i.HAL_PCD_DataOutStageCallback)
    HAL_PCD_DisconnectCallback               0x08001211   Thumb Code     8  usbd_conf.o(i.HAL_PCD_DisconnectCallback)
    HAL_PCD_EP_Abort                         0x08001219   Thumb Code    30  stm32f4xx_hal_pcd.o(i.HAL_PCD_EP_Abort)
    HAL_PCD_EP_Close                         0x08001237   Thumb Code    74  stm32f4xx_hal_pcd.o(i.HAL_PCD_EP_Close)
    HAL_PCD_EP_ClrStall                      0x08001281   Thumb Code    90  stm32f4xx_hal_pcd.o(i.HAL_PCD_EP_ClrStall)
    HAL_PCD_EP_GetRxCount                    0x080012db   Thumb Code    18  stm32f4xx_hal_pcd.o(i.HAL_PCD_EP_GetRxCount)
    HAL_PCD_EP_Open                          0x080012ed   Thumb Code    98  stm32f4xx_hal_pcd.o(i.HAL_PCD_EP_Open)
    HAL_PCD_EP_Receive                       0x0800134f   Thumb Code    56  stm32f4xx_hal_pcd.o(i.HAL_PCD_EP_Receive)
    HAL_PCD_EP_SetStall                      0x08001387   Thumb Code   114  stm32f4xx_hal_pcd.o(i.HAL_PCD_EP_SetStall)
    HAL_PCD_EP_Transmit                      0x080013f9   Thumb Code    50  stm32f4xx_hal_pcd.o(i.HAL_PCD_EP_Transmit)
    HAL_PCD_IRQHandler                       0x0800142d   Thumb Code  1350  stm32f4xx_hal_pcd.o(i.HAL_PCD_IRQHandler)
    HAL_PCD_ISOINIncompleteCallback          0x08001979   Thumb Code     8  usbd_conf.o(i.HAL_PCD_ISOINIncompleteCallback)
    HAL_PCD_ISOOUTIncompleteCallback         0x08001981   Thumb Code     8  usbd_conf.o(i.HAL_PCD_ISOOUTIncompleteCallback)
    HAL_PCD_Init                             0x08001989   Thumb Code   202  stm32f4xx_hal_pcd.o(i.HAL_PCD_Init)
    HAL_PCD_MspInit                          0x08001a55   Thumb Code   122  usbd_conf.o(i.HAL_PCD_MspInit)
    HAL_PCD_ResetCallback                    0x08001ad9   Thumb Code    44  usbd_conf.o(i.HAL_PCD_ResetCallback)
    HAL_PCD_ResumeCallback                   0x08001b05   Thumb Code     8  usbd_conf.o(i.HAL_PCD_ResumeCallback)
    HAL_PCD_SOFCallback                      0x08001b0d   Thumb Code     8  usbd_conf.o(i.HAL_PCD_SOFCallback)
    HAL_PCD_SetAddress                       0x08001b15   Thumb Code    38  stm32f4xx_hal_pcd.o(i.HAL_PCD_SetAddress)
    HAL_PCD_SetupStageCallback               0x08001b3b   Thumb Code    14  usbd_conf.o(i.HAL_PCD_SetupStageCallback)
    HAL_PCD_Start                            0x08001b49   Thumb Code    66  stm32f4xx_hal_pcd.o(i.HAL_PCD_Start)
    HAL_PCD_SuspendCallback                  0x08001b8d   Thumb Code    44  usbd_conf.o(i.HAL_PCD_SuspendCallback)
    HAL_RCC_ClockConfig                      0x08001bbd   Thumb Code   288  stm32f4xx_hal_rcc.o(i.HAL_RCC_ClockConfig)
    HAL_RCC_GetHCLKFreq                      0x08001cf1   Thumb Code     6  stm32f4xx_hal_rcc.o(i.HAL_RCC_GetHCLKFreq)
    HAL_RCC_GetPCLK1Freq                     0x08001cfd   Thumb Code    20  stm32f4xx_hal_rcc.o(i.HAL_RCC_GetPCLK1Freq)
    HAL_RCC_GetPCLK2Freq                     0x08001d1d   Thumb Code    20  stm32f4xx_hal_rcc.o(i.HAL_RCC_GetPCLK2Freq)
    HAL_RCC_GetSysClockFreq                  0x08001d3d   Thumb Code    88  stm32f4xx_hal_rcc.o(i.HAL_RCC_GetSysClockFreq)
    HAL_RCC_OscConfig                        0x08001d9d   Thumb Code   836  stm32f4xx_hal_rcc.o(i.HAL_RCC_OscConfig)
    HAL_SPI_Init                             0x080020f5   Thumb Code   188  stm32f4xx_hal_spi.o(i.HAL_SPI_Init)
    HAL_SPI_MspInit                          0x080021b1   Thumb Code   128  spi.o(i.HAL_SPI_MspInit)
    HAL_SYSTICK_Config                       0x08002241   Thumb Code    40  stm32f4xx_hal_cortex.o(i.HAL_SYSTICK_Config)
    HAL_TIMEx_BreakCallback                  0x08002269   Thumb Code     2  stm32f4xx_hal_tim_ex.o(i.HAL_TIMEx_BreakCallback)
    HAL_TIMEx_CommutCallback                 0x0800226b   Thumb Code     2  stm32f4xx_hal_tim_ex.o(i.HAL_TIMEx_CommutCallback)
    HAL_TIMEx_MasterConfigSynchronization    0x0800226d   Thumb Code   116  stm32f4xx_hal_tim_ex.o(i.HAL_TIMEx_MasterConfigSynchronization)
    HAL_TIM_Base_Init                        0x080022fd   Thumb Code    90  stm32f4xx_hal_tim.o(i.HAL_TIM_Base_Init)
    HAL_TIM_Base_MspInit                     0x08002359   Thumb Code   148  tim.o(i.HAL_TIM_Base_MspInit)
    HAL_TIM_Base_Start_IT                    0x08002401   Thumb Code   100  stm32f4xx_hal_tim.o(i.HAL_TIM_Base_Start_IT)
    HAL_TIM_ConfigClockSource                0x08002481   Thumb Code   220  stm32f4xx_hal_tim.o(i.HAL_TIM_ConfigClockSource)
    HAL_TIM_IC_CaptureCallback               0x0800255d   Thumb Code     2  stm32f4xx_hal_tim.o(i.HAL_TIM_IC_CaptureCallback)
    HAL_TIM_IRQHandler                       0x0800255f   Thumb Code   304  stm32f4xx_hal_tim.o(i.HAL_TIM_IRQHandler)
    HAL_TIM_MspPostInit                      0x08002691   Thumb Code   142  tim.o(i.HAL_TIM_MspPostInit)
    HAL_TIM_OC_DelayElapsedCallback          0x08002739   Thumb Code     2  stm32f4xx_hal_tim.o(i.HAL_TIM_OC_DelayElapsedCallback)
    HAL_TIM_PWM_ConfigChannel                0x0800273b   Thumb Code   204  stm32f4xx_hal_tim.o(i.HAL_TIM_PWM_ConfigChannel)
    HAL_TIM_PWM_Init                         0x08002807   Thumb Code    90  stm32f4xx_hal_tim.o(i.HAL_TIM_PWM_Init)
    HAL_TIM_PWM_MspInit                      0x08002861   Thumb Code     2  stm32f4xx_hal_tim.o(i.HAL_TIM_PWM_MspInit)
    HAL_TIM_PWM_PulseFinishedCallback        0x08002865   Thumb Code    64  tmc2209.o(i.HAL_TIM_PWM_PulseFinishedCallback)
    HAL_TIM_PWM_Start                        0x080028cd   Thumb Code   178  stm32f4xx_hal_tim.o(i.HAL_TIM_PWM_Start)
    HAL_TIM_PWM_Start_IT                     0x0800299d   Thumb Code   236  stm32f4xx_hal_tim.o(i.HAL_TIM_PWM_Start_IT)
    HAL_TIM_PWM_Stop_IT                      0x08002aa5   Thumb Code   178  stm32f4xx_hal_tim.o(i.HAL_TIM_PWM_Stop_IT)
    HAL_TIM_PeriodElapsedCallback            0x08002b61   Thumb Code    20  key.o(i.HAL_TIM_PeriodElapsedCallback)
    HAL_TIM_TriggerCallback                  0x08002b7d   Thumb Code     2  stm32f4xx_hal_tim.o(i.HAL_TIM_TriggerCallback)
    HAL_UARTEx_RxEventCallback               0x08002b7f   Thumb Code     2  stm32f4xx_hal_uart.o(i.HAL_UARTEx_RxEventCallback)
    HAL_UART_ErrorCallback                   0x08002b81   Thumb Code     2  stm32f4xx_hal_uart.o(i.HAL_UART_ErrorCallback)
    HAL_UART_IRQHandler                      0x08002b85   Thumb Code   618  stm32f4xx_hal_uart.o(i.HAL_UART_IRQHandler)
    HAL_UART_Init                            0x08002df5   Thumb Code   100  stm32f4xx_hal_uart.o(i.HAL_UART_Init)
    HAL_UART_MspInit                         0x08002e59   Thumb Code   374  usart.o(i.HAL_UART_MspInit)
    HAL_UART_Receive_IT                      0x08002ff5   Thumb Code    28  stm32f4xx_hal_uart.o(i.HAL_UART_Receive_IT)
    HAL_UART_RxCpltCallback                  0x08003011   Thumb Code    52  uartface.o(i.HAL_UART_RxCpltCallback)
    HAL_UART_Transmit                        0x08003059   Thumb Code   160  stm32f4xx_hal_uart.o(i.HAL_UART_Transmit)
    HAL_UART_TxCpltCallback                  0x080030f9   Thumb Code     2  stm32f4xx_hal_uart.o(i.HAL_UART_TxCpltCallback)
    HardFault_Handler                        0x080030fb   Thumb Code     2  stm32f4xx_it.o(i.HardFault_Handler)
    Key_GetState                             0x08003133   Thumb Code     4  key.o(i.Key_GetState)
    Key_Init                                 0x08003139   Thumb Code     6  key.o(i.Key_Init)
    Key_stepmotor1_test                      0x08003145   Thumb Code   172  key.o(i.Key_stepmotor1_test)
    Key_task                                 0x08003201   Thumb Code    20  key.o(i.Key_task)
    LED_Init                                 0x08003219   Thumb Code     8  led.o(i.LED_Init)
    LED_Toggle                               0x08003221   Thumb Code     4  led.o(i.LED_Toggle)
    MX_ADC1_Init                             0x08003225   Thumb Code    84  adc.o(i.MX_ADC1_Init)
    MX_GPIO_Init                             0x08003285   Thumb Code   246  gpio.o(i.MX_GPIO_Init)
    MX_I2C1_Init                             0x0800338d   Thumb Code    50  i2c.o(i.MX_I2C1_Init)
    MX_SPI2_Init                             0x080033cd   Thumb Code    60  spi.o(i.MX_SPI2_Init)
    MX_TIM1_Init                             0x08003411   Thumb Code    96  tim.o(i.MX_TIM1_Init)
    MX_TIM3_Init                             0x08003479   Thumb Code   146  tim.o(i.MX_TIM3_Init)
    MX_TIM4_Init                             0x08003515   Thumb Code   146  tim.o(i.MX_TIM4_Init)
    MX_TIM5_Init                             0x080035b1   Thumb Code   180  tim.o(i.MX_TIM5_Init)
    MX_UART5_Init                            0x0800366d   Thumb Code    48  usart.o(i.MX_UART5_Init)
    MX_USART1_UART_Init                      0x080036a5   Thumb Code    48  usart.o(i.MX_USART1_UART_Init)
    MX_USART3_UART_Init                      0x080036dd   Thumb Code    48  usart.o(i.MX_USART3_UART_Init)
    MX_USART6_UART_Init                      0x08003715   Thumb Code    48  usart.o(i.MX_USART6_UART_Init)
    MX_USB_DEVICE_Init                       0x0800374d   Thumb Code    66  usb_device.o(i.MX_USB_DEVICE_Init)
    MemManage_Handler                        0x080037a1   Thumb Code     2  stm32f4xx_it.o(i.MemManage_Handler)
    NMI_Handler                              0x080037a3   Thumb Code     2  stm32f4xx_it.o(i.NMI_Handler)
    OTG_FS_IRQHandler                        0x080037a5   Thumb Code     6  stm32f4xx_it.o(i.OTG_FS_IRQHandler)
    PendSV_Handler                           0x08003915   Thumb Code     2  stm32f4xx_it.o(i.PendSV_Handler)
    SVC_Handler                              0x08003917   Thumb Code     2  stm32f4xx_it.o(i.SVC_Handler)
    SysTick_Handler                          0x08003923   Thumb Code     4  stm32f4xx_it.o(i.SysTick_Handler)
    SystemClock_Config                       0x08003929   Thumb Code   134  main.o(i.SystemClock_Config)
    SystemInit                               0x080039b9   Thumb Code    12  system_stm32f4xx.o(i.SystemInit)
    TIM1_UP_TIM10_IRQHandler                 0x080039c9   Thumb Code     6  stm32f4xx_it.o(i.TIM1_UP_TIM10_IRQHandler)
    TIM3_IRQHandler                          0x080039d5   Thumb Code     6  stm32f4xx_it.o(i.TIM3_IRQHandler)
    TIM4_IRQHandler                          0x080039e1   Thumb Code     6  stm32f4xx_it.o(i.TIM4_IRQHandler)
    TIM_Base_SetConfig                       0x080039ed   Thumb Code   170  stm32f4xx_hal_tim.o(i.TIM_Base_SetConfig)
    TIM_CCxChannelCmd                        0x08003ac5   Thumb Code    26  stm32f4xx_hal_tim.o(i.TIM_CCxChannelCmd)
    TIM_ETR_SetConfig                        0x08003adf   Thumb Code    20  stm32f4xx_hal_tim.o(i.TIM_ETR_SetConfig)
    TIM_OC2_SetConfig                        0x08003b65   Thumb Code    98  stm32f4xx_hal_tim.o(i.TIM_OC2_SetConfig)
    TMC2209_Begain                           0x08003cd1   Thumb Code    62  tmc2209.o(i.TMC2209_Begain)
    TMC2209_Control                          0x08003d19   Thumb Code   110  tmc2209.o(i.TMC2209_Control)
    TMC2209_Init                             0x08003d9d   Thumb Code    82  tmc2209.o(i.TMC2209_Init)
    TMC2209_SpeedControl                     0x08003e05   Thumb Code    86  tmc2209.o(i.TMC2209_SpeedControl)
    UART5_IRQHandler                         0x08003e6d   Thumb Code     6  stm32f4xx_it.o(i.UART5_IRQHandler)
    UART_Start_Receive_IT                    0x080040a5   Thumb Code    54  stm32f4xx_hal_uart.o(i.UART_Start_Receive_IT)
    USART1_IRQHandler                        0x0800414d   Thumb Code     6  stm32f4xx_it.o(i.USART1_IRQHandler)
    USART3_IRQHandler                        0x08004159   Thumb Code     6  stm32f4xx_it.o(i.USART3_IRQHandler)
    USART6_IRQHandler                        0x08004165   Thumb Code     6  stm32f4xx_it.o(i.USART6_IRQHandler)
    USBD_CDC_GetDeviceQualifierDescriptor    0x080042ed   Thumb Code     8  usbd_cdc.o(i.USBD_CDC_GetDeviceQualifierDescriptor)
    USBD_CDC_ReceivePacket                   0x080044c9   Thumb Code    50  usbd_cdc.o(i.USBD_CDC_ReceivePacket)
    USBD_CDC_RegisterInterface               0x08004501   Thumb Code    22  usbd_cdc.o(i.USBD_CDC_RegisterInterface)
    USBD_CDC_SetRxBuffer                     0x08004517   Thumb Code    26  usbd_cdc.o(i.USBD_CDC_SetRxBuffer)
    USBD_CDC_SetTxBuffer                     0x08004531   Thumb Code    30  usbd_cdc.o(i.USBD_CDC_SetTxBuffer)
    USBD_CDC_TransmitPacket                  0x08004625   Thumb Code    76  usbd_cdc.o(i.USBD_CDC_TransmitPacket)
    USBD_ClrClassConfig                      0x08004675   Thumb Code    20  usbd_core.o(i.USBD_ClrClassConfig)
    USBD_CoreFindEP                          0x08004689   Thumb Code     4  usbd_core.o(i.USBD_CoreFindEP)
    USBD_CoreFindIF                          0x0800468d   Thumb Code     4  usbd_core.o(i.USBD_CoreFindIF)
    USBD_CtlContinueRx                       0x08004691   Thumb Code    16  usbd_ioreq.o(i.USBD_CtlContinueRx)
    USBD_CtlContinueSendData                 0x080046a1   Thumb Code    16  usbd_ioreq.o(i.USBD_CtlContinueSendData)
    USBD_CtlError                            0x080046b1   Thumb Code    22  usbd_ctlreq.o(i.USBD_CtlError)
    USBD_CtlPrepareRx                        0x080046c7   Thumb Code    30  usbd_ioreq.o(i.USBD_CtlPrepareRx)
    USBD_CtlReceiveStatus                    0x080046e5   Thumb Code    22  usbd_ioreq.o(i.USBD_CtlReceiveStatus)
    USBD_CtlSendData                         0x080046fb   Thumb Code    26  usbd_ioreq.o(i.USBD_CtlSendData)
    USBD_CtlSendStatus                       0x08004715   Thumb Code    22  usbd_ioreq.o(i.USBD_CtlSendStatus)
    USBD_FS_ConfigStrDescriptor              0x0800472d   Thumb Code    16  usbd_desc.o(i.USBD_FS_ConfigStrDescriptor)
    USBD_FS_DeviceDescriptor                 0x0800474d   Thumb Code     8  usbd_desc.o(i.USBD_FS_DeviceDescriptor)
    USBD_FS_InterfaceStrDescriptor           0x08004759   Thumb Code    16  usbd_desc.o(i.USBD_FS_InterfaceStrDescriptor)
    USBD_FS_LangIDStrDescriptor              0x0800477d   Thumb Code     8  usbd_desc.o(i.USBD_FS_LangIDStrDescriptor)
    USBD_FS_ManufacturerStrDescriptor        0x08004789   Thumb Code    16  usbd_desc.o(i.USBD_FS_ManufacturerStrDescriptor)
    USBD_FS_ProductStrDescriptor             0x080047b1   Thumb Code    16  usbd_desc.o(i.USBD_FS_ProductStrDescriptor)
    USBD_FS_SerialStrDescriptor              0x080047dd   Thumb Code    48  usbd_desc.o(i.USBD_FS_SerialStrDescriptor)
    USBD_GetEpDesc                           0x080048fb   Thumb Code    58  usbd_core.o(i.USBD_GetEpDesc)
    USBD_GetNextDesc                         0x08004949   Thumb Code    14  usbd_core.o(i.USBD_GetNextDesc)
    USBD_GetString                           0x08004957   Thumb Code    78  usbd_ctlreq.o(i.USBD_GetString)
    USBD_Get_USB_Status                      0x080049a5   Thumb Code    24  usbd_conf.o(i.USBD_Get_USB_Status)
    USBD_Init                                0x080049bd   Thumb Code    38  usbd_core.o(i.USBD_Init)
    USBD_LL_ClearStallEP                     0x080049e3   Thumb Code    18  usbd_conf.o(i.USBD_LL_ClearStallEP)
    USBD_LL_CloseEP                          0x080049f5   Thumb Code    18  usbd_conf.o(i.USBD_LL_CloseEP)
    USBD_LL_DataInStage                      0x08004a07   Thumb Code   178  usbd_core.o(i.USBD_LL_DataInStage)
    USBD_LL_DataOutStage                     0x08004ab9   Thumb Code   150  usbd_core.o(i.USBD_LL_DataOutStage)
    USBD_LL_DevConnected                     0x08004b4f   Thumb Code     4  usbd_core.o(i.USBD_LL_DevConnected)
    USBD_LL_DevDisconnected                  0x08004b53   Thumb Code    30  usbd_core.o(i.USBD_LL_DevDisconnected)
    USBD_LL_GetRxDataSize                    0x08004b71   Thumb Code     8  usbd_conf.o(i.USBD_LL_GetRxDataSize)
    USBD_LL_Init                             0x08004b79   Thumb Code    90  usbd_conf.o(i.USBD_LL_Init)
    USBD_LL_IsStallEP                        0x08004bd9   Thumb Code    30  usbd_conf.o(i.USBD_LL_IsStallEP)
    USBD_LL_IsoINIncomplete                  0x08004bf7   Thumb Code    40  usbd_core.o(i.USBD_LL_IsoINIncomplete)
    USBD_LL_IsoOUTIncomplete                 0x08004c1f   Thumb Code    40  usbd_core.o(i.USBD_LL_IsoOUTIncomplete)
    USBD_LL_OpenEP                           0x08004c47   Thumb Code    24  usbd_conf.o(i.USBD_LL_OpenEP)
    USBD_LL_PrepareReceive                   0x08004c5f   Thumb Code    18  usbd_conf.o(i.USBD_LL_PrepareReceive)
    USBD_LL_Reset                            0x08004c71   Thumb Code    92  usbd_core.o(i.USBD_LL_Reset)
    USBD_LL_Resume                           0x08004ccd   Thumb Code    20  usbd_core.o(i.USBD_LL_Resume)
    USBD_LL_SOF                              0x08004ce1   Thumb Code    26  usbd_core.o(i.USBD_LL_SOF)
    USBD_LL_SetSpeed                         0x08004cfb   Thumb Code     6  usbd_core.o(i.USBD_LL_SetSpeed)
    USBD_LL_SetUSBAddress                    0x08004d01   Thumb Code    18  usbd_conf.o(i.USBD_LL_SetUSBAddress)
    USBD_LL_SetupStage                       0x08004d13   Thumb Code    96  usbd_core.o(i.USBD_LL_SetupStage)
    USBD_LL_StallEP                          0x08004d73   Thumb Code    18  usbd_conf.o(i.USBD_LL_StallEP)
    USBD_LL_Start                            0x08004d85   Thumb Code    18  usbd_conf.o(i.USBD_LL_Start)
    USBD_LL_Suspend                          0x08004d97   Thumb Code    26  usbd_core.o(i.USBD_LL_Suspend)
    USBD_LL_Transmit                         0x08004db1   Thumb Code    18  usbd_conf.o(i.USBD_LL_Transmit)
    USBD_ParseSetupRequest                   0x08004dc3   Thumb Code    48  usbd_ctlreq.o(i.USBD_ParseSetupRequest)
    USBD_RegisterClass                       0x08004df3   Thumb Code    58  usbd_core.o(i.USBD_RegisterClass)
    USBD_SetClassConfig                      0x08004e2d   Thumb Code    20  usbd_core.o(i.USBD_SetClassConfig)
    USBD_Start                               0x08004ef9   Thumb Code     4  usbd_core.o(i.USBD_Start)
    USBD_StdDevReq                           0x08004efd   Thumb Code   300  usbd_ctlreq.o(i.USBD_StdDevReq)
    USBD_StdEPReq                            0x08005029   Thumb Code   352  usbd_ctlreq.o(i.USBD_StdEPReq)
    USBD_StdItfReq                           0x08005189   Thumb Code   114  usbd_ctlreq.o(i.USBD_StdItfReq)
    USBD_static_free                         0x080051fb   Thumb Code     2  usbd_conf.o(i.USBD_static_free)
    USBD_static_malloc                       0x080051fd   Thumb Code     4  usbd_conf.o(i.USBD_static_malloc)
    USB_ActivateEndpoint                     0x08005205   Thumb Code   122  stm32f4xx_ll_usb.o(i.USB_ActivateEndpoint)
    USB_ActivateSetup                        0x08005285   Thumb Code    28  stm32f4xx_ll_usb.o(i.USB_ActivateSetup)
    USB_CoreInit                             0x080052a1   Thumb Code   126  stm32f4xx_ll_usb.o(i.USB_CoreInit)
    USB_DeactivateEndpoint                   0x08005361   Thumb Code   198  stm32f4xx_ll_usb.o(i.USB_DeactivateEndpoint)
    USB_DevConnect                           0x08005431   Thumb Code    28  stm32f4xx_ll_usb.o(i.USB_DevConnect)
    USB_DevDisconnect                        0x0800544d   Thumb Code    28  stm32f4xx_ll_usb.o(i.USB_DevDisconnect)
    USB_DevInit                              0x08005469   Thumb Code   358  stm32f4xx_ll_usb.o(i.USB_DevInit)
    USB_DisableGlobalInt                     0x080055d9   Thumb Code    12  stm32f4xx_ll_usb.o(i.USB_DisableGlobalInt)
    USB_EP0_OutStart                         0x080055e5   Thumb Code    84  stm32f4xx_ll_usb.o(i.USB_EP0_OutStart)
    USB_EPClearStall                         0x0800563d   Thumb Code    88  stm32f4xx_ll_usb.o(i.USB_EPClearStall)
    USB_EPSetStall                           0x08005695   Thumb Code    88  stm32f4xx_ll_usb.o(i.USB_EPSetStall)
    USB_EPStartXfer                          0x080056ed   Thumb Code   562  stm32f4xx_ll_usb.o(i.USB_EPStartXfer)
    USB_EPStopXfer                           0x08005925   Thumb Code   156  stm32f4xx_ll_usb.o(i.USB_EPStopXfer)
    USB_EnableGlobalInt                      0x080059c1   Thumb Code    12  stm32f4xx_ll_usb.o(i.USB_EnableGlobalInt)
    USB_FlushRxFifo                          0x080059cd   Thumb Code    56  stm32f4xx_ll_usb.o(i.USB_FlushRxFifo)
    USB_FlushTxFifo                          0x08005a05   Thumb Code    60  stm32f4xx_ll_usb.o(i.USB_FlushTxFifo)
    USB_GetDevSpeed                          0x08005a41   Thumb Code    26  stm32f4xx_ll_usb.o(i.USB_GetDevSpeed)
    USB_GetMode                              0x08005a5b   Thumb Code     8  stm32f4xx_ll_usb.o(i.USB_GetMode)
    USB_ReadDevAllInEpInterrupt              0x08005a63   Thumb Code    14  stm32f4xx_ll_usb.o(i.USB_ReadDevAllInEpInterrupt)
    USB_ReadDevAllOutEpInterrupt             0x08005a71   Thumb Code    14  stm32f4xx_ll_usb.o(i.USB_ReadDevAllOutEpInterrupt)
    USB_ReadDevInEPInterrupt                 0x08005a7f   Thumb Code    36  stm32f4xx_ll_usb.o(i.USB_ReadDevInEPInterrupt)
    USB_ReadDevOutEPInterrupt                0x08005aa3   Thumb Code    16  stm32f4xx_ll_usb.o(i.USB_ReadDevOutEPInterrupt)
    USB_ReadInterrupts                       0x08005ab3   Thumb Code     8  stm32f4xx_ll_usb.o(i.USB_ReadInterrupts)
    USB_ReadPacket                           0x08005abb   Thumb Code    62  stm32f4xx_ll_usb.o(i.USB_ReadPacket)
    USB_SetCurrentMode                       0x08005af9   Thumb Code    92  stm32f4xx_ll_usb.o(i.USB_SetCurrentMode)
    USB_SetDevAddress                        0x08005b55   Thumb Code    34  stm32f4xx_ll_usb.o(i.USB_SetDevAddress)
    USB_SetTurnaroundTime                    0x08005b79   Thumb Code   158  stm32f4xx_ll_usb.o(i.USB_SetTurnaroundTime)
    USB_WritePacket                          0x08005c61   Thumb Code    38  stm32f4xx_ll_usb.o(i.USB_WritePacket)
    UsageFault_Handler                       0x08005d2d   Thumb Code     2  stm32f4xx_it.o(i.UsageFault_Handler)
    __0sprintf                               0x08005d31   Thumb Code    34  printfa.o(i.__0sprintf)
    __1sprintf                               0x08005d31   Thumb Code     0  printfa.o(i.__0sprintf)
    __2sprintf                               0x08005d31   Thumb Code     0  printfa.o(i.__0sprintf)
    __c89sprintf                             0x08005d31   Thumb Code     0  printfa.o(i.__0sprintf)
    sprintf                                  0x08005d31   Thumb Code     0  printfa.o(i.__0sprintf)
    __scatterload_copy                       0x08005d79   Thumb Code    14  handlers.o(i.__scatterload_copy)
    __scatterload_null                       0x08005d87   Thumb Code     2  handlers.o(i.__scatterload_null)
    __scatterload_zeroinit                   0x08005d89   Thumb Code    14  handlers.o(i.__scatterload_zeroinit)
    debugprocess                             0x0800662d   Thumb Code    78  debug.o(i.debugprocess)
    key_press                                0x080066b5   Thumb Code   216  key.o(i.key_press)
    main                                     0x08006799   Thumb Code   122  main.o(i.main)
    servo_init                               0x08006821   Thumb Code    48  gripper.o(i.servo_init)
    AHBPrescTable                            0x08006854   Data          16  system_stm32f4xx.o(.constdata)
    APBPrescTable                            0x08006864   Data           8  system_stm32f4xx.o(.constdata)
    Region$$Table$$Base                      0x0800686c   Number         0  anon$$obj.o(Region$$Table)
    Region$$Table$$Limit                     0x0800688c   Number         0  anon$$obj.o(Region$$Table)
    uwTickFreq                               0x20000000   Data           1  stm32f4xx_hal.o(.data)
    uwTickPrio                               0x20000004   Data           4  stm32f4xx_hal.o(.data)
    uwTick                                   0x20000008   Data           4  stm32f4xx_hal.o(.data)
    SystemCoreClock                          0x2000000c   Data           4  system_stm32f4xx.o(.data)
    usecircal                                0x20000010   Data           4  tmc2209.o(.data)
    caputure_spcial                          0x20000014   Data           1  debug.o(.data)
    rx_cnt                                   0x20000015   Data           1  debug.o(.data)
    debugrx                                  0x20000016   Data           1  debug.o(.data)
    Motor_pulse_cnt                          0x20000030   Data           4  key.o(.data)
    Motor_circle_cnt                         0x20000034   Data           4  key.o(.data)
    Uart6_buf_index                          0x20000038   Data           1  uartface.o(.data)
    data_len                                 0x20000039   Data           1  uartface.o(.data)
    checksum                                 0x2000003a   Data           1  uartface.o(.data)
    FS_Desc                                  0x2000003c   Data          28  usbd_desc.o(.data)
    USBD_LangIDDesc                          0x20000058   Data           4  usbd_desc.o(.data)
    USBD_FS_DeviceDesc                       0x2000005c   Data          18  usbd_desc.o(.data)
    USBD_StringSerial                        0x20000070   Data          26  usbd_desc.o(.data)
    USBD_Interface_fops_FS                   0x2000008c   Data          20  usbd_cdc_if.o(.data)
    USBD_CDC                                 0x200000f8   Data          56  usbd_cdc.o(.data)
    hadc1                                    0x20000130   Data          72  adc.o(.bss)
    hi2c1                                    0x20000178   Data          84  i2c.o(.bss)
    hspi2                                    0x200001cc   Data          88  spi.o(.bss)
    htim1                                    0x20000224   Data          72  tim.o(.bss)
    htim3                                    0x2000026c   Data          72  tim.o(.bss)
    htim4                                    0x200002b4   Data          72  tim.o(.bss)
    htim5                                    0x200002fc   Data          72  tim.o(.bss)
    huart5                                   0x20000344   Data          72  usart.o(.bss)
    huart1                                   0x2000038c   Data          72  usart.o(.bss)
    huart3                                   0x200003d4   Data          72  usart.o(.bss)
    huart6                                   0x2000041c   Data          72  usart.o(.bss)
    usb_tx_virtual_com                       0x20000464   Data         256  tmc2209.o(.bss)
    tmc2209_rx_data                          0x20000564   Data         256  tmc2209.o(.bss)
    debugstring                              0x20000664   Data         100  debug.o(.bss)
    debugbuffer                              0x200006c8   Data         100  debug.o(.bss)
    save_buffer                              0x2000072c   Data         256  debug.o(.bss)
    buffer_rx                                0x2000082c   Data         258  uartface.o(.bss)
    Uart6_RxBuffer                           0x2000092e   Data         256  uartface.o(.bss)
    hUsbDeviceFS                             0x20000a30   Data         732  usb_device.o(.bss)
    USBD_StrDesc                             0x20000d0c   Data         512  usbd_desc.o(.bss)
    UserRxBufferFS                           0x20000f0c   Data        2048  usbd_cdc_if.o(.bss)
    UserTxBufferFS                           0x2000170c   Data        2048  usbd_cdc_if.o(.bss)
    hpcd_USB_OTG_FS                          0x2000212c   Data        1252  usbd_conf.o(.bss)
    __initial_sp                             0x20002a10   Data           0  startup_stm32f405xx.o(STACK)



==============================================================================

Memory Map of the image

  Image Entry point : 0x08000189

  Load Region LR_IROM1 (Base: 0x08000000, Size: 0x000069bc, Max: 0x00100000, ABSOLUTE, COMPRESSED[0x00006948])

    Execution Region ER_IROM1 (Exec base: 0x08000000, Load base: 0x08000000, Size: 0x0000688c, Max: 0x00100000, ABSOLUTE)

    Exec Addr    Load Addr    Size         Type   Attr      Idx    E Section Name        Object

    0x08000000   0x08000000   0x00000188   Data   RO            3    RESET               startup_stm32f405xx.o
    0x08000188   0x08000188   0x00000000   Code   RO         6065  * .ARM.Collect$$$$00000000  mc_w.l(entry.o)
    0x08000188   0x08000188   0x00000004   Code   RO         6339    .ARM.Collect$$$$00000001  mc_w.l(entry2.o)
    0x0800018c   0x0800018c   0x00000004   Code   RO         6342    .ARM.Collect$$$$00000004  mc_w.l(entry5.o)
    0x08000190   0x08000190   0x00000000   Code   RO         6344    .ARM.Collect$$$$00000008  mc_w.l(entry7b.o)
    0x08000190   0x08000190   0x00000000   Code   RO         6346    .ARM.Collect$$$$0000000A  mc_w.l(entry8b.o)
    0x08000190   0x08000190   0x00000008   Code   RO         6347    .ARM.Collect$$$$0000000B  mc_w.l(entry9a.o)
    0x08000198   0x08000198   0x00000004   Code   RO         6354    .ARM.Collect$$$$0000000E  mc_w.l(entry12b.o)
    0x0800019c   0x0800019c   0x00000000   Code   RO         6349    .ARM.Collect$$$$0000000F  mc_w.l(entry10a.o)
    0x0800019c   0x0800019c   0x00000000   Code   RO         6351    .ARM.Collect$$$$00000011  mc_w.l(entry11a.o)
    0x0800019c   0x0800019c   0x00000004   Code   RO         6340    .ARM.Collect$$$$00002712  mc_w.l(entry2.o)
    0x080001a0   0x080001a0   0x00000024   Code   RO            4    .text               startup_stm32f405xx.o
    0x080001c4   0x080001c4   0x00000062   Code   RO         6068    .text               mc_w.l(uldiv.o)
    0x08000226   0x08000226   0x00000024   Code   RO         6070    .text               mc_w.l(memcpya.o)
    0x0800024a   0x0800024a   0x00000024   Code   RO         6072    .text               mc_w.l(memseta.o)
    0x0800026e   0x0800026e   0x0000002c   Code   RO         6356    .text               mc_w.l(uidiv.o)
    0x0800029a   0x0800029a   0x0000001e   Code   RO         6358    .text               mc_w.l(llshl.o)
    0x080002b8   0x080002b8   0x00000020   Code   RO         6360    .text               mc_w.l(llushr.o)
    0x080002d8   0x080002d8   0x00000000   Code   RO         6362    .text               mc_w.l(iusefp.o)
    0x080002d8   0x080002d8   0x0000014e   Code   RO         6363    .text               mf_w.l(dadd.o)
    0x08000426   0x08000426   0x000000e4   Code   RO         6365    .text               mf_w.l(dmul.o)
    0x0800050a   0x0800050a   0x000000de   Code   RO         6367    .text               mf_w.l(ddiv.o)
    0x080005e8   0x080005e8   0x00000030   Code   RO         6369    .text               mf_w.l(dfixul.o)
    0x08000618   0x08000618   0x00000030   Code   RO         6371    .text               mf_w.l(cdrcmple.o)
    0x08000648   0x08000648   0x00000024   Code   RO         6373    .text               mc_w.l(init.o)
    0x0800066c   0x0800066c   0x00000024   Code   RO         6375    .text               mc_w.l(llsshr.o)
    0x08000690   0x08000690   0x000000ba   Code   RO         6377    .text               mf_w.l(depilogue.o)
    0x0800074a   0x0800074a   0x00000056   Code   RO         6387    .text               mc_w.l(__dczerorl2.o)
    0x080007a0   0x080007a0   0x00000128   Code   RO         2408    i.ADC_Init          stm32f4xx_hal_adc.o
    0x080008c8   0x080008c8   0x00000002   Code   RO          522    i.BusFault_Handler  stm32f4xx_it.o
    0x080008ca   0x080008ca   0x00000004   Code   RO         5401    i.CDC_Control_FS    usbd_cdc_if.o
    0x080008ce   0x080008ce   0x00000004   Code   RO         5402    i.CDC_DeInit_FS     usbd_cdc_if.o
    0x080008d2   0x080008d2   0x00000002   PAD
    0x080008d4   0x080008d4   0x00000024   Code   RO         5403    i.CDC_Init_FS       usbd_cdc_if.o
    0x080008f8   0x080008f8   0x00000018   Code   RO         5404    i.CDC_Receive_FS    usbd_cdc_if.o
    0x08000910   0x08000910   0x00000004   Code   RO         5405    i.CDC_TransmitCplt_FS  usbd_cdc_if.o
    0x08000914   0x08000914   0x0000002c   Code   RO         5406    i.CDC_Transmit_FS   usbd_cdc_if.o
    0x08000940   0x08000940   0x00000048   Code   RO         4936    i.DebugInit         debug.o
    0x08000988   0x08000988   0x00000002   Code   RO          523    i.DebugMon_Handler  stm32f4xx_it.o
    0x0800098a   0x0800098a   0x00000004   Code   RO           13    i.Error_Handler     main.o
    0x0800098e   0x0800098e   0x00000002   PAD
    0x08000990   0x08000990   0x0000014c   Code   RO         2410    i.HAL_ADC_ConfigChannel  stm32f4xx_hal_adc.o
    0x08000adc   0x08000adc   0x00000054   Code   RO         2419    i.HAL_ADC_Init      stm32f4xx_hal_adc.o
    0x08000b30   0x08000b30   0x00000060   Code   RO          271    i.HAL_ADC_MspInit   adc.o
    0x08000b90   0x08000b90   0x00000092   Code   RO         1717    i.HAL_DMA_Abort     stm32f4xx_hal_dma.o
    0x08000c22   0x08000c22   0x00000024   Code   RO         1718    i.HAL_DMA_Abort_IT  stm32f4xx_hal_dma.o
    0x08000c46   0x08000c46   0x00000002   PAD
    0x08000c48   0x08000c48   0x00000024   Code   RO         2154    i.HAL_Delay         stm32f4xx_hal.o
    0x08000c6c   0x08000c6c   0x000001d0   Code   RO         1610    i.HAL_GPIO_Init     stm32f4xx_hal_gpio.o
    0x08000e3c   0x08000e3c   0x0000000a   Code   RO         1612    i.HAL_GPIO_ReadPin  stm32f4xx_hal_gpio.o
    0x08000e46   0x08000e46   0x00000010   Code   RO         1613    i.HAL_GPIO_TogglePin  stm32f4xx_hal_gpio.o
    0x08000e56   0x08000e56   0x0000000a   Code   RO         1614    i.HAL_GPIO_WritePin  stm32f4xx_hal_gpio.o
    0x08000e60   0x08000e60   0x0000000c   Code   RO         2160    i.HAL_GetTick       stm32f4xx_hal.o
    0x08000e6c   0x08000e6c   0x00000188   Code   RO         2694    i.HAL_I2C_Init      stm32f4xx_hal_i2c.o
    0x08000ff4   0x08000ff4   0x0000006c   Code   RO          313    i.HAL_I2C_MspInit   i2c.o
    0x08001060   0x08001060   0x00000010   Code   RO         2166    i.HAL_IncTick       stm32f4xx_hal.o
    0x08001070   0x08001070   0x00000034   Code   RO         2167    i.HAL_Init          stm32f4xx_hal.o
    0x080010a4   0x080010a4   0x00000040   Code   RO         2168    i.HAL_InitTick      stm32f4xx_hal.o
    0x080010e4   0x080010e4   0x00000030   Code   RO          646    i.HAL_MspInit       stm32f4xx_hal_msp.o
    0x08001114   0x08001114   0x0000001a   Code   RO         2002    i.HAL_NVIC_EnableIRQ  stm32f4xx_hal_cortex.o
    0x0800112e   0x0800112e   0x00000002   PAD
    0x08001130   0x08001130   0x00000040   Code   RO         2008    i.HAL_NVIC_SetPriority  stm32f4xx_hal_cortex.o
    0x08001170   0x08001170   0x00000024   Code   RO         2009    i.HAL_NVIC_SetPriorityGrouping  stm32f4xx_hal_cortex.o
    0x08001194   0x08001194   0x00000002   Code   RO          909    i.HAL_PCDEx_LPM_Callback  stm32f4xx_hal_pcd_ex.o
    0x08001196   0x08001196   0x00000008   Code   RO          910    i.HAL_PCDEx_SetRxFiFo  stm32f4xx_hal_pcd_ex.o
    0x0800119e   0x0800119e   0x00000044   Code   RO          911    i.HAL_PCDEx_SetTxFiFo  stm32f4xx_hal_pcd_ex.o
    0x080011e2   0x080011e2   0x00000008   Code   RO         5458    i.HAL_PCD_ConnectCallback  usbd_conf.o
    0x080011ea   0x080011ea   0x00000012   Code   RO         5459    i.HAL_PCD_DataInStageCallback  usbd_conf.o
    0x080011fc   0x080011fc   0x00000014   Code   RO         5460    i.HAL_PCD_DataOutStageCallback  usbd_conf.o
    0x08001210   0x08001210   0x00000008   Code   RO         5461    i.HAL_PCD_DisconnectCallback  usbd_conf.o
    0x08001218   0x08001218   0x0000001e   Code   RO          679    i.HAL_PCD_EP_Abort  stm32f4xx_hal_pcd.o
    0x08001236   0x08001236   0x0000004a   Code   RO          680    i.HAL_PCD_EP_Close  stm32f4xx_hal_pcd.o
    0x08001280   0x08001280   0x0000005a   Code   RO          681    i.HAL_PCD_EP_ClrStall  stm32f4xx_hal_pcd.o
    0x080012da   0x080012da   0x00000012   Code   RO          683    i.HAL_PCD_EP_GetRxCount  stm32f4xx_hal_pcd.o
    0x080012ec   0x080012ec   0x00000062   Code   RO          684    i.HAL_PCD_EP_Open   stm32f4xx_hal_pcd.o
    0x0800134e   0x0800134e   0x00000038   Code   RO          685    i.HAL_PCD_EP_Receive  stm32f4xx_hal_pcd.o
    0x08001386   0x08001386   0x00000072   Code   RO          686    i.HAL_PCD_EP_SetStall  stm32f4xx_hal_pcd.o
    0x080013f8   0x080013f8   0x00000032   Code   RO          687    i.HAL_PCD_EP_Transmit  stm32f4xx_hal_pcd.o
    0x0800142a   0x0800142a   0x00000002   PAD
    0x0800142c   0x0800142c   0x0000054c   Code   RO          689    i.HAL_PCD_IRQHandler  stm32f4xx_hal_pcd.o
    0x08001978   0x08001978   0x00000008   Code   RO         5462    i.HAL_PCD_ISOINIncompleteCallback  usbd_conf.o
    0x08001980   0x08001980   0x00000008   Code   RO         5463    i.HAL_PCD_ISOOUTIncompleteCallback  usbd_conf.o
    0x08001988   0x08001988   0x000000ca   Code   RO          692    i.HAL_PCD_Init      stm32f4xx_hal_pcd.o
    0x08001a52   0x08001a52   0x00000002   PAD
    0x08001a54   0x08001a54   0x00000084   Code   RO         5465    i.HAL_PCD_MspInit   usbd_conf.o
    0x08001ad8   0x08001ad8   0x0000002c   Code   RO         5466    i.HAL_PCD_ResetCallback  usbd_conf.o
    0x08001b04   0x08001b04   0x00000008   Code   RO         5467    i.HAL_PCD_ResumeCallback  usbd_conf.o
    0x08001b0c   0x08001b0c   0x00000008   Code   RO         5468    i.HAL_PCD_SOFCallback  usbd_conf.o
    0x08001b14   0x08001b14   0x00000026   Code   RO          698    i.HAL_PCD_SetAddress  stm32f4xx_hal_pcd.o
    0x08001b3a   0x08001b3a   0x0000000e   Code   RO         5469    i.HAL_PCD_SetupStageCallback  usbd_conf.o
    0x08001b48   0x08001b48   0x00000042   Code   RO          701    i.HAL_PCD_Start     stm32f4xx_hal_pcd.o
    0x08001b8a   0x08001b8a   0x00000002   PAD
    0x08001b8c   0x08001b8c   0x00000030   Code   RO         5470    i.HAL_PCD_SuspendCallback  usbd_conf.o
    0x08001bbc   0x08001bbc   0x00000134   Code   RO         1256    i.HAL_RCC_ClockConfig  stm32f4xx_hal_rcc.o
    0x08001cf0   0x08001cf0   0x0000000c   Code   RO         1261    i.HAL_RCC_GetHCLKFreq  stm32f4xx_hal_rcc.o
    0x08001cfc   0x08001cfc   0x00000020   Code   RO         1263    i.HAL_RCC_GetPCLK1Freq  stm32f4xx_hal_rcc.o
    0x08001d1c   0x08001d1c   0x00000020   Code   RO         1264    i.HAL_RCC_GetPCLK2Freq  stm32f4xx_hal_rcc.o
    0x08001d3c   0x08001d3c   0x00000060   Code   RO         1265    i.HAL_RCC_GetSysClockFreq  stm32f4xx_hal_rcc.o
    0x08001d9c   0x08001d9c   0x00000358   Code   RO         1268    i.HAL_RCC_OscConfig  stm32f4xx_hal_rcc.o
    0x080020f4   0x080020f4   0x000000bc   Code   RO         3149    i.HAL_SPI_Init      stm32f4xx_hal_spi.o
    0x080021b0   0x080021b0   0x00000090   Code   RO          355    i.HAL_SPI_MspInit   spi.o
    0x08002240   0x08002240   0x00000028   Code   RO         2013    i.HAL_SYSTICK_Config  stm32f4xx_hal_cortex.o
    0x08002268   0x08002268   0x00000002   Code   RO         4166    i.HAL_TIMEx_BreakCallback  stm32f4xx_hal_tim_ex.o
    0x0800226a   0x0800226a   0x00000002   Code   RO         4167    i.HAL_TIMEx_CommutCallback  stm32f4xx_hal_tim_ex.o
    0x0800226c   0x0800226c   0x00000090   Code   RO         4185    i.HAL_TIMEx_MasterConfigSynchronization  stm32f4xx_hal_tim_ex.o
    0x080022fc   0x080022fc   0x0000005a   Code   RO         3462    i.HAL_TIM_Base_Init  stm32f4xx_hal_tim.o
    0x08002356   0x08002356   0x00000002   PAD
    0x08002358   0x08002358   0x000000a8   Code   RO          397    i.HAL_TIM_Base_MspInit  tim.o
    0x08002400   0x08002400   0x00000080   Code   RO         3467    i.HAL_TIM_Base_Start_IT  stm32f4xx_hal_tim.o
    0x08002480   0x08002480   0x000000dc   Code   RO         3471    i.HAL_TIM_ConfigClockSource  stm32f4xx_hal_tim.o
    0x0800255c   0x0800255c   0x00000002   Code   RO         3496    i.HAL_TIM_IC_CaptureCallback  stm32f4xx_hal_tim.o
    0x0800255e   0x0800255e   0x00000130   Code   RO         3510    i.HAL_TIM_IRQHandler  stm32f4xx_hal_tim.o
    0x0800268e   0x0800268e   0x00000002   PAD
    0x08002690   0x08002690   0x000000a8   Code   RO          398    i.HAL_TIM_MspPostInit  tim.o
    0x08002738   0x08002738   0x00000002   Code   RO         3513    i.HAL_TIM_OC_DelayElapsedCallback  stm32f4xx_hal_tim.o
    0x0800273a   0x0800273a   0x000000cc   Code   RO         3534    i.HAL_TIM_PWM_ConfigChannel  stm32f4xx_hal_tim.o
    0x08002806   0x08002806   0x0000005a   Code   RO         3537    i.HAL_TIM_PWM_Init  stm32f4xx_hal_tim.o
    0x08002860   0x08002860   0x00000002   Code   RO         3539    i.HAL_TIM_PWM_MspInit  stm32f4xx_hal_tim.o
    0x08002862   0x08002862   0x00000002   PAD
    0x08002864   0x08002864   0x00000068   Code   RO         4834    i.HAL_TIM_PWM_PulseFinishedCallback  tmc2209.o
    0x080028cc   0x080028cc   0x000000d0   Code   RO         3542    i.HAL_TIM_PWM_Start  stm32f4xx_hal_tim.o
    0x0800299c   0x0800299c   0x00000108   Code   RO         3544    i.HAL_TIM_PWM_Start_IT  stm32f4xx_hal_tim.o
    0x08002aa4   0x08002aa4   0x000000bc   Code   RO         3547    i.HAL_TIM_PWM_Stop_IT  stm32f4xx_hal_tim.o
    0x08002b60   0x08002b60   0x0000001c   Code   RO         5106    i.HAL_TIM_PeriodElapsedCallback  key.o
    0x08002b7c   0x08002b7c   0x00000002   Code   RO         3553    i.HAL_TIM_TriggerCallback  stm32f4xx_hal_tim.o
    0x08002b7e   0x08002b7e   0x00000002   Code   RO         4445    i.HAL_UARTEx_RxEventCallback  stm32f4xx_hal_uart.o
    0x08002b80   0x08002b80   0x00000002   Code   RO         4459    i.HAL_UART_ErrorCallback  stm32f4xx_hal_uart.o
    0x08002b82   0x08002b82   0x00000002   PAD
    0x08002b84   0x08002b84   0x00000270   Code   RO         4462    i.HAL_UART_IRQHandler  stm32f4xx_hal_uart.o
    0x08002df4   0x08002df4   0x00000064   Code   RO         4463    i.HAL_UART_Init     stm32f4xx_hal_uart.o
    0x08002e58   0x08002e58   0x0000019c   Code   RO          463    i.HAL_UART_MspInit  usart.o
    0x08002ff4   0x08002ff4   0x0000001c   Code   RO         4468    i.HAL_UART_Receive_IT  stm32f4xx_hal_uart.o
    0x08003010   0x08003010   0x00000048   Code   RO         5204    i.HAL_UART_RxCpltCallback  uartface.o
    0x08003058   0x08003058   0x000000a0   Code   RO         4471    i.HAL_UART_Transmit  stm32f4xx_hal_uart.o
    0x080030f8   0x080030f8   0x00000002   Code   RO         4474    i.HAL_UART_TxCpltCallback  stm32f4xx_hal_uart.o
    0x080030fa   0x080030fa   0x00000002   Code   RO          524    i.HardFault_Handler  stm32f4xx_it.o
    0x080030fc   0x080030fc   0x00000036   Code   RO         5315    i.IntToUnicode      usbd_desc.o
    0x08003132   0x08003132   0x00000004   Code   RO         5107    i.Key_GetState      key.o
    0x08003136   0x08003136   0x00000002   PAD
    0x08003138   0x08003138   0x0000000c   Code   RO         5108    i.Key_Init          key.o
    0x08003144   0x08003144   0x000000bc   Code   RO         5110    i.Key_stepmotor1_test  key.o
    0x08003200   0x08003200   0x00000018   Code   RO         5113    i.Key_task          key.o
    0x08003218   0x08003218   0x00000008   Code   RO         4985    i.LED_Init          led.o
    0x08003220   0x08003220   0x00000004   Code   RO         4988    i.LED_Toggle        led.o
    0x08003224   0x08003224   0x00000060   Code   RO          272    i.MX_ADC1_Init      adc.o
    0x08003284   0x08003284   0x00000108   Code   RO          246    i.MX_GPIO_Init      gpio.o
    0x0800338c   0x0800338c   0x00000040   Code   RO          314    i.MX_I2C1_Init      i2c.o
    0x080033cc   0x080033cc   0x00000044   Code   RO          356    i.MX_SPI2_Init      spi.o
    0x08003410   0x08003410   0x00000068   Code   RO          399    i.MX_TIM1_Init      tim.o
    0x08003478   0x08003478   0x0000009c   Code   RO          400    i.MX_TIM3_Init      tim.o
    0x08003514   0x08003514   0x0000009c   Code   RO          401    i.MX_TIM4_Init      tim.o
    0x080035b0   0x080035b0   0x000000bc   Code   RO          402    i.MX_TIM5_Init      tim.o
    0x0800366c   0x0800366c   0x00000038   Code   RO          464    i.MX_UART5_Init     usart.o
    0x080036a4   0x080036a4   0x00000038   Code   RO          465    i.MX_USART1_UART_Init  usart.o
    0x080036dc   0x080036dc   0x00000038   Code   RO          466    i.MX_USART3_UART_Init  usart.o
    0x08003714   0x08003714   0x00000038   Code   RO          467    i.MX_USART6_UART_Init  usart.o
    0x0800374c   0x0800374c   0x00000054   Code   RO         5267    i.MX_USB_DEVICE_Init  usb_device.o
    0x080037a0   0x080037a0   0x00000002   Code   RO          525    i.MemManage_Handler  stm32f4xx_it.o
    0x080037a2   0x080037a2   0x00000002   Code   RO          526    i.NMI_Handler       stm32f4xx_it.o
    0x080037a4   0x080037a4   0x0000000c   Code   RO          527    i.OTG_FS_IRQHandler  stm32f4xx_it.o
    0x080037b0   0x080037b0   0x000000cc   Code   RO          705    i.PCD_EP_OutXfrComplete_int  stm32f4xx_hal_pcd.o
    0x0800387c   0x0800387c   0x00000098   Code   RO          706    i.PCD_WriteEmptyTxFifo  stm32f4xx_hal_pcd.o
    0x08003914   0x08003914   0x00000002   Code   RO          528    i.PendSV_Handler    stm32f4xx_it.o
    0x08003916   0x08003916   0x00000002   Code   RO          529    i.SVC_Handler       stm32f4xx_it.o
    0x08003918   0x08003918   0x0000000a   Code   RO         5824    i.SWAPBYTE          usbd_ctlreq.o
    0x08003922   0x08003922   0x00000004   Code   RO          530    i.SysTick_Handler   stm32f4xx_it.o
    0x08003926   0x08003926   0x00000002   PAD
    0x08003928   0x08003928   0x00000090   Code   RO           14    i.SystemClock_Config  main.o
    0x080039b8   0x080039b8   0x00000010   Code   RO         4797    i.SystemInit        system_stm32f4xx.o
    0x080039c8   0x080039c8   0x0000000c   Code   RO          531    i.TIM1_UP_TIM10_IRQHandler  stm32f4xx_it.o
    0x080039d4   0x080039d4   0x0000000c   Code   RO          532    i.TIM3_IRQHandler   stm32f4xx_it.o
    0x080039e0   0x080039e0   0x0000000c   Code   RO          533    i.TIM4_IRQHandler   stm32f4xx_it.o
    0x080039ec   0x080039ec   0x000000d8   Code   RO         3555    i.TIM_Base_SetConfig  stm32f4xx_hal_tim.o
    0x08003ac4   0x08003ac4   0x0000001a   Code   RO         3556    i.TIM_CCxChannelCmd  stm32f4xx_hal_tim.o
    0x08003ade   0x08003ade   0x00000014   Code   RO         3566    i.TIM_ETR_SetConfig  stm32f4xx_hal_tim.o
    0x08003af2   0x08003af2   0x00000010   Code   RO         3567    i.TIM_ITRx_SetConfig  stm32f4xx_hal_tim.o
    0x08003b02   0x08003b02   0x00000002   PAD
    0x08003b04   0x08003b04   0x00000060   Code   RO         3568    i.TIM_OC1_SetConfig  stm32f4xx_hal_tim.o
    0x08003b64   0x08003b64   0x0000006c   Code   RO         3569    i.TIM_OC2_SetConfig  stm32f4xx_hal_tim.o
    0x08003bd0   0x08003bd0   0x00000068   Code   RO         3570    i.TIM_OC3_SetConfig  stm32f4xx_hal_tim.o
    0x08003c38   0x08003c38   0x00000050   Code   RO         3571    i.TIM_OC4_SetConfig  stm32f4xx_hal_tim.o
    0x08003c88   0x08003c88   0x00000022   Code   RO         3573    i.TIM_TI1_ConfigInputStage  stm32f4xx_hal_tim.o
    0x08003caa   0x08003caa   0x00000024   Code   RO         3575    i.TIM_TI2_ConfigInputStage  stm32f4xx_hal_tim.o
    0x08003cce   0x08003cce   0x00000002   PAD
    0x08003cd0   0x08003cd0   0x00000048   Code   RO         4835    i.TMC2209_Begain    tmc2209.o
    0x08003d18   0x08003d18   0x00000084   Code   RO         4836    i.TMC2209_Control   tmc2209.o
    0x08003d9c   0x08003d9c   0x00000068   Code   RO         4837    i.TMC2209_Init      tmc2209.o
    0x08003e04   0x08003e04   0x00000068   Code   RO         4841    i.TMC2209_SpeedControl  tmc2209.o
    0x08003e6c   0x08003e6c   0x0000000c   Code   RO          534    i.UART5_IRQHandler  stm32f4xx_it.o
    0x08003e78   0x08003e78   0x00000010   Code   RO         4476    i.UART_DMAAbortOnError  stm32f4xx_hal_uart.o
    0x08003e88   0x08003e88   0x0000004e   Code   RO         4486    i.UART_EndRxTransfer  stm32f4xx_hal_uart.o
    0x08003ed6   0x08003ed6   0x000000c2   Code   RO         4488    i.UART_Receive_IT   stm32f4xx_hal_uart.o
    0x08003f98   0x08003f98   0x0000010c   Code   RO         4489    i.UART_SetConfig    stm32f4xx_hal_uart.o
    0x080040a4   0x080040a4   0x00000036   Code   RO         4491    i.UART_Start_Receive_IT  stm32f4xx_hal_uart.o
    0x080040da   0x080040da   0x00000070   Code   RO         4492    i.UART_WaitOnFlagUntilTimeout  stm32f4xx_hal_uart.o
    0x0800414a   0x0800414a   0x00000002   PAD
    0x0800414c   0x0800414c   0x0000000c   Code   RO          535    i.USART1_IRQHandler  stm32f4xx_it.o
    0x08004158   0x08004158   0x0000000c   Code   RO          536    i.USART3_IRQHandler  stm32f4xx_it.o
    0x08004164   0x08004164   0x0000000c   Code   RO          537    i.USART6_IRQHandler  stm32f4xx_it.o
    0x08004170   0x08004170   0x00000076   Code   RO         5962    i.USBD_CDC_DataIn   usbd_cdc.o
    0x080041e6   0x080041e6   0x0000003c   Code   RO         5963    i.USBD_CDC_DataOut  usbd_cdc.o
    0x08004222   0x08004222   0x00000002   PAD
    0x08004224   0x08004224   0x00000090   Code   RO         5964    i.USBD_CDC_DeInit   usbd_cdc.o
    0x080042b4   0x080042b4   0x00000036   Code   RO         5965    i.USBD_CDC_EP0_RxReady  usbd_cdc.o
    0x080042ea   0x080042ea   0x00000002   PAD
    0x080042ec   0x080042ec   0x0000000c   Code   RO         5966    i.USBD_CDC_GetDeviceQualifierDescriptor  usbd_cdc.o
    0x080042f8   0x080042f8   0x0000003c   Code   RO         5967    i.USBD_CDC_GetFSCfgDesc  usbd_cdc.o
    0x08004334   0x08004334   0x00000040   Code   RO         5968    i.USBD_CDC_GetHSCfgDesc  usbd_cdc.o
    0x08004374   0x08004374   0x0000003c   Code   RO         5969    i.USBD_CDC_GetOtherSpeedCfgDesc  usbd_cdc.o
    0x080043b0   0x080043b0   0x00000118   Code   RO         5970    i.USBD_CDC_Init     usbd_cdc.o
    0x080044c8   0x080044c8   0x00000038   Code   RO         5971    i.USBD_CDC_ReceivePacket  usbd_cdc.o
    0x08004500   0x08004500   0x00000016   Code   RO         5972    i.USBD_CDC_RegisterInterface  usbd_cdc.o
    0x08004516   0x08004516   0x0000001a   Code   RO         5973    i.USBD_CDC_SetRxBuffer  usbd_cdc.o
    0x08004530   0x08004530   0x0000001e   Code   RO         5974    i.USBD_CDC_SetTxBuffer  usbd_cdc.o
    0x0800454e   0x0800454e   0x000000d4   Code   RO         5975    i.USBD_CDC_Setup    usbd_cdc.o
    0x08004622   0x08004622   0x00000002   PAD
    0x08004624   0x08004624   0x00000050   Code   RO         5976    i.USBD_CDC_TransmitPacket  usbd_cdc.o
    0x08004674   0x08004674   0x00000014   Code   RO         5665    i.USBD_ClrClassConfig  usbd_core.o
    0x08004688   0x08004688   0x00000004   Code   RO         5666    i.USBD_CoreFindEP   usbd_core.o
    0x0800468c   0x0800468c   0x00000004   Code   RO         5667    i.USBD_CoreFindIF   usbd_core.o
    0x08004690   0x08004690   0x00000010   Code   RO         5902    i.USBD_CtlContinueRx  usbd_ioreq.o
    0x080046a0   0x080046a0   0x00000010   Code   RO         5903    i.USBD_CtlContinueSendData  usbd_ioreq.o
    0x080046b0   0x080046b0   0x00000016   Code   RO         5825    i.USBD_CtlError     usbd_ctlreq.o
    0x080046c6   0x080046c6   0x0000001e   Code   RO         5904    i.USBD_CtlPrepareRx  usbd_ioreq.o
    0x080046e4   0x080046e4   0x00000016   Code   RO         5905    i.USBD_CtlReceiveStatus  usbd_ioreq.o
    0x080046fa   0x080046fa   0x0000001a   Code   RO         5906    i.USBD_CtlSendData  usbd_ioreq.o
    0x08004714   0x08004714   0x00000016   Code   RO         5907    i.USBD_CtlSendStatus  usbd_ioreq.o
    0x0800472a   0x0800472a   0x00000002   PAD
    0x0800472c   0x0800472c   0x00000020   Code   RO         5316    i.USBD_FS_ConfigStrDescriptor  usbd_desc.o
    0x0800474c   0x0800474c   0x0000000c   Code   RO         5317    i.USBD_FS_DeviceDescriptor  usbd_desc.o
    0x08004758   0x08004758   0x00000024   Code   RO         5318    i.USBD_FS_InterfaceStrDescriptor  usbd_desc.o
    0x0800477c   0x0800477c   0x0000000c   Code   RO         5319    i.USBD_FS_LangIDStrDescriptor  usbd_desc.o
    0x08004788   0x08004788   0x00000028   Code   RO         5320    i.USBD_FS_ManufacturerStrDescriptor  usbd_desc.o
    0x080047b0   0x080047b0   0x0000002c   Code   RO         5321    i.USBD_FS_ProductStrDescriptor  usbd_desc.o
    0x080047dc   0x080047dc   0x00000038   Code   RO         5322    i.USBD_FS_SerialStrDescriptor  usbd_desc.o
    0x08004814   0x08004814   0x000000e6   Code   RO         5826    i.USBD_GetDescriptor  usbd_ctlreq.o
    0x080048fa   0x080048fa   0x0000003a   Code   RO         5669    i.USBD_GetEpDesc    usbd_core.o
    0x08004934   0x08004934   0x00000014   Code   RO         5827    i.USBD_GetLen       usbd_ctlreq.o
    0x08004948   0x08004948   0x0000000e   Code   RO         5670    i.USBD_GetNextDesc  usbd_core.o
    0x08004956   0x08004956   0x0000004e   Code   RO         5828    i.USBD_GetString    usbd_ctlreq.o
    0x080049a4   0x080049a4   0x00000018   Code   RO         5471    i.USBD_Get_USB_Status  usbd_conf.o
    0x080049bc   0x080049bc   0x00000026   Code   RO         5671    i.USBD_Init         usbd_core.o
    0x080049e2   0x080049e2   0x00000012   Code   RO         5472    i.USBD_LL_ClearStallEP  usbd_conf.o
    0x080049f4   0x080049f4   0x00000012   Code   RO         5473    i.USBD_LL_CloseEP   usbd_conf.o
    0x08004a06   0x08004a06   0x000000b2   Code   RO         5672    i.USBD_LL_DataInStage  usbd_core.o
    0x08004ab8   0x08004ab8   0x00000096   Code   RO         5673    i.USBD_LL_DataOutStage  usbd_core.o
    0x08004b4e   0x08004b4e   0x00000004   Code   RO         5674    i.USBD_LL_DevConnected  usbd_core.o
    0x08004b52   0x08004b52   0x0000001e   Code   RO         5675    i.USBD_LL_DevDisconnected  usbd_core.o
    0x08004b70   0x08004b70   0x00000008   Code   RO         5477    i.USBD_LL_GetRxDataSize  usbd_conf.o
    0x08004b78   0x08004b78   0x00000060   Code   RO         5478    i.USBD_LL_Init      usbd_conf.o
    0x08004bd8   0x08004bd8   0x0000001e   Code   RO         5479    i.USBD_LL_IsStallEP  usbd_conf.o
    0x08004bf6   0x08004bf6   0x00000028   Code   RO         5676    i.USBD_LL_IsoINIncomplete  usbd_core.o
    0x08004c1e   0x08004c1e   0x00000028   Code   RO         5677    i.USBD_LL_IsoOUTIncomplete  usbd_core.o
    0x08004c46   0x08004c46   0x00000018   Code   RO         5480    i.USBD_LL_OpenEP    usbd_conf.o
    0x08004c5e   0x08004c5e   0x00000012   Code   RO         5481    i.USBD_LL_PrepareReceive  usbd_conf.o
    0x08004c70   0x08004c70   0x0000005c   Code   RO         5678    i.USBD_LL_Reset     usbd_core.o
    0x08004ccc   0x08004ccc   0x00000014   Code   RO         5679    i.USBD_LL_Resume    usbd_core.o
    0x08004ce0   0x08004ce0   0x0000001a   Code   RO         5680    i.USBD_LL_SOF       usbd_core.o
    0x08004cfa   0x08004cfa   0x00000006   Code   RO         5681    i.USBD_LL_SetSpeed  usbd_core.o
    0x08004d00   0x08004d00   0x00000012   Code   RO         5482    i.USBD_LL_SetUSBAddress  usbd_conf.o
    0x08004d12   0x08004d12   0x00000060   Code   RO         5682    i.USBD_LL_SetupStage  usbd_core.o
    0x08004d72   0x08004d72   0x00000012   Code   RO         5483    i.USBD_LL_StallEP   usbd_conf.o
    0x08004d84   0x08004d84   0x00000012   Code   RO         5484    i.USBD_LL_Start     usbd_conf.o
    0x08004d96   0x08004d96   0x0000001a   Code   RO         5683    i.USBD_LL_Suspend   usbd_core.o
    0x08004db0   0x08004db0   0x00000012   Code   RO         5486    i.USBD_LL_Transmit  usbd_conf.o
    0x08004dc2   0x08004dc2   0x00000030   Code   RO         5829    i.USBD_ParseSetupRequest  usbd_ctlreq.o
    0x08004df2   0x08004df2   0x0000003a   Code   RO         5684    i.USBD_RegisterClass  usbd_core.o
    0x08004e2c   0x08004e2c   0x00000014   Code   RO         5686    i.USBD_SetClassConfig  usbd_core.o
    0x08004e40   0x08004e40   0x000000b8   Code   RO         5830    i.USBD_SetConfig    usbd_ctlreq.o
    0x08004ef8   0x08004ef8   0x00000004   Code   RO         5687    i.USBD_Start        usbd_core.o
    0x08004efc   0x08004efc   0x0000012c   Code   RO         5831    i.USBD_StdDevReq    usbd_ctlreq.o
    0x08005028   0x08005028   0x00000160   Code   RO         5832    i.USBD_StdEPReq     usbd_ctlreq.o
    0x08005188   0x08005188   0x00000072   Code   RO         5833    i.USBD_StdItfReq    usbd_ctlreq.o
    0x080051fa   0x080051fa   0x00000002   Code   RO         5487    i.USBD_static_free  usbd_conf.o
    0x080051fc   0x080051fc   0x00000008   Code   RO         5488    i.USBD_static_malloc  usbd_conf.o
    0x08005204   0x08005204   0x00000080   Code   RO          951    i.USB_ActivateEndpoint  stm32f4xx_ll_usb.o
    0x08005284   0x08005284   0x0000001c   Code   RO          953    i.USB_ActivateSetup  stm32f4xx_ll_usb.o
    0x080052a0   0x080052a0   0x00000084   Code   RO          955    i.USB_CoreInit      stm32f4xx_ll_usb.o
    0x08005324   0x08005324   0x0000003c   Code   RO          956    i.USB_CoreReset     stm32f4xx_ll_usb.o
    0x08005360   0x08005360   0x000000d0   Code   RO          959    i.USB_DeactivateEndpoint  stm32f4xx_ll_usb.o
    0x08005430   0x08005430   0x0000001c   Code   RO          960    i.USB_DevConnect    stm32f4xx_ll_usb.o
    0x0800544c   0x0800544c   0x0000001c   Code   RO          961    i.USB_DevDisconnect  stm32f4xx_ll_usb.o
    0x08005468   0x08005468   0x00000170   Code   RO          962    i.USB_DevInit       stm32f4xx_ll_usb.o
    0x080055d8   0x080055d8   0x0000000c   Code   RO          963    i.USB_DisableGlobalInt  stm32f4xx_ll_usb.o
    0x080055e4   0x080055e4   0x00000058   Code   RO          966    i.USB_EP0_OutStart  stm32f4xx_ll_usb.o
    0x0800563c   0x0800563c   0x00000058   Code   RO          967    i.USB_EPClearStall  stm32f4xx_ll_usb.o
    0x08005694   0x08005694   0x00000058   Code   RO          968    i.USB_EPSetStall    stm32f4xx_ll_usb.o
    0x080056ec   0x080056ec   0x00000238   Code   RO          969    i.USB_EPStartXfer   stm32f4xx_ll_usb.o
    0x08005924   0x08005924   0x0000009c   Code   RO          970    i.USB_EPStopXfer    stm32f4xx_ll_usb.o
    0x080059c0   0x080059c0   0x0000000c   Code   RO          971    i.USB_EnableGlobalInt  stm32f4xx_ll_usb.o
    0x080059cc   0x080059cc   0x00000038   Code   RO          972    i.USB_FlushRxFifo   stm32f4xx_ll_usb.o
    0x08005a04   0x08005a04   0x0000003c   Code   RO          973    i.USB_FlushTxFifo   stm32f4xx_ll_usb.o
    0x08005a40   0x08005a40   0x0000001a   Code   RO          975    i.USB_GetDevSpeed   stm32f4xx_ll_usb.o
    0x08005a5a   0x08005a5a   0x00000008   Code   RO          977    i.USB_GetMode       stm32f4xx_ll_usb.o
    0x08005a62   0x08005a62   0x0000000e   Code   RO          985    i.USB_ReadDevAllInEpInterrupt  stm32f4xx_ll_usb.o
    0x08005a70   0x08005a70   0x0000000e   Code   RO          986    i.USB_ReadDevAllOutEpInterrupt  stm32f4xx_ll_usb.o
    0x08005a7e   0x08005a7e   0x00000024   Code   RO          987    i.USB_ReadDevInEPInterrupt  stm32f4xx_ll_usb.o
    0x08005aa2   0x08005aa2   0x00000010   Code   RO          988    i.USB_ReadDevOutEPInterrupt  stm32f4xx_ll_usb.o
    0x08005ab2   0x08005ab2   0x00000008   Code   RO          989    i.USB_ReadInterrupts  stm32f4xx_ll_usb.o
    0x08005aba   0x08005aba   0x0000003e   Code   RO          990    i.USB_ReadPacket    stm32f4xx_ll_usb.o
    0x08005af8   0x08005af8   0x0000005c   Code   RO          992    i.USB_SetCurrentMode  stm32f4xx_ll_usb.o
    0x08005b54   0x08005b54   0x00000022   Code   RO          993    i.USB_SetDevAddress  stm32f4xx_ll_usb.o
    0x08005b76   0x08005b76   0x00000002   PAD
    0x08005b78   0x08005b78   0x000000e8   Code   RO          995    i.USB_SetTurnaroundTime  stm32f4xx_ll_usb.o
    0x08005c60   0x08005c60   0x00000026   Code   RO          998    i.USB_WritePacket   stm32f4xx_ll_usb.o
    0x08005c86   0x08005c86   0x00000002   PAD
    0x08005c88   0x08005c88   0x000000a4   Code   RO         5209    i.UartFace_CallBack  uartface.o
    0x08005d2c   0x08005d2c   0x00000002   Code   RO          538    i.UsageFault_Handler  stm32f4xx_it.o
    0x08005d2e   0x08005d2e   0x00000002   PAD
    0x08005d30   0x08005d30   0x00000028   Code   RO         6311    i.__0sprintf        mc_w.l(printfa.o)
    0x08005d58   0x08005d58   0x00000020   Code   RO         2015    i.__NVIC_SetPriority  stm32f4xx_hal_cortex.o
    0x08005d78   0x08005d78   0x0000000e   Code   RO         6381    i.__scatterload_copy  mc_w.l(handlers.o)
    0x08005d86   0x08005d86   0x00000002   Code   RO         6382    i.__scatterload_null  mc_w.l(handlers.o)
    0x08005d88   0x08005d88   0x0000000e   Code   RO         6383    i.__scatterload_zeroinit  mc_w.l(handlers.o)
    0x08005d96   0x08005d96   0x00000002   PAD
    0x08005d98   0x08005d98   0x00000184   Code   RO         6316    i._fp_digits        mc_w.l(printfa.o)
    0x08005f1c   0x08005f1c   0x000006b4   Code   RO         6317    i._printf_core      mc_w.l(printfa.o)
    0x080065d0   0x080065d0   0x00000024   Code   RO         6318    i._printf_post_padding  mc_w.l(printfa.o)
    0x080065f4   0x080065f4   0x0000002e   Code   RO         6319    i._printf_pre_padding  mc_w.l(printfa.o)
    0x08006622   0x08006622   0x0000000a   Code   RO         6321    i._sputc            mc_w.l(printfa.o)
    0x0800662c   0x0800662c   0x00000088   Code   RO         4938    i.debugprocess      debug.o
    0x080066b4   0x080066b4   0x000000e4   Code   RO         5117    i.key_press         key.o
    0x08006798   0x08006798   0x00000088   Code   RO           16    i.main              main.o
    0x08006820   0x08006820   0x00000034   Code   RO         5032    i.servo_init        gripper.o
    0x08006854   0x08006854   0x00000010   Data   RO         4798    .constdata          system_stm32f4xx.o
    0x08006864   0x08006864   0x00000008   Data   RO         4799    .constdata          system_stm32f4xx.o
    0x0800686c   0x0800686c   0x00000020   Data   RO         6379    Region$$Table       anon$$obj.o


    Execution Region RW_IRAM1 (Exec base: 0x20000000, Load base: 0x0800688c, Size: 0x00002a10, Max: 0x0001c000, ABSOLUTE, COMPRESSED[0x000000bc])

    Exec Addr    Load Addr    Size         Type   Attr      Idx    E Section Name        Object

    0x20000000   COMPRESSED   0x0000000c   Data   RW         2174    .data               stm32f4xx_hal.o
    0x2000000c   COMPRESSED   0x00000004   Data   RW         4800    .data               system_stm32f4xx.o
    0x20000010   COMPRESSED   0x00000004   Data   RW         4848    .data               tmc2209.o
    0x20000014   COMPRESSED   0x00000003   Data   RW         4942    .data               debug.o
    0x20000017   COMPRESSED   0x00000001   PAD
    0x20000018   COMPRESSED   0x00000018   Data   RW         5118    .data               key.o
    0x20000030   COMPRESSED   0x00000004   Data   RW         5119    .data               key.o
    0x20000034   COMPRESSED   0x00000004   Data   RW         5120    .data               key.o
    0x20000038   COMPRESSED   0x00000004   Data   RW         5213    .data               uartface.o
    0x2000003c   COMPRESSED   0x0000001c   Data   RW         5324    .data               usbd_desc.o
    0x20000058   COMPRESSED   0x00000032   Data   RW         5325    .data               usbd_desc.o
    0x2000008a   COMPRESSED   0x00000002   PAD
    0x2000008c   COMPRESSED   0x00000014   Data   RW         5408    .data               usbd_cdc_if.o
    0x200000a0   COMPRESSED   0x00000001   Data   RW         5834    .data               usbd_ctlreq.o
    0x200000a1   COMPRESSED   0x00000003   PAD
    0x200000a4   COMPRESSED   0x00000053   Data   RW         5977    .data               usbd_cdc.o
    0x200000f7   COMPRESSED   0x00000001   PAD
    0x200000f8   COMPRESSED   0x00000038   Data   RW         5978    .data               usbd_cdc.o
    0x20000130        -       0x00000048   Zero   RW          273    .bss                adc.o
    0x20000178        -       0x00000054   Zero   RW          315    .bss                i2c.o
    0x200001cc        -       0x00000058   Zero   RW          357    .bss                spi.o
    0x20000224        -       0x00000120   Zero   RW          403    .bss                tim.o
    0x20000344        -       0x00000120   Zero   RW          468    .bss                usart.o
    0x20000464        -       0x00000200   Zero   RW         4846    .bss                tmc2209.o
    0x20000664        -       0x000001c8   Zero   RW         4939    .bss                debug.o
    0x2000082c        -       0x00000202   Zero   RW         5210    .bss                uartface.o
    0x20000a2e   COMPRESSED   0x00000002   PAD
    0x20000a30        -       0x000002dc   Zero   RW         5268    .bss                usb_device.o
    0x20000d0c        -       0x00000200   Zero   RW         5323    .bss                usbd_desc.o
    0x20000f0c        -       0x00001000   Zero   RW         5407    .bss                usbd_cdc_if.o
    0x20001f0c        -       0x00000704   Zero   RW         5489    .bss                usbd_conf.o
    0x20002610        -       0x00000400   Zero   RW            1    STACK               startup_stm32f405xx.o


    Execution Region RW_IRAM2 (Exec base: 0x2001c000, Load base: 0x08006948, Size: 0x00000000, Max: 0x00004000, ABSOLUTE)

    **** No section assigned to this execution region ****


==============================================================================

Image component sizes


      Code (inc. data)   RO Data    RW Data    ZI Data      Debug   Object Name

       192         24          0          0         72       1801   adc.o
       208         88          0          3        456       1931   debug.o
       264         18          0          0          0       1091   gpio.o
        52          4          0          0          0       1169   gripper.o
       172         28          0          0         84       1773   i2c.o
       484         46          0         32          0       5669   key.o
        12          0          0          0          0       1448   led.o
       284         24          0          0          0     688252   main.o
       212         24          0          0         88       1837   spi.o
        36          8        392          0       1024        860   startup_stm32f405xx.o
       180         28          0         12          0       9601   stm32f4xx_hal.o
       712         28          0          0          0       2971   stm32f4xx_hal_adc.o
       198         14          0          0          0      33943   stm32f4xx_hal_cortex.o
       182          0          0          0          0       2171   stm32f4xx_hal_dma.o
       500         46          0          0          0       3716   stm32f4xx_hal_gpio.o
       392         16          0          0          0       3275   stm32f4xx_hal_i2c.o
        48          6          0          0          0        906   stm32f4xx_hal_msp.o
      2548         16          0          0          0      14248   stm32f4xx_hal_pcd.o
        78          0          0          0          0       2589   stm32f4xx_hal_pcd_ex.o
      1336         78          0          0          0       6028   stm32f4xx_hal_rcc.o
       188          0          0          0          0       1263   stm32f4xx_hal_spi.o
      2440        178          0          0          0      19443   stm32f4xx_hal_tim.o
       148         28          0          0          0       2665   stm32f4xx_hal_tim_ex.o
      1640         16          0          0          0      11856   stm32f4xx_hal_uart.o
       116         48          0          0          0       8320   stm32f4xx_it.o
      2688        116          0          0          0      24116   stm32f4xx_ll_usb.o
        16          4         24          4          0       1199   system_stm32f4xx.o
       940         82          0          0        288       5031   tim.o
       516        112          0          4        512       4752   tmc2209.o
       236         34          0          4        514       3739   uartface.o
       636         70          0          0        288       4027   usart.o
        84         18          0          0        732       2695   usb_device.o
      1278         36          0        139          0      14873   usbd_cdc.o
       116         22          0         20       4096       4280   usbd_cdc_if.o
       642         24          0          0       1796      17540   usbd_conf.o
       928          0          0          0          0      16179   usbd_core.o
      1358         28          0          1          0      15780   usbd_ctlreq.o
       286        104          0         78        512       6541   usbd_desc.o
       132          0          0          0          0       4696   usbd_ioreq.o

    ----------------------------------------------------------------------
     22524       1416        448        304      10464     954274   Object Totals
         0          0         32          0          0          0   (incl. Generated)
        46          0          0          7          2          0   (incl. Padding)

    ----------------------------------------------------------------------

      Code (inc. data)   RO Data    RW Data    ZI Data      Debug   Library Member Name

        86          0          0          0          0          0   __dczerorl2.o
         0          0          0          0          0          0   entry.o
         0          0          0          0          0          0   entry10a.o
         0          0          0          0          0          0   entry11a.o
         4          0          0          0          0          0   entry12b.o
         8          4          0          0          0          0   entry2.o
         4          0          0          0          0          0   entry5.o
         0          0          0          0          0          0   entry7b.o
         0          0          0          0          0          0   entry8b.o
         8          4          0          0          0          0   entry9a.o
        30          0          0          0          0          0   handlers.o
        36          8          0          0          0         68   init.o
         0          0          0          0          0          0   iusefp.o
        30          0          0          0          0         68   llshl.o
        36          0          0          0          0         68   llsshr.o
        32          0          0          0          0         68   llushr.o
        36          0          0          0          0         68   memcpya.o
        36          0          0          0          0        108   memseta.o
      2236         86          0          0          0        532   printfa.o
        44          0          0          0          0         80   uidiv.o
        98          0          0          0          0         92   uldiv.o
        48          0          0          0          0         68   cdrcmple.o
       334          0          0          0          0        148   dadd.o
       222          0          0          0          0        100   ddiv.o
       186          0          0          0          0        176   depilogue.o
        48          0          0          0          0         68   dfixul.o
       228          0          0          0          0         96   dmul.o

    ----------------------------------------------------------------------
      3792        102          0          0          0       1808   Library Totals
         2          0          0          0          0          0   (incl. Padding)

    ----------------------------------------------------------------------

      Code (inc. data)   RO Data    RW Data    ZI Data      Debug   Library Name

      2724        102          0          0          0       1152   mc_w.l
      1066          0          0          0          0        656   mf_w.l

    ----------------------------------------------------------------------
      3792        102          0          0          0       1808   Library Totals

    ----------------------------------------------------------------------

==============================================================================


      Code (inc. data)   RO Data    RW Data    ZI Data      Debug   

     26316       1518        448        304      10464     929930   Grand Totals
     26316       1518        448        188      10464     929930   ELF Image Totals (compressed)
     26316       1518        448        188          0          0   ROM Totals

==============================================================================

    Total RO  Size (Code + RO Data)                26764 (  26.14kB)
    Total RW  Size (RW Data + ZI Data)             10768 (  10.52kB)
    Total ROM Size (Code + RO Data + RW Data)      26952 (  26.32kB)

==============================================================================

