Component: ARM Compiler 5.06 update 7 (build 960) Tool: armlink [4d3601]

==============================================================================

Section Cross References

    startup_stm32f405xx.o(RESET) refers to startup_stm32f405xx.o(STACK) for __initial_sp
    startup_stm32f405xx.o(RESET) refers to startup_stm32f405xx.o(.text) for Reset_Handler
    startup_stm32f405xx.o(RESET) refers to stm32f4xx_it.o(i.NMI_Handler) for NMI_Handler
    startup_stm32f405xx.o(RESET) refers to stm32f4xx_it.o(i.HardFault_Handler) for HardFault_Handler
    startup_stm32f405xx.o(RESET) refers to stm32f4xx_it.o(i.MemManage_Handler) for MemManage_Handler
    startup_stm32f405xx.o(RESET) refers to stm32f4xx_it.o(i.BusFault_Handler) for BusFault_Handler
    startup_stm32f405xx.o(RESET) refers to stm32f4xx_it.o(i.UsageFault_Handler) for UsageFault_Handler
    startup_stm32f405xx.o(RESET) refers to stm32f4xx_it.o(i.SVC_Handler) for SVC_Handler
    startup_stm32f405xx.o(RESET) refers to stm32f4xx_it.o(i.DebugMon_Handler) for DebugMon_Handler
    startup_stm32f405xx.o(RESET) refers to stm32f4xx_it.o(i.PendSV_Handler) for PendSV_Handler
    startup_stm32f405xx.o(RESET) refers to stm32f4xx_it.o(i.SysTick_Handler) for SysTick_Handler
    startup_stm32f405xx.o(RESET) refers to stm32f4xx_it.o(i.TIM1_UP_TIM10_IRQHandler) for TIM1_UP_TIM10_IRQHandler
    startup_stm32f405xx.o(RESET) refers to stm32f4xx_it.o(i.TIM3_IRQHandler) for TIM3_IRQHandler
    startup_stm32f405xx.o(RESET) refers to stm32f4xx_it.o(i.TIM4_IRQHandler) for TIM4_IRQHandler
    startup_stm32f405xx.o(RESET) refers to stm32f4xx_it.o(i.USART1_IRQHandler) for USART1_IRQHandler
    startup_stm32f405xx.o(RESET) refers to stm32f4xx_it.o(i.USART3_IRQHandler) for USART3_IRQHandler
    startup_stm32f405xx.o(RESET) refers to stm32f4xx_it.o(i.UART5_IRQHandler) for UART5_IRQHandler
    startup_stm32f405xx.o(RESET) refers to stm32f4xx_it.o(i.OTG_FS_IRQHandler) for OTG_FS_IRQHandler
    startup_stm32f405xx.o(RESET) refers to stm32f4xx_it.o(i.USART6_IRQHandler) for USART6_IRQHandler
    startup_stm32f405xx.o(.text) refers to system_stm32f4xx.o(i.SystemInit) for SystemInit
    startup_stm32f405xx.o(.text) refers to entry.o(.ARM.Collect$$$$00000000) for __main
    main.o(i.SystemClock_Config) refers to memseta.o(.text) for __aeabi_memclr4
    main.o(i.SystemClock_Config) refers to stm32f4xx_hal_rcc.o(i.HAL_RCC_OscConfig) for HAL_RCC_OscConfig
    main.o(i.SystemClock_Config) refers to stm32f4xx_hal_rcc.o(i.HAL_RCC_ClockConfig) for HAL_RCC_ClockConfig
    main.o(i.fputc) refers to stm32f4xx_hal_uart.o(i.HAL_UART_Transmit) for HAL_UART_Transmit
    main.o(i.fputc) refers to usart.o(.bss) for huart3
    main.o(i.main) refers to stm32f4xx_hal.o(i.HAL_Init) for HAL_Init
    main.o(i.main) refers to main.o(i.SystemClock_Config) for SystemClock_Config
    main.o(i.main) refers to gpio.o(i.MX_GPIO_Init) for MX_GPIO_Init
    main.o(i.main) refers to tim.o(i.MX_TIM4_Init) for MX_TIM4_Init
    main.o(i.main) refers to usart.o(i.MX_USART3_UART_Init) for MX_USART3_UART_Init
    main.o(i.main) refers to usart.o(i.MX_USART1_UART_Init) for MX_USART1_UART_Init
    main.o(i.main) refers to adc.o(i.MX_ADC1_Init) for MX_ADC1_Init
    main.o(i.main) refers to i2c.o(i.MX_I2C1_Init) for MX_I2C1_Init
    main.o(i.main) refers to spi.o(i.MX_SPI2_Init) for MX_SPI2_Init
    main.o(i.main) refers to tim.o(i.MX_TIM3_Init) for MX_TIM3_Init
    main.o(i.main) refers to tim.o(i.MX_TIM5_Init) for MX_TIM5_Init
    main.o(i.main) refers to usart.o(i.MX_UART5_Init) for MX_UART5_Init
    main.o(i.main) refers to usart.o(i.MX_USART6_UART_Init) for MX_USART6_UART_Init
    main.o(i.main) refers to usb_device.o(i.MX_USB_DEVICE_Init) for MX_USB_DEVICE_Init
    main.o(i.main) refers to tim.o(i.MX_TIM1_Init) for MX_TIM1_Init
    main.o(i.main) refers to led.o(i.LED_Init) for LED_Init
    main.o(i.main) refers to led.o(i.LED_On) for LED_On
    main.o(i.main) refers to debug.o(i.DebugInit) for DebugInit
    main.o(i.main) refers to gripper.o(i.servo_init) for servo_init
    main.o(i.main) refers to key.o(i.Key_Init) for Key_Init
    main.o(i.main) refers to tmc2209.o(i.TMC2209_Init) for TMC2209_Init
    main.o(i.main) refers to tmc2209.o(i.TMC2209_SpeedControl) for TMC2209_SpeedControl
    main.o(i.main) refers to led.o(i.LED_Toggle) for LED_Toggle
    main.o(i.main) refers to uartface.o(i.TestCopyBuffer) for TestCopyBuffer
    main.o(i.main) refers to printfa.o(i.__0printf) for __2printf
    main.o(i.main) refers to stm32f4xx_hal.o(i.HAL_Delay) for HAL_Delay
    main.o(i.main) refers to tim.o(.bss) for htim4
    main.o(i.main) refers to uartface.o(.bss) for buffer_rx
    gpio.o(i.MX_GPIO_Init) refers to memseta.o(.text) for __aeabi_memclr4
    gpio.o(i.MX_GPIO_Init) refers to stm32f4xx_hal_gpio.o(i.HAL_GPIO_WritePin) for HAL_GPIO_WritePin
    gpio.o(i.MX_GPIO_Init) refers to stm32f4xx_hal_gpio.o(i.HAL_GPIO_Init) for HAL_GPIO_Init
[...]
    _printf_charcount                        0x00000000   Number         0  stubs.o ABSOLUTE
    _printf_d                                0x00000000   Number         0  stubs.o ABSOLUTE
    _printf_e                                0x00000000   Number         0  stubs.o ABSOLUTE
    _printf_f                                0x00000000   Number         0  stubs.o ABSOLUTE
    _printf_flags                            0x00000000   Number         0  stubs.o ABSOLUTE
    _printf_fp_dec                           0x00000000   Number         0  stubs.o ABSOLUTE
    _printf_fp_hex                           0x00000000   Number         0  stubs.o ABSOLUTE
    _printf_g                                0x00000000   Number         0  stubs.o ABSOLUTE
    _printf_i                                0x00000000   Number         0  stubs.o ABSOLUTE
    _printf_int_dec                          0x00000000   Number         0  stubs.o ABSOLUTE
    _printf_l                                0x00000000   Number         0  stubs.o ABSOLUTE
    _printf_lc                               0x00000000   Number         0  stubs.o ABSOLUTE
    _printf_ll                               0x00000000   Number         0  stubs.o ABSOLUTE
    _printf_lld                              0x00000000   Number         0  stubs.o ABSOLUTE
    _printf_lli                              0x00000000   Number         0  stubs.o ABSOLUTE
    _printf_llo                              0x00000000   Number         0  stubs.o ABSOLUTE
    _printf_llu                              0x00000000   Number         0  stubs.o ABSOLUTE
    _printf_llx                              0x00000000   Number         0  stubs.o ABSOLUTE
    _printf_longlong_dec                     0x00000000   Number         0  stubs.o ABSOLUTE
    _printf_longlong_hex                     0x00000000   Number         0  stubs.o ABSOLUTE
    _printf_longlong_oct                     0x00000000   Number         0  stubs.o ABSOLUTE
    _printf_ls                               0x00000000   Number         0  stubs.o ABSOLUTE
    _printf_mbtowc                           0x00000000   Number         0  stubs.o ABSOLUTE
    _printf_n                                0x00000000   Number         0  stubs.o ABSOLUTE
    _printf_o                                0x00000000   Number         0  stubs.o ABSOLUTE
    _printf_p                                0x00000000   Number         0  stubs.o ABSOLUTE
    _printf_percent                          0x00000000   Number         0  stubs.o ABSOLUTE
    _printf_pre_padding                      0x00000000   Number         0  stubs.o ABSOLUTE
    _printf_return_value                     0x00000000   Number         0  stubs.o ABSOLUTE
    _printf_s                                0x00000000   Number         0  stubs.o ABSOLUTE
    _printf_sizespec                         0x00000000   Number         0  stubs.o ABSOLUTE
    _printf_str                              0x00000000   Number         0  stubs.o ABSOLUTE
    _printf_truncate_signed                  0x00000000   Number         0  stubs.o ABSOLUTE
    _printf_truncate_unsigned                0x00000000   Number         0  stubs.o ABSOLUTE
    _printf_u                                0x00000000   Number         0  stubs.o ABSOLUTE
    _printf_wc                               0x00000000   Number         0  stubs.o ABSOLUTE
    _printf_wctomb                           0x00000000   Number         0  stubs.o ABSOLUTE
    _printf_widthprec                        0x00000000   Number         0  stubs.o ABSOLUTE
    _printf_x                                0x00000000   Number         0  stubs.o ABSOLUTE
    __arm_fini_                               - Undefined Weak Reference
    __cpp_initialize__aeabi_                  - Undefined Weak Reference
    __cxa_finalize                            - Undefined Weak Reference
    _clock_init                               - Undefined Weak Reference
    _microlib_exit                            - Undefined Weak Reference
    __Vectors_Size                           0x00000188   Number         0  startup_stm32f405xx.o ABSOLUTE
    __Vectors                                0x08000000   Data           4  startup_stm32f405xx.o(RESET)
    __Vectors_End                            0x08000188   Data           0  startup_stm32f405xx.o(RESET)
    __main                                   0x08000189   Thumb Code     0  entry.o(.ARM.Collect$$$$00000000)
    _main_stk                                0x08000189   Thumb Code     0  entry2.o(.ARM.Collect$$$$00000001)
    _main_scatterload                        0x0800018d   Thumb Code     0  entry5.o(.ARM.Collect$$$$00000004)
    __main_after_scatterload                 0x08000191   Thumb Code     0  entry5.o(.ARM.Collect$$$$00000004)
    _main_clock                              0x08000191   Thumb Code     0  entry7b.o(.ARM.Collect$$$$00000008)
    _main_cpp_init                           0x08000191   Thumb Code     0  entry8b.o(.ARM.Collect$$$$0000000A)
    _main_init                               0x08000191   Thumb Code     0  entry9a.o(.ARM.Collect$$$$0000000B)
    __rt_lib_shutdown_fini                   0x08000199   Thumb Code     0  entry12b.o(.ARM.Collect$$$$0000000E)
    __rt_final_cpp                           0x0800019d   Thumb Code     0  entry10a.o(.ARM.Collect$$$$0000000F)
    __rt_final_exit                          0x0800019d   Thumb Code     0  entry11a.o(.ARM.Collect$$$$00000011)
    Reset_Handler                            0x080001a1   Thumb Code     8  startup_stm32f405xx.o(.text)
    ADC_IRQHandler                           0x080001bb   Thumb Code     0  startup_stm32f405xx.o(.text)
    CAN1_RX0_IRQHandler                      0x080001bb   Thumb Code     0  startup_stm32f405xx.o(.text)
    CAN1_RX1_IRQHandler                      0x080001bb   Thumb Code     0  startup_stm32f405xx.o(.text)
    CAN1_SCE_IRQHandler                      0x080001bb   Thumb Code     0  startup_stm32f405xx.o(.text)
    CAN1_TX_IRQHandler                       0x080001bb   Thumb Code     0  startup_stm32f405xx.o(.text)
    CAN2_RX0_IRQHandler                      0x080001bb   Thumb Code     0  startup_stm32f405xx.o(.text)
    CAN2_RX1_IRQHandler                      0x080001bb   Thumb Code     0  startup_stm32f405xx.o(.text)
    CAN2_SCE_IRQHandler                      0x080001bb   Thumb Code     0  startup_stm32f405xx.o(.text)
    CAN2_TX_IRQHandler                       0x080001bb   Thumb Code     0  startup_stm32f405xx.o(.text)
    DMA1_Stream0_IRQHandler                  0x080001bb   Thumb Code     0  startup_stm32f405xx.o(.text)
    DMA1_Stream1_IRQHandler                  0x080001bb   Thumb Code     0  startup_stm32f405xx.o(.text)
    DMA1_Stream2_IRQHandler                  0x080001bb   Thumb Code     0  startup_stm32f405xx.o(.text)
    DMA1_Stream3_IRQHandler                  0x080001bb   Thumb Code     0  startup_stm32f405xx.o(.text)
    DMA1_Stream4_IRQHandler                  0x080001bb   Thumb Code     0  startup_stm32f405xx.o(.text)
    DMA1_Stream5_IRQHandler                  0x080001bb   Thumb Code     0  startup_stm32f405xx.o(.text)
    DMA1_Stream6_IRQHandler                  0x080001bb   Thumb Code     0  startup_stm32f405xx.o(.text)
    DMA1_Stream7_IRQHandler                  0x080001bb   Thumb Code     0  startup_stm32f405xx.o(.text)
    DMA2_Stream0_IRQHandler                  0x080001bb   Thumb Code     0  startup_stm32f405xx.o(.text)
    DMA2_Stream1_IRQHandler                  0x080001bb   Thumb Code     0  startup_stm32f405xx.o(.text)
    DMA2_Stream2_IRQHandler                  0x080001bb   Thumb Code     0  startup_stm32f405xx.o(.text)
    DMA2_Stream3_IRQHandler                  0x080001bb   Thumb Code     0  startup_stm32f405xx.o(.text)
    DMA2_Stream4_IRQHandler                  0x080001bb   Thumb Code     0  startup_stm32f405xx.o(.text)
    DMA2_Stream5_IRQHandler                  0x080001bb   Thumb Code     0  startup_stm32f405xx.o(.text)
    DMA2_Stream6_IRQHandler                  0x080001bb   Thumb Code     0  startup_stm32f405xx.o(.text)
    DMA2_Stream7_IRQHandler                  0x080001bb   Thumb Code     0  startup_stm32f405xx.o(.text)
    EXTI0_IRQHandler                         0x080001bb   Thumb Code     0  startup_stm32f405xx.o(.text)
    EXTI15_10_IRQHandler                     0x080001bb   Thumb Code     0  startup_stm32f405xx.o(.text)
    EXTI1_IRQHandler                         0x080001bb   Thumb Code     0  startup_stm32f405xx.o(.text)
    EXTI2_IRQHandler                         0x080001bb   Thumb Code     0  startup_stm32f405xx.o(.text)
    EXTI3_IRQHandler                         0x080001bb   Thumb Code     0  startup_stm32f405xx.o(.text)
    EXTI4_IRQHandler                         0x080001bb   Thumb Code     0  startup_stm32f405xx.o(.text)
    EXTI9_5_IRQHandler                       0x080001bb   Thumb Code     0  startup_stm32f405xx.o(.text)
    FLASH_IRQHandler                         0x080001bb   Thumb Code     0  startup_stm32f405xx.o(.text)
    FMC_IRQHandler                           0x080001bb   Thumb Code     0  startup_stm32f405xx.o(.text)
    FPU_IRQHandler                           0x080001bb   Thumb Code     0  startup_stm32f405xx.o(.text)
    HASH_RNG_IRQHandler                      0x080001bb   Thumb Code     0  startup_stm32f405xx.o(.text)
    I2C1_ER_IRQHandler                       0x080001bb   Thumb Code     0  startup_stm32f405xx.o(.text)
    I2C1_EV_IRQHandler                       0x080001bb   Thumb Code     0  startup_stm32f405xx.o(.text)
    I2C2_ER_IRQHandler                       0x080001bb   Thumb Code     0  startup_stm32f405xx.o(.text)
    I2C2_EV_IRQHandler                       0x080001bb   Thumb Code     0  startup_stm32f405xx.o(.text)
    I2C3_ER_IRQHandler                       0x080001bb   Thumb Code     0  startup_stm32f405xx.o(.text)
    I2C3_EV_IRQHandler                       0x080001bb   Thumb Code     0  startup_stm32f405xx.o(.text)
    OTG_FS_WKUP_IRQHandler                   0x080001bb   Thumb Code     0  startup_stm32f405xx.o(.text)
    OTG_HS_EP1_IN_IRQHandler                 0x080001bb   Thumb Code     0  startup_stm32f405xx.o(.text)
    OTG_HS_EP1_OUT_IRQHandler                0x080001bb   Thumb Code     0  startup_stm32f405xx.o(.text)
    OTG_HS_IRQHandler                        0x080001bb   Thumb Code     0  startup_stm32f405xx.o(.text)
    OTG_HS_WKUP_IRQHandler                   0x080001bb   Thumb Code     0  startup_stm32f405xx.o(.text)
    PVD_IRQHandler                           0x080001bb   Thumb Code     0  startup_stm32f405xx.o(.text)
    RCC_IRQHandler                           0x080001bb   Thumb Code     0  startup_stm32f405xx.o(.text)
    RTC_Alarm_IRQHandler                     0x080001bb   Thumb Code     0  startup_stm32f405xx.o(.text)
    RTC_WKUP_IRQHandler                      0x080001bb   Thumb Code     0  startup_stm32f405xx.o(.text)
    SDIO_IRQHandler                          0x080001bb   Thumb Code     0  startup_stm32f405xx.o(.text)
    SPI1_IRQHandler                          0x080001bb   Thumb Code     0  startup_stm32f405xx.o(.text)
    SPI2_IRQHandler                          0x080001bb   Thumb Code     0  startup_stm32f405xx.o(.text)
    SPI3_IRQHandler                          0x080001bb   Thumb Code     0  startup_stm32f405xx.o(.text)
    TAMP_STAMP_IRQHandler                    0x080001bb   Thumb Code     0  startup_stm32f405xx.o(.text)
    TIM1_BRK_TIM9_IRQHandler                 0x080001bb   Thumb Code     0  startup_stm32f405xx.o(.text)
    TIM1_CC_IRQHandler                       0x080001bb   Thumb Code     0  startup_stm32f405xx.o(.text)
    TIM1_TRG_COM_TIM11_IRQHandler            0x080001bb   Thumb Code     0  startup_stm32f405xx.o(.text)
    TIM2_IRQHandler                          0x080001bb   Thumb Code     0  startup_stm32f405xx.o(.text)
    TIM5_IRQHandler                          0x080001bb   Thumb Code     0  startup_stm32f405xx.o(.text)
    TIM6_DAC_IRQHandler                      0x080001bb   Thumb Code     0  startup_stm32f405xx.o(.text)
    TIM7_IRQHandler                          0x080001bb   Thumb Code     0  startup_stm32f405xx.o(.text)
    TIM8_BRK_TIM12_IRQHandler                0x080001bb   Thumb Code     0  startup_stm32f405xx.o(.text)
    TIM8_CC_IRQHandler                       0x080001bb   Thumb Code     0  startup_stm32f405xx.o(.text)
    TIM8_TRG_COM_TIM14_IRQHandler            0x080001bb   Thumb Code     0  startup_stm32f405xx.o(.text)
    TIM8_UP_TIM13_IRQHandler                 0x080001bb   Thumb Code     0  startup_stm32f405xx.o(.text)
    UART4_IRQHandler                         0x080001bb   Thumb Code     0  startup_stm32f405xx.o(.text)
    USART2_IRQHandler                        0x080001bb   Thumb Code     0  startup_stm32f405xx.o(.text)
    WWDG_IRQHandler                          0x080001bb   Thumb Code     0  startup_stm32f405xx.o(.text)
    __aeabi_uldivmod                         0x080001c5   Thumb Code    98  uldiv.o(.text)
    __aeabi_memcpy                           0x08000227   Thumb Code    36  memcpya.o(.text)
    __aeabi_memcpy4                          0x08000227   Thumb Code     0  memcpya.o(.text)
    __aeabi_memcpy8                          0x08000227   Thumb Code     0  memcpya.o(.text)
    __aeabi_memset                           0x0800024b   Thumb Code    14  memseta.o(.text)
    __aeabi_memset4                          0x0800024b   Thumb Code     0  memseta.o(.text)
    __aeabi_memset8                          0x0800024b   Thumb Code     0  memseta.o(.text)
    __aeabi_memclr                           0x08000259   Thumb Code     4  memseta.o(.text)
    __aeabi_memclr4                          0x08000259   Thumb Code     0  memseta.o(.text)
    __aeabi_memclr8                          0x08000259   Thumb Code     0  memseta.o(.text)
    _memset$wrapper                          0x0800025d   Thumb Code    18  memseta.o(.text)
    __aeabi_f2d                              0x0800026f   Thumb Code    38  f2d.o(.text)
    __aeabi_uidiv                            0x08000295   Thumb Code     0  uidiv.o(.text)
    __aeabi_uidivmod                         0x08000295   Thumb Code    44  uidiv.o(.text)
    __aeabi_llsl                             0x080002c1   Thumb Code    30  llshl.o(.text)
    _ll_shift_l                              0x080002c1   Thumb Code     0  llshl.o(.text)
    __aeabi_llsr                             0x080002df   Thumb Code    32  llushr.o(.text)
    _ll_ushift_r                             0x080002df   Thumb Code     0  llushr.o(.text)
    __I$use$fp                               0x080002ff   Thumb Code     0  iusefp.o(.text)
    __aeabi_dadd                             0x080002ff   Thumb Code   322  dadd.o(.text)
    __aeabi_dsub                             0x08000441   Thumb Code     6  dadd.o(.text)
    __aeabi_drsub                            0x08000447   Thumb Code     6  dadd.o(.text)
    __aeabi_dmul                             0x0800044d   Thumb Code   228  dmul.o(.text)
    __aeabi_ddiv                             0x08000531   Thumb Code   222  ddiv.o(.text)
    __aeabi_d2ulz                            0x0800060f   Thumb Code    48  dfixul.o(.text)
    __aeabi_cdrcmple                         0x08000641   Thumb Code    48  cdrcmple.o(.text)
    __scatterload                            0x08000671   Thumb Code    28  init.o(.text)
    __scatterload_rt2                        0x08000671   Thumb Code     0  init.o(.text)
    __aeabi_lasr                             0x08000695   Thumb Code    36  llsshr.o(.text)
    _ll_sshift_r                             0x08000695   Thumb Code     0  llsshr.o(.text)
    _double_round                            0x080006b9   Thumb Code    30  depilogue.o(.text)
    _double_epilogue                         0x080006d7   Thumb Code   156  depilogue.o(.text)
    __decompress                             0x08000773   Thumb Code     0  __dczerorl2.o(.text)
    __decompress1                            0x08000773   Thumb Code    86  __dczerorl2.o(.text)
    BusFault_Handler                         0x080008f1   Thumb Code     2  stm32f4xx_it.o(i.BusFault_Handler)
    CDC_Transmit_FS                          0x0800093d   Thumb Code    38  usbd_cdc_if.o(i.CDC_Transmit_FS)
    DebugInit                                0x08000969   Thumb Code    42  debug.o(i.DebugInit)
    DebugMon_Handler                         0x080009b1   Thumb Code     2  stm32f4xx_it.o(i.DebugMon_Handler)
    Error_Handler                            0x080009b3   Thumb Code     4  main.o(i.Error_Handler)
    HAL_ADC_ConfigChannel                    0x080009b9   Thumb Code   316  stm32f4xx_hal_adc.o(i.HAL_ADC_ConfigChannel)
    HAL_ADC_Init                             0x08000b05   Thumb Code    84  stm32f4xx_hal_adc.o(i.HAL_ADC_Init)
    HAL_ADC_MspInit                          0x08000b59   Thumb Code    84  adc.o(i.HAL_ADC_MspInit)
    HAL_DMA_Abort                            0x08000bb9   Thumb Code   146  stm32f4xx_hal_dma.o(i.HAL_DMA_Abort)
    HAL_DMA_Abort_IT                         0x08000c4b   Thumb Code    36  stm32f4xx_hal_dma.o(i.HAL_DMA_Abort_IT)
    HAL_Delay                                0x08000c71   Thumb Code    32  stm32f4xx_hal.o(i.HAL_Delay)
    HAL_GPIO_Init                            0x08000c95   Thumb Code   418  stm32f4xx_hal_gpio.o(i.HAL_GPIO_Init)
    HAL_GPIO_ReadPin                         0x08000e65   Thumb Code    10  stm32f4xx_hal_gpio.o(i.HAL_GPIO_ReadPin)
    HAL_GPIO_TogglePin                       0x08000e6f   Thumb Code    16  stm32f4xx_hal_gpio.o(i.HAL_GPIO_TogglePin)
    HAL_GPIO_WritePin                        0x08000e7f   Thumb Code    10  stm32f4xx_hal_gpio.o(i.HAL_GPIO_WritePin)
    HAL_GetTick                              0x08000e89   Thumb Code     6  stm32f4xx_hal.o(i.HAL_GetTick)
    HAL_I2C_Init                             0x08000e95   Thumb Code   376  stm32f4xx_hal_i2c.o(i.HAL_I2C_Init)
    HAL_I2C_MspInit                          0x0800101d   Thumb Code    94  i2c.o(i.HAL_I2C_MspInit)
    HAL_IncTick                              0x08001089   Thumb Code    12  stm32f4xx_hal.o(i.HAL_IncTick)
    HAL_Init                                 0x08001099   Thumb Code    48  stm32f4xx_hal.o(i.HAL_Init)
    HAL_InitTick                             0x080010cd   Thumb Code    54  stm32f4xx_hal.o(i.HAL_InitTick)
    HAL_MspInit                              0x0800110d   Thumb Code    42  stm32f4xx_hal_msp.o(i.HAL_MspInit)
    HAL_NVIC_EnableIRQ                       0x0800113d   Thumb Code    26  stm32f4xx_hal_cortex.o(i.HAL_NVIC_EnableIRQ)
    HAL_NVIC_SetPriority                     0x08001159   Thumb Code    60  stm32f4xx_hal_cortex.o(i.HAL_NVIC_SetPriority)
    HAL_NVIC_SetPriorityGrouping             0x08001199   Thumb Code    26  stm32f4xx_hal_cortex.o(i.HAL_NVIC_SetPriorityGrouping)
    HAL_PCDEx_LPM_Callback                   0x080011bd   Thumb Code     2  stm32f4xx_hal_pcd_ex.o(i.HAL_PCDEx_LPM_Callback)
    HAL_PCDEx_SetRxFiFo                      0x080011bf   Thumb Code     8  stm32f4xx_hal_pcd_ex.o(i.HAL_PCDEx_SetRxFiFo)
    HAL_PCDEx_SetTxFiFo                      0x080011c7   Thumb Code    68  stm32f4xx_hal_pcd_ex.o(i.HAL_PCDEx_SetTxFiFo)
    HAL_PCD_ConnectCallback                  0x0800120b   Thumb Code     8  usbd_conf.o(i.HAL_PCD_ConnectCallback)
    HAL_PCD_DataInStageCallback              0x08001213   Thumb Code    18  usbd_conf.o(i.HAL_PCD_DataInStageCallback)
    HAL_PCD_DataOutStageCallback             0x08001225   Thumb Code    20  usbd_conf.o(i.HAL_PCD_DataOutStageCallback)
    HAL_PCD_DisconnectCallback               0x08001239   Thumb Code     8  usbd_conf.o(i.HAL_PCD_DisconnectCallback)
    HAL_PCD_EP_Abort                         0x08001241   Thumb Code    30  stm32f4xx_hal_pcd.o(i.HAL_PCD_EP_Abort)
    HAL_PCD_EP_Close                         0x0800125f   Thumb Code    74  stm32f4xx_hal_pcd.o(i.HAL_PCD_EP_Close)
    HAL_PCD_EP_ClrStall                      0x080012a9   Thumb Code    90  stm32f4xx_hal_pcd.o(i.HAL_PCD_EP_ClrStall)
    HAL_PCD_EP_GetRxCount                    0x08001303   Thumb Code    18  stm32f4xx_hal_pcd.o(i.HAL_PCD_EP_GetRxCount)
    HAL_PCD_EP_Open                          0x08001315   Thumb Code    98  stm32f4xx_hal_pcd.o(i.HAL_PCD_EP_Open)
    HAL_PCD_EP_Receive                       0x08001377   Thumb Code    56  stm32f4xx_hal_pcd.o(i.HAL_PCD_EP_Receive)
    HAL_PCD_EP_SetStall                      0x080013af   Thumb Code   114  stm32f4xx_hal_pcd.o(i.HAL_PCD_EP_SetStall)
    HAL_PCD_EP_Transmit                      0x08001421   Thumb Code    50  stm32f4xx_hal_pcd.o(i.HAL_PCD_EP_Transmit)
    HAL_PCD_IRQHandler                       0x08001455   Thumb Code  1350  stm32f4xx_hal_pcd.o(i.HAL_PCD_IRQHandler)
    HAL_PCD_ISOINIncompleteCallback          0x080019a1   Thumb Code     8  usbd_conf.o(i.HAL_PCD_ISOINIncompleteCallback)
    HAL_PCD_ISOOUTIncompleteCallback         0x080019a9   Thumb Code     8  usbd_conf.o(i.HAL_PCD_ISOOUTIncompleteCallback)
    HAL_PCD_Init                             0x080019b1   Thumb Code   202  stm32f4xx_hal_pcd.o(i.HAL_PCD_Init)
    HAL_PCD_MspInit                          0x08001a7d   Thumb Code   122  usbd_conf.o(i.HAL_PCD_MspInit)
    HAL_PCD_ResetCallback                    0x08001b01   Thumb Code    44  usbd_conf.o(i.HAL_PCD_ResetCallback)
    HAL_PCD_ResumeCallback                   0x08001b2d   Thumb Code     8  usbd_conf.o(i.HAL_PCD_ResumeCallback)
    HAL_PCD_SOFCallback                      0x08001b35   Thumb Code     8  usbd_conf.o(i.HAL_PCD_SOFCallback)
    HAL_PCD_SetAddress                       0x08001b3d   Thumb Code    38  stm32f4xx_hal_pcd.o(i.HAL_PCD_SetAddress)
    HAL_PCD_SetupStageCallback               0x08001b63   Thumb Code    14  usbd_conf.o(i.HAL_PCD_SetupStageCallback)
    HAL_PCD_Start                            0x08001b71   Thumb Code    66  stm32f4xx_hal_pcd.o(i.HAL_PCD_Start)
    HAL_PCD_SuspendCallback                  0x08001bb5   Thumb Code    44  usbd_conf.o(i.HAL_PCD_SuspendCallback)
    HAL_RCC_ClockConfig                      0x08001be5   Thumb Code   288  stm32f4xx_hal_rcc.o(i.HAL_RCC_ClockConfig)
    HAL_RCC_GetHCLKFreq                      0x08001d19   Thumb Code     6  stm32f4xx_hal_rcc.o(i.HAL_RCC_GetHCLKFreq)
    HAL_RCC_GetPCLK1Freq                     0x08001d25   Thumb Code    20  stm32f4xx_hal_rcc.o(i.HAL_RCC_GetPCLK1Freq)
    HAL_RCC_GetPCLK2Freq                     0x08001d45   Thumb Code    20  stm32f4xx_hal_rcc.o(i.HAL_RCC_GetPCLK2Freq)
    HAL_RCC_GetSysClockFreq                  0x08001d65   Thumb Code    88  stm32f4xx_hal_rcc.o(i.HAL_RCC_GetSysClockFreq)
    HAL_RCC_OscConfig                        0x08001dc5   Thumb Code   836  stm32f4xx_hal_rcc.o(i.HAL_RCC_OscConfig)
    HAL_SPI_Init                             0x0800211d   Thumb Code   188  stm32f4xx_hal_spi.o(i.HAL_SPI_Init)
    HAL_SPI_MspInit                          0x080021d9   Thumb Code   128  spi.o(i.HAL_SPI_MspInit)
    HAL_SYSTICK_Config                       0x08002269   Thumb Code    40  stm32f4xx_hal_cortex.o(i.HAL_SYSTICK_Config)
    HAL_TIMEx_BreakCallback                  0x08002291   Thumb Code     2  stm32f4xx_hal_tim_ex.o(i.HAL_TIMEx_BreakCallback)
    HAL_TIMEx_CommutCallback                 0x08002293   Thumb Code     2  stm32f4xx_hal_tim_ex.o(i.HAL_TIMEx_CommutCallback)
    HAL_TIMEx_MasterConfigSynchronization    0x08002295   Thumb Code   116  stm32f4xx_hal_tim_ex.o(i.HAL_TIMEx_MasterConfigSynchronization)
    HAL_TIM_Base_Init                        0x08002325   Thumb Code    90  stm32f4xx_hal_tim.o(i.HAL_TIM_Base_Init)
    HAL_TIM_Base_MspInit                     0x08002381   Thumb Code   148  tim.o(i.HAL_TIM_Base_MspInit)
    HAL_TIM_Base_Start_IT                    0x08002429   Thumb Code   100  stm32f4xx_hal_tim.o(i.HAL_TIM_Base_Start_IT)
    HAL_TIM_ConfigClockSource                0x080024a9   Thumb Code   220  stm32f4xx_hal_tim.o(i.HAL_TIM_ConfigClockSource)
    HAL_TIM_IC_CaptureCallback               0x08002585   Thumb Code     2  stm32f4xx_hal_tim.o(i.HAL_TIM_IC_CaptureCallback)
    HAL_TIM_IRQHandler                       0x08002587   Thumb Code   304  stm32f4xx_hal_tim.o(i.HAL_TIM_IRQHandler)
    HAL_TIM_MspPostInit                      0x080026b9   Thumb Code   142  tim.o(i.HAL_TIM_MspPostInit)
    HAL_TIM_OC_DelayElapsedCallback          0x08002761   Thumb Code     2  stm32f4xx_hal_tim.o(i.HAL_TIM_OC_DelayElapsedCallback)
    HAL_TIM_PWM_ConfigChannel                0x08002763   Thumb Code   204  stm32f4xx_hal_tim.o(i.HAL_TIM_PWM_ConfigChannel)
    HAL_TIM_PWM_Init                         0x0800282f   Thumb Code    90  stm32f4xx_hal_tim.o(i.HAL_TIM_PWM_Init)
    HAL_TIM_PWM_MspInit                      0x08002889   Thumb Code     2  stm32f4xx_hal_tim.o(i.HAL_TIM_PWM_MspInit)
    HAL_TIM_PWM_PulseFinishedCallback        0x0800288d   Thumb Code    64  tmc2209.o(i.HAL_TIM_PWM_PulseFinishedCallback)
    HAL_TIM_PWM_Start                        0x080028f5   Thumb Code   178  stm32f4xx_hal_tim.o(i.HAL_TIM_PWM_Start)
    HAL_TIM_PWM_Start_IT                     0x080029c5   Thumb Code   236  stm32f4xx_hal_tim.o(i.HAL_TIM_PWM_Start_IT)
    HAL_TIM_PWM_Stop_IT                      0x08002acd   Thumb Code   178  stm32f4xx_hal_tim.o(i.HAL_TIM_PWM_Stop_IT)
    HAL_TIM_PeriodElapsedCallback            0x08002b89   Thumb Code    12  key.o(i.HAL_TIM_PeriodElapsedCallback)
    HAL_TIM_TriggerCallback                  0x08002b99   Thumb Code     2  stm32f4xx_hal_tim.o(i.HAL_TIM_TriggerCallback)
    HAL_UARTEx_RxEventCallback               0x08002b9b   Thumb Code     2  stm32f4xx_hal_uart.o(i.HAL_UARTEx_RxEventCallback)
    HAL_UART_ErrorCallback                   0x08002b9d   Thumb Code     2  stm32f4xx_hal_uart.o(i.HAL_UART_ErrorCallback)
    HAL_UART_IRQHandler                      0x08002ba1   Thumb Code   618  stm32f4xx_hal_uart.o(i.HAL_UART_IRQHandler)
    HAL_UART_Init                            0x08002e11   Thumb Code   100  stm32f4xx_hal_uart.o(i.HAL_UART_Init)
    HAL_UART_MspInit                         0x08002e75   Thumb Code   374  usart.o(i.HAL_UART_MspInit)
    HAL_UART_Receive_IT                      0x08003011   Thumb Code    28  stm32f4xx_hal_uart.o(i.HAL_UART_Receive_IT)
    HAL_UART_RxCpltCallback                  0x0800302d   Thumb Code    52  uartface.o(i.HAL_UART_RxCpltCallback)
    HAL_UART_Transmit                        0x08003075   Thumb Code   160  stm32f4xx_hal_uart.o(i.HAL_UART_Transmit)
    HAL_UART_TxCpltCallback                  0x08003115   Thumb Code     2  stm32f4xx_hal_uart.o(i.HAL_UART_TxCpltCallback)
    HardFault_Handler                        0x08003117   Thumb Code     2  stm32f4xx_it.o(i.HardFault_Handler)
    Key_GetState                             0x0800314f   Thumb Code     4  key.o(i.Key_GetState)
    Key_Init                                 0x08003155   Thumb Code     6  key.o(i.Key_Init)
    Key_stepmotor1_test                      0x08003161   Thumb Code   162  key.o(i.Key_stepmotor1_test)
    Key_task                                 0x08003211   Thumb Code    20  key.o(i.Key_task)
    LED_Init                                 0x08003229   Thumb Code     8  led.o(i.LED_Init)
    LED_On                                   0x08003231   Thumb Code     8  led.o(i.LED_On)
    LED_Toggle                               0x08003239   Thumb Code     4  led.o(i.LED_Toggle)
    MX_ADC1_Init                             0x0800323d   Thumb Code    84  adc.o(i.MX_ADC1_Init)
    MX_GPIO_Init                             0x0800329d   Thumb Code   246  gpio.o(i.MX_GPIO_Init)
    MX_I2C1_Init                             0x080033a5   Thumb Code    50  i2c.o(i.MX_I2C1_Init)
    MX_SPI2_Init                             0x080033e5   Thumb Code    60  spi.o(i.MX_SPI2_Init)
    MX_TIM1_Init                             0x08003429   Thumb Code    96  tim.o(i.MX_TIM1_Init)
    MX_TIM3_Init                             0x08003491   Thumb Code   146  tim.o(i.MX_TIM3_Init)
    MX_TIM4_Init                             0x0800352d   Thumb Code   146  tim.o(i.MX_TIM4_Init)
    MX_TIM5_Init                             0x080035c9   Thumb Code   180  tim.o(i.MX_TIM5_Init)
    MX_UART5_Init                            0x08003685   Thumb Code    48  usart.o(i.MX_UART5_Init)
    MX_USART1_UART_Init                      0x080036bd   Thumb Code    48  usart.o(i.MX_USART1_UART_Init)
    MX_USART3_UART_Init                      0x080036f5   Thumb Code    48  usart.o(i.MX_USART3_UART_Init)
    MX_USART6_UART_Init                      0x0800372d   Thumb Code    48  usart.o(i.MX_USART6_UART_Init)
    MX_USB_DEVICE_Init                       0x08003765   Thumb Code    66  usb_device.o(i.MX_USB_DEVICE_Init)
    MemManage_Handler                        0x080037b9   Thumb Code     2  stm32f4xx_it.o(i.MemManage_Handler)
    NMI_Handler                              0x080037bb   Thumb Code     2  stm32f4xx_it.o(i.NMI_Handler)
    OTG_FS_IRQHandler                        0x080037bd   Thumb Code     6  stm32f4xx_it.o(i.OTG_FS_IRQHandler)
    PendSV_Handler                           0x0800392d   Thumb Code     2  stm32f4xx_it.o(i.PendSV_Handler)
    PrintControlData_Type                    0x08003931   Thumb Code   244  uartface.o(i.PrintControlData_Type)
    RxBufferParse                            0x08003b2d   Thumb Code   536  uartface.o(i.RxBufferParse)
    SVC_Handler                              0x08003ddd   Thumb Code     2  stm32f4xx_it.o(i.SVC_Handler)
    SysTick_Handler                          0x08003de9   Thumb Code     4  stm32f4xx_it.o(i.SysTick_Handler)
    SystemClock_Config                       0x08003ded   Thumb Code   134  main.o(i.SystemClock_Config)
    SystemInit                               0x08003e7d   Thumb Code    12  system_stm32f4xx.o(i.SystemInit)
    TIM1_UP_TIM10_IRQHandler                 0x08003e8d   Thumb Code     6  stm32f4xx_it.o(i.TIM1_UP_TIM10_IRQHandler)
    TIM3_IRQHandler                          0x08003e99   Thumb Code     6  stm32f4xx_it.o(i.TIM3_IRQHandler)
    TIM4_IRQHandler                          0x08003ea5   Thumb Code     6  stm32f4xx_it.o(i.TIM4_IRQHandler)
    TIM_Base_SetConfig                       0x08003eb1   Thumb Code   170  stm32f4xx_hal_tim.o(i.TIM_Base_SetConfig)
    TIM_CCxChannelCmd                        0x08003f89   Thumb Code    26  stm32f4xx_hal_tim.o(i.TIM_CCxChannelCmd)
    TIM_ETR_SetConfig                        0x08003fa3   Thumb Code    20  stm32f4xx_hal_tim.o(i.TIM_ETR_SetConfig)
    TIM_OC2_SetConfig                        0x08004029   Thumb Code    98  stm32f4xx_hal_tim.o(i.TIM_OC2_SetConfig)
    TMC2209_Begain                           0x08004195   Thumb Code    62  tmc2209.o(i.TMC2209_Begain)
    TMC2209_Control                          0x080041dd   Thumb Code   110  tmc2209.o(i.TMC2209_Control)
    TMC2209_Init                             0x08004261   Thumb Code    82  tmc2209.o(i.TMC2209_Init)
    TMC2209_SpeedControl                     0x080042c9   Thumb Code    86  tmc2209.o(i.TMC2209_SpeedControl)
    TestCopyBuffer                           0x08004331   Thumb Code    86  uartface.o(i.TestCopyBuffer)
    UART5_IRQHandler                         0x080043d9   Thumb Code     6  stm32f4xx_it.o(i.UART5_IRQHandler)
    UART_Start_Receive_IT                    0x08004611   Thumb Code    54  stm32f4xx_hal_uart.o(i.UART_Start_Receive_IT)
    USART1_IRQHandler                        0x080046b9   Thumb Code     6  stm32f4xx_it.o(i.USART1_IRQHandler)
    USART3_IRQHandler                        0x080046c5   Thumb Code     6  stm32f4xx_it.o(i.USART3_IRQHandler)
    USART6_IRQHandler                        0x080046d1   Thumb Code     6  stm32f4xx_it.o(i.USART6_IRQHandler)
    USBD_CDC_GetDeviceQualifierDescriptor    0x08004859   Thumb Code     8  usbd_cdc.o(i.USBD_CDC_GetDeviceQualifierDescriptor)
    USBD_CDC_ReceivePacket                   0x08004a35   Thumb Code    50  usbd_cdc.o(i.USBD_CDC_ReceivePacket)
    USBD_CDC_RegisterInterface               0x08004a6d   Thumb Code    22  usbd_cdc.o(i.USBD_CDC_RegisterInterface)
    USBD_CDC_SetRxBuffer                     0x08004a83   Thumb Code    26  usbd_cdc.o(i.USBD_CDC_SetRxBuffer)
    USBD_CDC_SetTxBuffer                     0x08004a9d   Thumb Code    30  usbd_cdc.o(i.USBD_CDC_SetTxBuffer)
    USBD_CDC_TransmitPacket                  0x08004b91   Thumb Code    76  usbd_cdc.o(i.USBD_CDC_TransmitPacket)
    USBD_ClrClassConfig                      0x08004be1   Thumb Code    20  usbd_core.o(i.USBD_ClrClassConfig)
    USBD_CoreFindEP                          0x08004bf5   Thumb Code     4  usbd_core.o(i.USBD_CoreFindEP)
    USBD_CoreFindIF                          0x08004bf9   Thumb Code     4  usbd_core.o(i.USBD_CoreFindIF)
    USBD_CtlContinueRx                       0x08004bfd   Thumb Code    16  usbd_ioreq.o(i.USBD_CtlContinueRx)
    USBD_CtlContinueSendData                 0x08004c0d   Thumb Code    16  usbd_ioreq.o(i.USBD_CtlContinueSendData)
    USBD_CtlError                            0x08004c1d   Thumb Code    22  usbd_ctlreq.o(i.USBD_CtlError)
    USBD_CtlPrepareRx                        0x08004c33   Thumb Code    30  usbd_ioreq.o(i.USBD_CtlPrepareRx)
    USBD_CtlReceiveStatus                    0x08004c51   Thumb Code    22  usbd_ioreq.o(i.USBD_CtlReceiveStatus)
    USBD_CtlSendData                         0x08004c67   Thumb Code    26  usbd_ioreq.o(i.USBD_CtlSendData)
    USBD_CtlSendStatus                       0x08004c81   Thumb Code    22  usbd_ioreq.o(i.USBD_CtlSendStatus)
    USBD_FS_ConfigStrDescriptor              0x08004c99   Thumb Code    16  usbd_desc.o(i.USBD_FS_ConfigStrDescriptor)
    USBD_FS_DeviceDescriptor                 0x08004cb9   Thumb Code     8  usbd_desc.o(i.USBD_FS_DeviceDescriptor)
    USBD_FS_InterfaceStrDescriptor           0x08004cc5   Thumb Code    16  usbd_desc.o(i.USBD_FS_InterfaceStrDescriptor)
    USBD_FS_LangIDStrDescriptor              0x08004ce9   Thumb Code     8  usbd_desc.o(i.USBD_FS_LangIDStrDescriptor)
    USBD_FS_ManufacturerStrDescriptor        0x08004cf5   Thumb Code    16  usbd_desc.o(i.USBD_FS_ManufacturerStrDescriptor)
    USBD_FS_ProductStrDescriptor             0x08004d1d   Thumb Code    16  usbd_desc.o(i.USBD_FS_ProductStrDescriptor)
    USBD_FS_SerialStrDescriptor              0x08004d49   Thumb Code    48  usbd_desc.o(i.USBD_FS_SerialStrDescriptor)
    USBD_GetEpDesc                           0x08004e67   Thumb Code    58  usbd_core.o(i.USBD_GetEpDesc)
    USBD_GetNextDesc                         0x08004eb5   Thumb Code    14  usbd_core.o(i.USBD_GetNextDesc)
    USBD_GetString                           0x08004ec3   Thumb Code    78  usbd_ctlreq.o(i.USBD_GetString)
    USBD_Get_USB_Status                      0x08004f11   Thumb Code    24  usbd_conf.o(i.USBD_Get_USB_Status)
    USBD_Init                                0x08004f29   Thumb Code    38  usbd_core.o(i.USBD_Init)
    USBD_LL_ClearStallEP                     0x08004f4f   Thumb Code    18  usbd_conf.o(i.USBD_LL_ClearStallEP)
    USBD_LL_CloseEP                          0x08004f61   Thumb Code    18  usbd_conf.o(i.USBD_LL_CloseEP)
    USBD_LL_DataInStage                      0x08004f73   Thumb Code   178  usbd_core.o(i.USBD_LL_DataInStage)
    USBD_LL_DataOutStage                     0x08005025   Thumb Code   150  usbd_core.o(i.USBD_LL_DataOutStage)
    USBD_LL_DevConnected                     0x080050bb   Thumb Code     4  usbd_core.o(i.USBD_LL_DevConnected)
    USBD_LL_DevDisconnected                  0x080050bf   Thumb Code    30  usbd_core.o(i.USBD_LL_DevDisconnected)
    USBD_LL_GetRxDataSize                    0x080050dd   Thumb Code     8  usbd_conf.o(i.USBD_LL_GetRxDataSize)
    USBD_LL_Init                             0x080050e5   Thumb Code    90  usbd_conf.o(i.USBD_LL_Init)
    USBD_LL_IsStallEP                        0x08005145   Thumb Code    30  usbd_conf.o(i.USBD_LL_IsStallEP)
    USBD_LL_IsoINIncomplete                  0x08005163   Thumb Code    40  usbd_core.o(i.USBD_LL_IsoINIncomplete)
    USBD_LL_IsoOUTIncomplete                 0x0800518b   Thumb Code    40  usbd_core.o(i.USBD_LL_IsoOUTIncomplete)
    USBD_LL_OpenEP                           0x080051b3   Thumb Code    24  usbd_conf.o(i.USBD_LL_OpenEP)
    USBD_LL_PrepareReceive                   0x080051cb   Thumb Code    18  usbd_conf.o(i.USBD_LL_PrepareReceive)
    USBD_LL_Reset                            0x080051dd   Thumb Code    92  usbd_core.o(i.USBD_LL_Reset)
    USBD_LL_Resume                           0x08005239   Thumb Code    20  usbd_core.o(i.USBD_LL_Resume)
    USBD_LL_SOF                              0x0800524d   Thumb Code    26  usbd_core.o(i.USBD_LL_SOF)
    USBD_LL_SetSpeed                         0x08005267   Thumb Code     6  usbd_core.o(i.USBD_LL_SetSpeed)
    USBD_LL_SetUSBAddress                    0x0800526d   Thumb Code    18  usbd_conf.o(i.USBD_LL_SetUSBAddress)
    USBD_LL_SetupStage                       0x0800527f   Thumb Code    96  usbd_core.o(i.USBD_LL_SetupStage)
    USBD_LL_StallEP                          0x080052df   Thumb Code    18  usbd_conf.o(i.USBD_LL_StallEP)
    USBD_LL_Start                            0x080052f1   Thumb Code    18  usbd_conf.o(i.USBD_LL_Start)
    USBD_LL_Suspend                          0x08005303   Thumb Code    26  usbd_core.o(i.USBD_LL_Suspend)
    USBD_LL_Transmit                         0x0800531d   Thumb Code    18  usbd_conf.o(i.USBD_LL_Transmit)
    USBD_ParseSetupRequest                   0x0800532f   Thumb Code    48  usbd_ctlreq.o(i.USBD_ParseSetupRequest)
    USBD_RegisterClass                       0x0800535f   Thumb Code    58  usbd_core.o(i.USBD_RegisterClass)
    USBD_SetClassConfig                      0x08005399   Thumb Code    20  usbd_core.o(i.USBD_SetClassConfig)
    USBD_Start                               0x08005465   Thumb Code     4  usbd_core.o(i.USBD_Start)
    USBD_StdDevReq                           0x08005469   Thumb Code   300  usbd_ctlreq.o(i.USBD_StdDevReq)
    USBD_StdEPReq                            0x08005595   Thumb Code   352  usbd_ctlreq.o(i.USBD_StdEPReq)
    USBD_StdItfReq                           0x080056f5   Thumb Code   114  usbd_ctlreq.o(i.USBD_StdItfReq)
    USBD_static_free                         0x08005767   Thumb Code     2  usbd_conf.o(i.USBD_static_free)
    USBD_static_malloc                       0x08005769   Thumb Code     4  usbd_conf.o(i.USBD_static_malloc)
    USB_ActivateEndpoint                     0x08005771   Thumb Code   122  stm32f4xx_ll_usb.o(i.USB_ActivateEndpoint)
    USB_ActivateSetup                        0x080057f1   Thumb Code    28  stm32f4xx_ll_usb.o(i.USB_ActivateSetup)
    USB_CoreInit                             0x0800580d   Thumb Code   126  stm32f4xx_ll_usb.o(i.USB_CoreInit)
    USB_DeactivateEndpoint                   0x080058cd   Thumb Code   198  stm32f4xx_ll_usb.o(i.USB_DeactivateEndpoint)
    USB_DevConnect                           0x0800599d   Thumb Code    28  stm32f4xx_ll_usb.o(i.USB_DevConnect)
    USB_DevDisconnect                        0x080059b9   Thumb Code    28  stm32f4xx_ll_usb.o(i.USB_DevDisconnect)
    USB_DevInit                              0x080059d5   Thumb Code   358  stm32f4xx_ll_usb.o(i.USB_DevInit)
    USB_DisableGlobalInt                     0x08005b45   Thumb Code    12  stm32f4xx_ll_usb.o(i.USB_DisableGlobalInt)
    USB_EP0_OutStart                         0x08005b51   Thumb Code    84  stm32f4xx_ll_usb.o(i.USB_EP0_OutStart)
    USB_EPClearStall                         0x08005ba9   Thumb Code    88  stm32f4xx_ll_usb.o(i.USB_EPClearStall)
    USB_EPSetStall                           0x08005c01   Thumb Code    88  stm32f4xx_ll_usb.o(i.USB_EPSetStall)
    USB_EPStartXfer                          0x08005c59   Thumb Code   562  stm32f4xx_ll_usb.o(i.USB_EPStartXfer)
    USB_EPStopXfer                           0x08005e91   Thumb Code   156  stm32f4xx_ll_usb.o(i.USB_EPStopXfer)
    USB_EnableGlobalInt                      0x08005f2d   Thumb Code    12  stm32f4xx_ll_usb.o(i.USB_EnableGlobalInt)
    USB_FlushRxFifo                          0x08005f39   Thumb Code    56  stm32f4xx_ll_usb.o(i.USB_FlushRxFifo)
    USB_FlushTxFifo                          0x08005f71   Thumb Code    60  stm32f4xx_ll_usb.o(i.USB_FlushTxFifo)
    USB_GetDevSpeed                          0x08005fad   Thumb Code    26  stm32f4xx_ll_usb.o(i.USB_GetDevSpeed)
    USB_GetMode                              0x08005fc7   Thumb Code     8  stm32f4xx_ll_usb.o(i.USB_GetMode)
    USB_ReadDevAllInEpInterrupt              0x08005fcf   Thumb Code    14  stm32f4xx_ll_usb.o(i.USB_ReadDevAllInEpInterrupt)
    USB_ReadDevAllOutEpInterrupt             0x08005fdd   Thumb Code    14  stm32f4xx_ll_usb.o(i.USB_ReadDevAllOutEpInterrupt)
    USB_ReadDevInEPInterrupt                 0x08005feb   Thumb Code    36  stm32f4xx_ll_usb.o(i.USB_ReadDevInEPInterrupt)
    USB_ReadDevOutEPInterrupt                0x0800600f   Thumb Code    16  stm32f4xx_ll_usb.o(i.USB_ReadDevOutEPInterrupt)
    USB_ReadInterrupts                       0x0800601f   Thumb Code     8  stm32f4xx_ll_usb.o(i.USB_ReadInterrupts)
    USB_ReadPacket                           0x08006027   Thumb Code    62  stm32f4xx_ll_usb.o(i.USB_ReadPacket)
    USB_SetCurrentMode                       0x08006065   Thumb Code    92  stm32f4xx_ll_usb.o(i.USB_SetCurrentMode)
    USB_SetDevAddress                        0x080060c1   Thumb Code    34  stm32f4xx_ll_usb.o(i.USB_SetDevAddress)
    USB_SetTurnaroundTime                    0x080060e5   Thumb Code   158  stm32f4xx_ll_usb.o(i.USB_SetTurnaroundTime)
    USB_WritePacket                          0x080061cd   Thumb Code    38  stm32f4xx_ll_usb.o(i.USB_WritePacket)
    UsageFault_Handler                       0x08006299   Thumb Code     2  stm32f4xx_it.o(i.UsageFault_Handler)
    __0printf                                0x0800629d   Thumb Code    22  printfa.o(i.__0printf)
    __1printf                                0x0800629d   Thumb Code     0  printfa.o(i.__0printf)
    __2printf                                0x0800629d   Thumb Code     0  printfa.o(i.__0printf)
    __c89printf                              0x0800629d   Thumb Code     0  printfa.o(i.__0printf)
    printf                                   0x0800629d   Thumb Code     0  printfa.o(i.__0printf)
    __0sprintf                               0x080062bd   Thumb Code    34  printfa.o(i.__0sprintf)
    __1sprintf                               0x080062bd   Thumb Code     0  printfa.o(i.__0sprintf)
    __2sprintf                               0x080062bd   Thumb Code     0  printfa.o(i.__0sprintf)
    __c89sprintf                             0x080062bd   Thumb Code     0  printfa.o(i.__0sprintf)
    sprintf                                  0x080062bd   Thumb Code     0  printfa.o(i.__0sprintf)
    __scatterload_copy                       0x08006305   Thumb Code    14  handlers.o(i.__scatterload_copy)
    __scatterload_null                       0x08006313   Thumb Code     2  handlers.o(i.__scatterload_null)
    __scatterload_zeroinit                   0x08006315   Thumb Code    14  handlers.o(i.__scatterload_zeroinit)
    debugprocess                             0x08006bb9   Thumb Code    78  debug.o(i.debugprocess)
    fputc                                    0x08006c41   Thumb Code    20  main.o(i.fputc)
    key_gripper_test                         0x08006c59   Thumb Code   204  key.o(i.key_gripper_test)
    key_press                                0x08006d2d   Thumb Code   224  key.o(i.key_press)
    main                                     0x08006e19   Thumb Code   164  main.o(i.main)
    servo_gripper                            0x08006edd   Thumb Code    34  gripper.o(i.servo_gripper)
    servo_init                               0x08007011   Thumb Code    48  gripper.o(i.servo_init)
    servo_updown                             0x08007045   Thumb Code    24  gripper.o(i.servo_updown)
    AHBPrescTable                            0x080070f0   Data          16  system_stm32f4xx.o(.constdata)
    APBPrescTable                            0x08007100   Data           8  system_stm32f4xx.o(.constdata)
    Region$$Table$$Base                      0x08007414   Number         0  anon$$obj.o(Region$$Table)
    Region$$Table$$Limit                     0x08007434   Number         0  anon$$obj.o(Region$$Table)
    uwTickFreq                               0x20000000   Data           1  stm32f4xx_hal.o(.data)
    uwTickPrio                               0x20000004   Data           4  stm32f4xx_hal.o(.data)
    uwTick                                   0x20000008   Data           4  stm32f4xx_hal.o(.data)
    SystemCoreClock                          0x2000000c   Data           4  system_stm32f4xx.o(.data)
    usecircal                                0x20000010   Data           4  tmc2209.o(.data)
    caputure_spcial                          0x20000014   Data           1  debug.o(.data)
    rx_cnt                                   0x20000015   Data           1  debug.o(.data)
    debugrx                                  0x20000016   Data           1  debug.o(.data)
    Motor_pulse_cnt                          0x20000028   Data           4  key.o(.data)
    Motor_circle_cnt                         0x2000002c   Data           4  key.o(.data)
    Uart6_buf_index                          0x20000030   Data           1  uartface.o(.data)
    data_len                                 0x20000031   Data           1  uartface.o(.data)
    checksum                                 0x20000032   Data           1  uartface.o(.data)
    FS_Desc                                  0x20000034   Data          28  usbd_desc.o(.data)
    USBD_LangIDDesc                          0x20000050   Data           4  usbd_desc.o(.data)
    USBD_FS_DeviceDesc                       0x20000054   Data          18  usbd_desc.o(.data)
    USBD_StringSerial                        0x20000068   Data          26  usbd_desc.o(.data)
    USBD_Interface_fops_FS                   0x20000084   Data          20  usbd_cdc_if.o(.data)
    USBD_CDC                                 0x200000f0   Data          56  usbd_cdc.o(.data)
    __stdout                                 0x20000128   Data           4  stdout.o(.data)
    hadc1                                    0x2000012c   Data          72  adc.o(.bss)
    hi2c1                                    0x20000174   Data          84  i2c.o(.bss)
    hspi2                                    0x200001c8   Data          88  spi.o(.bss)
    htim1                                    0x20000220   Data          72  tim.o(.bss)
    htim3                                    0x20000268   Data          72  tim.o(.bss)
    htim4                                    0x200002b0   Data          72  tim.o(.bss)
    htim5                                    0x200002f8   Data          72  tim.o(.bss)
    huart5                                   0x20000340   Data          72  usart.o(.bss)
    huart1                                   0x20000388   Data          72  usart.o(.bss)
    huart3                                   0x200003d0   Data          72  usart.o(.bss)
    huart6                                   0x20000418   Data          72  usart.o(.bss)
    usb_tx_virtual_com                       0x20000460   Data         256  tmc2209.o(.bss)
    tmc2209_rx_data                          0x20000560   Data         256  tmc2209.o(.bss)
    debugstring                              0x20000660   Data         100  debug.o(.bss)
    debugbuffer                              0x200006c4   Data         100  debug.o(.bss)
    save_buffer                              0x20000728   Data         256  debug.o(.bss)
    buffer_rx                                0x20000828   Data         258  uartface.o(.bss)
    Uart6_RxBuffer                           0x2000092a   Data         256  uartface.o(.bss)
    hUsbDeviceFS                             0x20000a2c   Data         732  usb_device.o(.bss)
    USBD_StrDesc                             0x20000d08   Data         512  usbd_desc.o(.bss)
    UserRxBufferFS                           0x20000f08   Data        2048  usbd_cdc_if.o(.bss)
    UserTxBufferFS                           0x20001708   Data        2048  usbd_cdc_if.o(.bss)
    hpcd_USB_OTG_FS                          0x20002128   Data        1252  usbd_conf.o(.bss)
    __initial_sp                             0x20002a10   Data           0  startup_stm32f405xx.o(STACK)



==============================================================================

Memory Map of the image

  Image Entry point : 0x08000189

  Load Region LR_IROM1 (Base: 0x08000000, Size: 0x00007560, Max: 0x00100000, ABSOLUTE, COMPRESSED[0x000074f4])

    Execution Region ER_IROM1 (Exec base: 0x08000000, Load base: 0x08000000, Size: 0x00007434, Max: 0x00100000, ABSOLUTE)

    Exec Addr    Load Addr    Size         Type   Attr      Idx    E Section Name        Object

    0x08000000   0x08000000   0x00000188   Data   RO            3    RESET               startup_stm32f405xx.o
    0x08000188   0x08000188   0x00000000   Code   RO         6046  * .ARM.Collect$$$$00000000  mc_w.l(entry.o)
    0x08000188   0x08000188   0x00000004   Code   RO         6320    .ARM.Collect$$$$00000001  mc_w.l(entry2.o)
    0x0800018c   0x0800018c   0x00000004   Code   RO         6323    .ARM.Collect$$$$00000004  mc_w.l(entry5.o)
    0x08000190   0x08000190   0x00000000   Code   RO         6325    .ARM.Collect$$$$00000008  mc_w.l(entry7b.o)
    0x08000190   0x08000190   0x00000000   Code   RO         6327    .ARM.Collect$$$$0000000A  mc_w.l(entry8b.o)
    0x08000190   0x08000190   0x00000008   Code   RO         6328    .ARM.Collect$$$$0000000B  mc_w.l(entry9a.o)
    0x08000198   0x08000198   0x00000004   Code   RO         6335    .ARM.Collect$$$$0000000E  mc_w.l(entry12b.o)
    0x0800019c   0x0800019c   0x00000000   Code   RO         6330    .ARM.Collect$$$$0000000F  mc_w.l(entry10a.o)
    0x0800019c   0x0800019c   0x00000000   Code   RO         6332    .ARM.Collect$$$$00000011  mc_w.l(entry11a.o)
    0x0800019c   0x0800019c   0x00000004   Code   RO         6321    .ARM.Collect$$$$00002712  mc_w.l(entry2.o)
    0x080001a0   0x080001a0   0x00000024   Code   RO            4    .text               startup_stm32f405xx.o
    0x080001c4   0x080001c4   0x00000062   Code   RO         6049    .text               mc_w.l(uldiv.o)
    0x08000226   0x08000226   0x00000024   Code   RO         6051    .text               mc_w.l(memcpya.o)
    0x0800024a   0x0800024a   0x00000024   Code   RO         6053    .text               mc_w.l(memseta.o)
    0x0800026e   0x0800026e   0x00000026   Code   RO         6318    .text               mf_w.l(f2d.o)
    0x08000294   0x08000294   0x0000002c   Code   RO         6337    .text               mc_w.l(uidiv.o)
    0x080002c0   0x080002c0   0x0000001e   Code   RO         6339    .text               mc_w.l(llshl.o)
    0x080002de   0x080002de   0x00000020   Code   RO         6341    .text               mc_w.l(llushr.o)
    0x080002fe   0x080002fe   0x00000000   Code   RO         6343    .text               mc_w.l(iusefp.o)
    0x080002fe   0x080002fe   0x0000014e   Code   RO         6344    .text               mf_w.l(dadd.o)
    0x0800044c   0x0800044c   0x000000e4   Code   RO         6346    .text               mf_w.l(dmul.o)
    0x08000530   0x08000530   0x000000de   Code   RO         6348    .text               mf_w.l(ddiv.o)
    0x0800060e   0x0800060e   0x00000030   Code   RO         6350    .text               mf_w.l(dfixul.o)
    0x0800063e   0x0800063e   0x00000002   PAD
    0x08000640   0x08000640   0x00000030   Code   RO         6352    .text               mf_w.l(cdrcmple.o)
    0x08000670   0x08000670   0x00000024   Code   RO         6354    .text               mc_w.l(init.o)
    0x08000694   0x08000694   0x00000024   Code   RO         6356    .text               mc_w.l(llsshr.o)
    0x080006b8   0x080006b8   0x000000ba   Code   RO         6358    .text               mf_w.l(depilogue.o)
    0x08000772   0x08000772   0x00000056   Code   RO         6368    .text               mc_w.l(__dczerorl2.o)
    0x080007c8   0x080007c8   0x00000128   Code   RO         2408    i.ADC_Init          stm32f4xx_hal_adc.o
    0x080008f0   0x080008f0   0x00000002   Code   RO          522    i.BusFault_Handler  stm32f4xx_it.o
    0x080008f2   0x080008f2   0x00000004   Code   RO         5382    i.CDC_Control_FS    usbd_cdc_if.o
    0x080008f6   0x080008f6   0x00000004   Code   RO         5383    i.CDC_DeInit_FS     usbd_cdc_if.o
    0x080008fa   0x080008fa   0x00000002   PAD
    0x080008fc   0x080008fc   0x00000024   Code   RO         5384    i.CDC_Init_FS       usbd_cdc_if.o
    0x08000920   0x08000920   0x00000018   Code   RO         5385    i.CDC_Receive_FS    usbd_cdc_if.o
    0x08000938   0x08000938   0x00000004   Code   RO         5386    i.CDC_TransmitCplt_FS  usbd_cdc_if.o
    0x0800093c   0x0800093c   0x0000002c   Code   RO         5387    i.CDC_Transmit_FS   usbd_cdc_if.o
    0x08000968   0x08000968   0x00000048   Code   RO         4936    i.DebugInit         debug.o
    0x080009b0   0x080009b0   0x00000002   Code   RO          523    i.DebugMon_Handler  stm32f4xx_it.o
    0x080009b2   0x080009b2   0x00000004   Code   RO           13    i.Error_Handler     main.o
    0x080009b6   0x080009b6   0x00000002   PAD
    0x080009b8   0x080009b8   0x0000014c   Code   RO         2410    i.HAL_ADC_ConfigChannel  stm32f4xx_hal_adc.o
    0x08000b04   0x08000b04   0x00000054   Code   RO         2419    i.HAL_ADC_Init      stm32f4xx_hal_adc.o
    0x08000b58   0x08000b58   0x00000060   Code   RO          271    i.HAL_ADC_MspInit   adc.o
    0x08000bb8   0x08000bb8   0x00000092   Code   RO         1717    i.HAL_DMA_Abort     stm32f4xx_hal_dma.o
    0x08000c4a   0x08000c4a   0x00000024   Code   RO         1718    i.HAL_DMA_Abort_IT  stm32f4xx_hal_dma.o
    0x08000c6e   0x08000c6e   0x00000002   PAD
    0x08000c70   0x08000c70   0x00000024   Code   RO         2154    i.HAL_Delay         stm32f4xx_hal.o
    0x08000c94   0x08000c94   0x000001d0   Code   RO         1610    i.HAL_GPIO_Init     stm32f4xx_hal_gpio.o
    0x08000e64   0x08000e64   0x0000000a   Code   RO         1612    i.HAL_GPIO_ReadPin  stm32f4xx_hal_gpio.o
    0x08000e6e   0x08000e6e   0x00000010   Code   RO         1613    i.HAL_GPIO_TogglePin  stm32f4xx_hal_gpio.o
    0x08000e7e   0x08000e7e   0x0000000a   Code   RO         1614    i.HAL_GPIO_WritePin  stm32f4xx_hal_gpio.o
    0x08000e88   0x08000e88   0x0000000c   Code   RO         2160    i.HAL_GetTick       stm32f4xx_hal.o
    0x08000e94   0x08000e94   0x00000188   Code   RO         2694    i.HAL_I2C_Init      stm32f4xx_hal_i2c.o
    0x0800101c   0x0800101c   0x0000006c   Code   RO          313    i.HAL_I2C_MspInit   i2c.o
    0x08001088   0x08001088   0x00000010   Code   RO         2166    i.HAL_IncTick       stm32f4xx_hal.o
    0x08001098   0x08001098   0x00000034   Code   RO         2167    i.HAL_Init          stm32f4xx_hal.o
    0x080010cc   0x080010cc   0x00000040   Code   RO         2168    i.HAL_InitTick      stm32f4xx_hal.o
    0x0800110c   0x0800110c   0x00000030   Code   RO          646    i.HAL_MspInit       stm32f4xx_hal_msp.o
    0x0800113c   0x0800113c   0x0000001a   Code   RO         2002    i.HAL_NVIC_EnableIRQ  stm32f4xx_hal_cortex.o
    0x08001156   0x08001156   0x00000002   PAD
    0x08001158   0x08001158   0x00000040   Code   RO         2008    i.HAL_NVIC_SetPriority  stm32f4xx_hal_cortex.o
    0x08001198   0x08001198   0x00000024   Code   RO         2009    i.HAL_NVIC_SetPriorityGrouping  stm32f4xx_hal_cortex.o
    0x080011bc   0x080011bc   0x00000002   Code   RO          909    i.HAL_PCDEx_LPM_Callback  stm32f4xx_hal_pcd_ex.o
    0x080011be   0x080011be   0x00000008   Code   RO          910    i.HAL_PCDEx_SetRxFiFo  stm32f4xx_hal_pcd_ex.o
    0x080011c6   0x080011c6   0x00000044   Code   RO          911    i.HAL_PCDEx_SetTxFiFo  stm32f4xx_hal_pcd_ex.o
    0x0800120a   0x0800120a   0x00000008   Code   RO         5439    i.HAL_PCD_ConnectCallback  usbd_conf.o
    0x08001212   0x08001212   0x00000012   Code   RO         5440    i.HAL_PCD_DataInStageCallback  usbd_conf.o
    0x08001224   0x08001224   0x00000014   Code   RO         5441    i.HAL_PCD_DataOutStageCallback  usbd_conf.o
    0x08001238   0x08001238   0x00000008   Code   RO         5442    i.HAL_PCD_DisconnectCallback  usbd_conf.o
    0x08001240   0x08001240   0x0000001e   Code   RO          679    i.HAL_PCD_EP_Abort  stm32f4xx_hal_pcd.o
    0x0800125e   0x0800125e   0x0000004a   Code   RO          680    i.HAL_PCD_EP_Close  stm32f4xx_hal_pcd.o
    0x080012a8   0x080012a8   0x0000005a   Code   RO          681    i.HAL_PCD_EP_ClrStall  stm32f4xx_hal_pcd.o
    0x08001302   0x08001302   0x00000012   Code   RO          683    i.HAL_PCD_EP_GetRxCount  stm32f4xx_hal_pcd.o
    0x08001314   0x08001314   0x00000062   Code   RO          684    i.HAL_PCD_EP_Open   stm32f4xx_hal_pcd.o
    0x08001376   0x08001376   0x00000038   Code   RO          685    i.HAL_PCD_EP_Receive  stm32f4xx_hal_pcd.o
    0x080013ae   0x080013ae   0x00000072   Code   RO          686    i.HAL_PCD_EP_SetStall  stm32f4xx_hal_pcd.o
    0x08001420   0x08001420   0x00000032   Code   RO          687    i.HAL_PCD_EP_Transmit  stm32f4xx_hal_pcd.o
    0x08001452   0x08001452   0x00000002   PAD
    0x08001454   0x08001454   0x0000054c   Code   RO          689    i.HAL_PCD_IRQHandler  stm32f4xx_hal_pcd.o
    0x080019a0   0x080019a0   0x00000008   Code   RO         5443    i.HAL_PCD_ISOINIncompleteCallback  usbd_conf.o
    0x080019a8   0x080019a8   0x00000008   Code   RO         5444    i.HAL_PCD_ISOOUTIncompleteCallback  usbd_conf.o
    0x080019b0   0x080019b0   0x000000ca   Code   RO          692    i.HAL_PCD_Init      stm32f4xx_hal_pcd.o
    0x08001a7a   0x08001a7a   0x00000002   PAD
    0x08001a7c   0x08001a7c   0x00000084   Code   RO         5446    i.HAL_PCD_MspInit   usbd_conf.o
    0x08001b00   0x08001b00   0x0000002c   Code   RO         5447    i.HAL_PCD_ResetCallback  usbd_conf.o
    0x08001b2c   0x08001b2c   0x00000008   Code   RO         5448    i.HAL_PCD_ResumeCallback  usbd_conf.o
    0x08001b34   0x08001b34   0x00000008   Code   RO         5449    i.HAL_PCD_SOFCallback  usbd_conf.o
    0x08001b3c   0x08001b3c   0x00000026   Code   RO          698    i.HAL_PCD_SetAddress  stm32f4xx_hal_pcd.o
    0x08001b62   0x08001b62   0x0000000e   Code   RO         5450    i.HAL_PCD_SetupStageCallback  usbd_conf.o
    0x08001b70   0x08001b70   0x00000042   Code   RO          701    i.HAL_PCD_Start     stm32f4xx_hal_pcd.o
    0x08001bb2   0x08001bb2   0x00000002   PAD
    0x08001bb4   0x08001bb4   0x00000030   Code   RO         5451    i.HAL_PCD_SuspendCallback  usbd_conf.o
    0x08001be4   0x08001be4   0x00000134   Code   RO         1256    i.HAL_RCC_ClockConfig  stm32f4xx_hal_rcc.o
    0x08001d18   0x08001d18   0x0000000c   Code   RO         1261    i.HAL_RCC_GetHCLKFreq  stm32f4xx_hal_rcc.o
    0x08001d24   0x08001d24   0x00000020   Code   RO         1263    i.HAL_RCC_GetPCLK1Freq  stm32f4xx_hal_rcc.o
    0x08001d44   0x08001d44   0x00000020   Code   RO         1264    i.HAL_RCC_GetPCLK2Freq  stm32f4xx_hal_rcc.o
    0x08001d64   0x08001d64   0x00000060   Code   RO         1265    i.HAL_RCC_GetSysClockFreq  stm32f4xx_hal_rcc.o
    0x08001dc4   0x08001dc4   0x00000358   Code   RO         1268    i.HAL_RCC_OscConfig  stm32f4xx_hal_rcc.o
    0x0800211c   0x0800211c   0x000000bc   Code   RO         3149    i.HAL_SPI_Init      stm32f4xx_hal_spi.o
    0x080021d8   0x080021d8   0x00000090   Code   RO          355    i.HAL_SPI_MspInit   spi.o
    0x08002268   0x08002268   0x00000028   Code   RO         2013    i.HAL_SYSTICK_Config  stm32f4xx_hal_cortex.o
    0x08002290   0x08002290   0x00000002   Code   RO         4166    i.HAL_TIMEx_BreakCallback  stm32f4xx_hal_tim_ex.o
    0x08002292   0x08002292   0x00000002   Code   RO         4167    i.HAL_TIMEx_CommutCallback  stm32f4xx_hal_tim_ex.o
    0x08002294   0x08002294   0x00000090   Code   RO         4185    i.HAL_TIMEx_MasterConfigSynchronization  stm32f4xx_hal_tim_ex.o
    0x08002324   0x08002324   0x0000005a   Code   RO         3462    i.HAL_TIM_Base_Init  stm32f4xx_hal_tim.o
    0x0800237e   0x0800237e   0x00000002   PAD
    0x08002380   0x08002380   0x000000a8   Code   RO          397    i.HAL_TIM_Base_MspInit  tim.o
    0x08002428   0x08002428   0x00000080   Code   RO         3467    i.HAL_TIM_Base_Start_IT  stm32f4xx_hal_tim.o
    0x080024a8   0x080024a8   0x000000dc   Code   RO         3471    i.HAL_TIM_ConfigClockSource  stm32f4xx_hal_tim.o
    0x08002584   0x08002584   0x00000002   Code   RO         3496    i.HAL_TIM_IC_CaptureCallback  stm32f4xx_hal_tim.o
    0x08002586   0x08002586   0x00000130   Code   RO         3510    i.HAL_TIM_IRQHandler  stm32f4xx_hal_tim.o
    0x080026b6   0x080026b6   0x00000002   PAD
    0x080026b8   0x080026b8   0x000000a8   Code   RO          398    i.HAL_TIM_MspPostInit  tim.o
    0x08002760   0x08002760   0x00000002   Code   RO         3513    i.HAL_TIM_OC_DelayElapsedCallback  stm32f4xx_hal_tim.o
    0x08002762   0x08002762   0x000000cc   Code   RO         3534    i.HAL_TIM_PWM_ConfigChannel  stm32f4xx_hal_tim.o
    0x0800282e   0x0800282e   0x0000005a   Code   RO         3537    i.HAL_TIM_PWM_Init  stm32f4xx_hal_tim.o
    0x08002888   0x08002888   0x00000002   Code   RO         3539    i.HAL_TIM_PWM_MspInit  stm32f4xx_hal_tim.o
    0x0800288a   0x0800288a   0x00000002   PAD
    0x0800288c   0x0800288c   0x00000068   Code   RO         4834    i.HAL_TIM_PWM_PulseFinishedCallback  tmc2209.o
    0x080028f4   0x080028f4   0x000000d0   Code   RO         3542    i.HAL_TIM_PWM_Start  stm32f4xx_hal_tim.o
    0x080029c4   0x080029c4   0x00000108   Code   RO         3544    i.HAL_TIM_PWM_Start_IT  stm32f4xx_hal_tim.o
    0x08002acc   0x08002acc   0x000000bc   Code   RO         3547    i.HAL_TIM_PWM_Stop_IT  stm32f4xx_hal_tim.o
    0x08002b88   0x08002b88   0x00000010   Code   RO         5106    i.HAL_TIM_PeriodElapsedCallback  key.o
    0x08002b98   0x08002b98   0x00000002   Code   RO         3553    i.HAL_TIM_TriggerCallback  stm32f4xx_hal_tim.o
    0x08002b9a   0x08002b9a   0x00000002   Code   RO         4445    i.HAL_UARTEx_RxEventCallback  stm32f4xx_hal_uart.o
    0x08002b9c   0x08002b9c   0x00000002   Code   RO         4459    i.HAL_UART_ErrorCallback  stm32f4xx_hal_uart.o
    0x08002b9e   0x08002b9e   0x00000002   PAD
    0x08002ba0   0x08002ba0   0x00000270   Code   RO         4462    i.HAL_UART_IRQHandler  stm32f4xx_hal_uart.o
    0x08002e10   0x08002e10   0x00000064   Code   RO         4463    i.HAL_UART_Init     stm32f4xx_hal_uart.o
    0x08002e74   0x08002e74   0x0000019c   Code   RO          463    i.HAL_UART_MspInit  usart.o
    0x08003010   0x08003010   0x0000001c   Code   RO         4468    i.HAL_UART_Receive_IT  stm32f4xx_hal_uart.o
    0x0800302c   0x0800302c   0x00000048   Code   RO         5185    i.HAL_UART_RxCpltCallback  uartface.o
    0x08003074   0x08003074   0x000000a0   Code   RO         4471    i.HAL_UART_Transmit  stm32f4xx_hal_uart.o
    0x08003114   0x08003114   0x00000002   Code   RO         4474    i.HAL_UART_TxCpltCallback  stm32f4xx_hal_uart.o
    0x08003116   0x08003116   0x00000002   Code   RO          524    i.HardFault_Handler  stm32f4xx_it.o
    0x08003118   0x08003118   0x00000036   Code   RO         5296    i.IntToUnicode      usbd_desc.o
    0x0800314e   0x0800314e   0x00000004   Code   RO         5107    i.Key_GetState      key.o
    0x08003152   0x08003152   0x00000002   PAD
    0x08003154   0x08003154   0x0000000c   Code   RO         5108    i.Key_Init          key.o
    0x08003160   0x08003160   0x000000b0   Code   RO         5110    i.Key_stepmotor1_test  key.o
    0x08003210   0x08003210   0x00000018   Code   RO         5112    i.Key_task          key.o
    0x08003228   0x08003228   0x00000008   Code   RO         4985    i.LED_Init          led.o
    0x08003230   0x08003230   0x00000008   Code   RO         4987    i.LED_On            led.o
    0x08003238   0x08003238   0x00000004   Code   RO         4988    i.LED_Toggle        led.o
    0x0800323c   0x0800323c   0x00000060   Code   RO          272    i.MX_ADC1_Init      adc.o
    0x0800329c   0x0800329c   0x00000108   Code   RO          246    i.MX_GPIO_Init      gpio.o
    0x080033a4   0x080033a4   0x00000040   Code   RO          314    i.MX_I2C1_Init      i2c.o
    0x080033e4   0x080033e4   0x00000044   Code   RO          356    i.MX_SPI2_Init      spi.o
    0x08003428   0x08003428   0x00000068   Code   RO          399    i.MX_TIM1_Init      tim.o
    0x08003490   0x08003490   0x0000009c   Code   RO          400    i.MX_TIM3_Init      tim.o
    0x0800352c   0x0800352c   0x0000009c   Code   RO          401    i.MX_TIM4_Init      tim.o
    0x080035c8   0x080035c8   0x000000bc   Code   RO          402    i.MX_TIM5_Init      tim.o
    0x08003684   0x08003684   0x00000038   Code   RO          464    i.MX_UART5_Init     usart.o
    0x080036bc   0x080036bc   0x00000038   Code   RO          465    i.MX_USART1_UART_Init  usart.o
    0x080036f4   0x080036f4   0x00000038   Code   RO          466    i.MX_USART3_UART_Init  usart.o
    0x0800372c   0x0800372c   0x00000038   Code   RO          467    i.MX_USART6_UART_Init  usart.o
    0x08003764   0x08003764   0x00000054   Code   RO         5248    i.MX_USB_DEVICE_Init  usb_device.o
    0x080037b8   0x080037b8   0x00000002   Code   RO          525    i.MemManage_Handler  stm32f4xx_it.o
    0x080037ba   0x080037ba   0x00000002   Code   RO          526    i.NMI_Handler       stm32f4xx_it.o
    0x080037bc   0x080037bc   0x0000000c   Code   RO          527    i.OTG_FS_IRQHandler  stm32f4xx_it.o
    0x080037c8   0x080037c8   0x000000cc   Code   RO          705    i.PCD_EP_OutXfrComplete_int  stm32f4xx_hal_pcd.o
    0x08003894   0x08003894   0x00000098   Code   RO          706    i.PCD_WriteEmptyTxFifo  stm32f4xx_hal_pcd.o
    0x0800392c   0x0800392c   0x00000002   Code   RO          528    i.PendSV_Handler    stm32f4xx_it.o
    0x0800392e   0x0800392e   0x00000002   PAD
    0x08003930   0x08003930   0x000001fc   Code   RO         5187    i.PrintControlData_Type  uartface.o
    0x08003b2c   0x08003b2c   0x000002b0   Code   RO         5188    i.RxBufferParse     uartface.o
    0x08003ddc   0x08003ddc   0x00000002   Code   RO          529    i.SVC_Handler       stm32f4xx_it.o
    0x08003dde   0x08003dde   0x0000000a   Code   RO         5805    i.SWAPBYTE          usbd_ctlreq.o
    0x08003de8   0x08003de8   0x00000004   Code   RO          530    i.SysTick_Handler   stm32f4xx_it.o
    0x08003dec   0x08003dec   0x00000090   Code   RO           14    i.SystemClock_Config  main.o
    0x08003e7c   0x08003e7c   0x00000010   Code   RO         4797    i.SystemInit        system_stm32f4xx.o
    0x08003e8c   0x08003e8c   0x0000000c   Code   RO          531    i.TIM1_UP_TIM10_IRQHandler  stm32f4xx_it.o
    0x08003e98   0x08003e98   0x0000000c   Code   RO          532    i.TIM3_IRQHandler   stm32f4xx_it.o
    0x08003ea4   0x08003ea4   0x0000000c   Code   RO          533    i.TIM4_IRQHandler   stm32f4xx_it.o
    0x08003eb0   0x08003eb0   0x000000d8   Code   RO         3555    i.TIM_Base_SetConfig  stm32f4xx_hal_tim.o
    0x08003f88   0x08003f88   0x0000001a   Code   RO         3556    i.TIM_CCxChannelCmd  stm32f4xx_hal_tim.o
    0x08003fa2   0x08003fa2   0x00000014   Code   RO         3566    i.TIM_ETR_SetConfig  stm32f4xx_hal_tim.o
    0x08003fb6   0x08003fb6   0x00000010   Code   RO         3567    i.TIM_ITRx_SetConfig  stm32f4xx_hal_tim.o
    0x08003fc6   0x08003fc6   0x00000002   PAD
    0x08003fc8   0x08003fc8   0x00000060   Code   RO         3568    i.TIM_OC1_SetConfig  stm32f4xx_hal_tim.o
    0x08004028   0x08004028   0x0000006c   Code   RO         3569    i.TIM_OC2_SetConfig  stm32f4xx_hal_tim.o
    0x08004094   0x08004094   0x00000068   Code   RO         3570    i.TIM_OC3_SetConfig  stm32f4xx_hal_tim.o
    0x080040fc   0x080040fc   0x00000050   Code   RO         3571    i.TIM_OC4_SetConfig  stm32f4xx_hal_tim.o
    0x0800414c   0x0800414c   0x00000022   Code   RO         3573    i.TIM_TI1_ConfigInputStage  stm32f4xx_hal_tim.o
    0x0800416e   0x0800416e   0x00000024   Code   RO         3575    i.TIM_TI2_ConfigInputStage  stm32f4xx_hal_tim.o
    0x08004192   0x08004192   0x00000002   PAD
    0x08004194   0x08004194   0x00000048   Code   RO         4835    i.TMC2209_Begain    tmc2209.o
    0x080041dc   0x080041dc   0x00000084   Code   RO         4836    i.TMC2209_Control   tmc2209.o
    0x08004260   0x08004260   0x00000068   Code   RO         4837    i.TMC2209_Init      tmc2209.o
    0x080042c8   0x080042c8   0x00000068   Code   RO         4841    i.TMC2209_SpeedControl  tmc2209.o
    0x08004330   0x08004330   0x000000a8   Code   RO         5189    i.TestCopyBuffer    uartface.o
    0x080043d8   0x080043d8   0x0000000c   Code   RO          534    i.UART5_IRQHandler  stm32f4xx_it.o
    0x080043e4   0x080043e4   0x00000010   Code   RO         4476    i.UART_DMAAbortOnError  stm32f4xx_hal_uart.o
    0x080043f4   0x080043f4   0x0000004e   Code   RO         4486    i.UART_EndRxTransfer  stm32f4xx_hal_uart.o
    0x08004442   0x08004442   0x000000c2   Code   RO         4488    i.UART_Receive_IT   stm32f4xx_hal_uart.o
    0x08004504   0x08004504   0x0000010c   Code   RO         4489    i.UART_SetConfig    stm32f4xx_hal_uart.o
    0x08004610   0x08004610   0x00000036   Code   RO         4491    i.UART_Start_Receive_IT  stm32f4xx_hal_uart.o
    0x08004646   0x08004646   0x00000070   Code   RO         4492    i.UART_WaitOnFlagUntilTimeout  stm32f4xx_hal_uart.o
    0x080046b6   0x080046b6   0x00000002   PAD
    0x080046b8   0x080046b8   0x0000000c   Code   RO          535    i.USART1_IRQHandler  stm32f4xx_it.o
    0x080046c4   0x080046c4   0x0000000c   Code   RO          536    i.USART3_IRQHandler  stm32f4xx_it.o
    0x080046d0   0x080046d0   0x0000000c   Code   RO          537    i.USART6_IRQHandler  stm32f4xx_it.o
    0x080046dc   0x080046dc   0x00000076   Code   RO         5943    i.USBD_CDC_DataIn   usbd_cdc.o
    0x08004752   0x08004752   0x0000003c   Code   RO         5944    i.USBD_CDC_DataOut  usbd_cdc.o
    0x0800478e   0x0800478e   0x00000002   PAD
    0x08004790   0x08004790   0x00000090   Code   RO         5945    i.USBD_CDC_DeInit   usbd_cdc.o
    0x08004820   0x08004820   0x00000036   Code   RO         5946    i.USBD_CDC_EP0_RxReady  usbd_cdc.o
    0x08004856   0x08004856   0x00000002   PAD
    0x08004858   0x08004858   0x0000000c   Code   RO         5947    i.USBD_CDC_GetDeviceQualifierDescriptor  usbd_cdc.o
    0x08004864   0x08004864   0x0000003c   Code   RO         5948    i.USBD_CDC_GetFSCfgDesc  usbd_cdc.o
    0x080048a0   0x080048a0   0x00000040   Code   RO         5949    i.USBD_CDC_GetHSCfgDesc  usbd_cdc.o
    0x080048e0   0x080048e0   0x0000003c   Code   RO         5950    i.USBD_CDC_GetOtherSpeedCfgDesc  usbd_cdc.o
    0x0800491c   0x0800491c   0x00000118   Code   RO         5951    i.USBD_CDC_Init     usbd_cdc.o
    0x08004a34   0x08004a34   0x00000038   Code   RO         5952    i.USBD_CDC_ReceivePacket  usbd_cdc.o
    0x08004a6c   0x08004a6c   0x00000016   Code   RO         5953    i.USBD_CDC_RegisterInterface  usbd_cdc.o
    0x08004a82   0x08004a82   0x0000001a   Code   RO         5954    i.USBD_CDC_SetRxBuffer  usbd_cdc.o
    0x08004a9c   0x08004a9c   0x0000001e   Code   RO         5955    i.USBD_CDC_SetTxBuffer  usbd_cdc.o
    0x08004aba   0x08004aba   0x000000d4   Code   RO         5956    i.USBD_CDC_Setup    usbd_cdc.o
    0x08004b8e   0x08004b8e   0x00000002   PAD
    0x08004b90   0x08004b90   0x00000050   Code   RO         5957    i.USBD_CDC_TransmitPacket  usbd_cdc.o
    0x08004be0   0x08004be0   0x00000014   Code   RO         5646    i.USBD_ClrClassConfig  usbd_core.o
    0x08004bf4   0x08004bf4   0x00000004   Code   RO         5647    i.USBD_CoreFindEP   usbd_core.o
    0x08004bf8   0x08004bf8   0x00000004   Code   RO         5648    i.USBD_CoreFindIF   usbd_core.o
    0x08004bfc   0x08004bfc   0x00000010   Code   RO         5883    i.USBD_CtlContinueRx  usbd_ioreq.o
    0x08004c0c   0x08004c0c   0x00000010   Code   RO         5884    i.USBD_CtlContinueSendData  usbd_ioreq.o
    0x08004c1c   0x08004c1c   0x00000016   Code   RO         5806    i.USBD_CtlError     usbd_ctlreq.o
    0x08004c32   0x08004c32   0x0000001e   Code   RO         5885    i.USBD_CtlPrepareRx  usbd_ioreq.o
    0x08004c50   0x08004c50   0x00000016   Code   RO         5886    i.USBD_CtlReceiveStatus  usbd_ioreq.o
    0x08004c66   0x08004c66   0x0000001a   Code   RO         5887    i.USBD_CtlSendData  usbd_ioreq.o
    0x08004c80   0x08004c80   0x00000016   Code   RO         5888    i.USBD_CtlSendStatus  usbd_ioreq.o
    0x08004c96   0x08004c96   0x00000002   PAD
    0x08004c98   0x08004c98   0x00000020   Code   RO         5297    i.USBD_FS_ConfigStrDescriptor  usbd_desc.o
    0x08004cb8   0x08004cb8   0x0000000c   Code   RO         5298    i.USBD_FS_DeviceDescriptor  usbd_desc.o
    0x08004cc4   0x08004cc4   0x00000024   Code   RO         5299    i.USBD_FS_InterfaceStrDescriptor  usbd_desc.o
    0x08004ce8   0x08004ce8   0x0000000c   Code   RO         5300    i.USBD_FS_LangIDStrDescriptor  usbd_desc.o
    0x08004cf4   0x08004cf4   0x00000028   Code   RO         5301    i.USBD_FS_ManufacturerStrDescriptor  usbd_desc.o
    0x08004d1c   0x08004d1c   0x0000002c   Code   RO         5302    i.USBD_FS_ProductStrDescriptor  usbd_desc.o
    0x08004d48   0x08004d48   0x00000038   Code   RO         5303    i.USBD_FS_SerialStrDescriptor  usbd_desc.o
    0x08004d80   0x08004d80   0x000000e6   Code   RO         5807    i.USBD_GetDescriptor  usbd_ctlreq.o
    0x08004e66   0x08004e66   0x0000003a   Code   RO         5650    i.USBD_GetEpDesc    usbd_core.o
    0x08004ea0   0x08004ea0   0x00000014   Code   RO         5808    i.USBD_GetLen       usbd_ctlreq.o
    0x08004eb4   0x08004eb4   0x0000000e   Code   RO         5651    i.USBD_GetNextDesc  usbd_core.o
    0x08004ec2   0x08004ec2   0x0000004e   Code   RO         5809    i.USBD_GetString    usbd_ctlreq.o
    0x08004f10   0x08004f10   0x00000018   Code   RO         5452    i.USBD_Get_USB_Status  usbd_conf.o
    0x08004f28   0x08004f28   0x00000026   Code   RO         5652    i.USBD_Init         usbd_core.o
    0x08004f4e   0x08004f4e   0x00000012   Code   RO         5453    i.USBD_LL_ClearStallEP  usbd_conf.o
    0x08004f60   0x08004f60   0x00000012   Code   RO         5454    i.USBD_LL_CloseEP   usbd_conf.o
    0x08004f72   0x08004f72   0x000000b2   Code   RO         5653    i.USBD_LL_DataInStage  usbd_core.o
    0x08005024   0x08005024   0x00000096   Code   RO         5654    i.USBD_LL_DataOutStage  usbd_core.o
    0x080050ba   0x080050ba   0x00000004   Code   RO         5655    i.USBD_LL_DevConnected  usbd_core.o
    0x080050be   0x080050be   0x0000001e   Code   RO         5656    i.USBD_LL_DevDisconnected  usbd_core.o
    0x080050dc   0x080050dc   0x00000008   Code   RO         5458    i.USBD_LL_GetRxDataSize  usbd_conf.o
    0x080050e4   0x080050e4   0x00000060   Code   RO         5459    i.USBD_LL_Init      usbd_conf.o
    0x08005144   0x08005144   0x0000001e   Code   RO         5460    i.USBD_LL_IsStallEP  usbd_conf.o
    0x08005162   0x08005162   0x00000028   Code   RO         5657    i.USBD_LL_IsoINIncomplete  usbd_core.o
    0x0800518a   0x0800518a   0x00000028   Code   RO         5658    i.USBD_LL_IsoOUTIncomplete  usbd_core.o
    0x080051b2   0x080051b2   0x00000018   Code   RO         5461    i.USBD_LL_OpenEP    usbd_conf.o
    0x080051ca   0x080051ca   0x00000012   Code   RO         5462    i.USBD_LL_PrepareReceive  usbd_conf.o
    0x080051dc   0x080051dc   0x0000005c   Code   RO         5659    i.USBD_LL_Reset     usbd_core.o
    0x08005238   0x08005238   0x00000014   Code   RO         5660    i.USBD_LL_Resume    usbd_core.o
    0x0800524c   0x0800524c   0x0000001a   Code   RO         5661    i.USBD_LL_SOF       usbd_core.o
    0x08005266   0x08005266   0x00000006   Code   RO         5662    i.USBD_LL_SetSpeed  usbd_core.o
    0x0800526c   0x0800526c   0x00000012   Code   RO         5463    i.USBD_LL_SetUSBAddress  usbd_conf.o
    0x0800527e   0x0800527e   0x00000060   Code   RO         5663    i.USBD_LL_SetupStage  usbd_core.o
    0x080052de   0x080052de   0x00000012   Code   RO         5464    i.USBD_LL_StallEP   usbd_conf.o
    0x080052f0   0x080052f0   0x00000012   Code   RO         5465    i.USBD_LL_Start     usbd_conf.o
    0x08005302   0x08005302   0x0000001a   Code   RO         5664    i.USBD_LL_Suspend   usbd_core.o
    0x0800531c   0x0800531c   0x00000012   Code   RO         5467    i.USBD_LL_Transmit  usbd_conf.o
    0x0800532e   0x0800532e   0x00000030   Code   RO         5810    i.USBD_ParseSetupRequest  usbd_ctlreq.o
    0x0800535e   0x0800535e   0x0000003a   Code   RO         5665    i.USBD_RegisterClass  usbd_core.o
    0x08005398   0x08005398   0x00000014   Code   RO         5667    i.USBD_SetClassConfig  usbd_core.o
    0x080053ac   0x080053ac   0x000000b8   Code   RO         5811    i.USBD_SetConfig    usbd_ctlreq.o
    0x08005464   0x08005464   0x00000004   Code   RO         5668    i.USBD_Start        usbd_core.o
    0x08005468   0x08005468   0x0000012c   Code   RO         5812    i.USBD_StdDevReq    usbd_ctlreq.o
    0x08005594   0x08005594   0x00000160   Code   RO         5813    i.USBD_StdEPReq     usbd_ctlreq.o
    0x080056f4   0x080056f4   0x00000072   Code   RO         5814    i.USBD_StdItfReq    usbd_ctlreq.o
    0x08005766   0x08005766   0x00000002   Code   RO         5468    i.USBD_static_free  usbd_conf.o
    0x08005768   0x08005768   0x00000008   Code   RO         5469    i.USBD_static_malloc  usbd_conf.o
    0x08005770   0x08005770   0x00000080   Code   RO          951    i.USB_ActivateEndpoint  stm32f4xx_ll_usb.o
    0x080057f0   0x080057f0   0x0000001c   Code   RO          953    i.USB_ActivateSetup  stm32f4xx_ll_usb.o
    0x0800580c   0x0800580c   0x00000084   Code   RO          955    i.USB_CoreInit      stm32f4xx_ll_usb.o
    0x08005890   0x08005890   0x0000003c   Code   RO          956    i.USB_CoreReset     stm32f4xx_ll_usb.o
    0x080058cc   0x080058cc   0x000000d0   Code   RO          959    i.USB_DeactivateEndpoint  stm32f4xx_ll_usb.o
    0x0800599c   0x0800599c   0x0000001c   Code   RO          960    i.USB_DevConnect    stm32f4xx_ll_usb.o
    0x080059b8   0x080059b8   0x0000001c   Code   RO          961    i.USB_DevDisconnect  stm32f4xx_ll_usb.o
    0x080059d4   0x080059d4   0x00000170   Code   RO          962    i.USB_DevInit       stm32f4xx_ll_usb.o
    0x08005b44   0x08005b44   0x0000000c   Code   RO          963    i.USB_DisableGlobalInt  stm32f4xx_ll_usb.o
    0x08005b50   0x08005b50   0x00000058   Code   RO          966    i.USB_EP0_OutStart  stm32f4xx_ll_usb.o
    0x08005ba8   0x08005ba8   0x00000058   Code   RO          967    i.USB_EPClearStall  stm32f4xx_ll_usb.o
    0x08005c00   0x08005c00   0x00000058   Code   RO          968    i.USB_EPSetStall    stm32f4xx_ll_usb.o
    0x08005c58   0x08005c58   0x00000238   Code   RO          969    i.USB_EPStartXfer   stm32f4xx_ll_usb.o
    0x08005e90   0x08005e90   0x0000009c   Code   RO          970    i.USB_EPStopXfer    stm32f4xx_ll_usb.o
    0x08005f2c   0x08005f2c   0x0000000c   Code   RO          971    i.USB_EnableGlobalInt  stm32f4xx_ll_usb.o
    0x08005f38   0x08005f38   0x00000038   Code   RO          972    i.USB_FlushRxFifo   stm32f4xx_ll_usb.o
    0x08005f70   0x08005f70   0x0000003c   Code   RO          973    i.USB_FlushTxFifo   stm32f4xx_ll_usb.o
    0x08005fac   0x08005fac   0x0000001a   Code   RO          975    i.USB_GetDevSpeed   stm32f4xx_ll_usb.o
    0x08005fc6   0x08005fc6   0x00000008   Code   RO          977    i.USB_GetMode       stm32f4xx_ll_usb.o
    0x08005fce   0x08005fce   0x0000000e   Code   RO          985    i.USB_ReadDevAllInEpInterrupt  stm32f4xx_ll_usb.o
    0x08005fdc   0x08005fdc   0x0000000e   Code   RO          986    i.USB_ReadDevAllOutEpInterrupt  stm32f4xx_ll_usb.o
    0x08005fea   0x08005fea   0x00000024   Code   RO          987    i.USB_ReadDevInEPInterrupt  stm32f4xx_ll_usb.o
    0x0800600e   0x0800600e   0x00000010   Code   RO          988    i.USB_ReadDevOutEPInterrupt  stm32f4xx_ll_usb.o
    0x0800601e   0x0800601e   0x00000008   Code   RO          989    i.USB_ReadInterrupts  stm32f4xx_ll_usb.o
    0x08006026   0x08006026   0x0000003e   Code   RO          990    i.USB_ReadPacket    stm32f4xx_ll_usb.o
    0x08006064   0x08006064   0x0000005c   Code   RO          992    i.USB_SetCurrentMode  stm32f4xx_ll_usb.o
    0x080060c0   0x080060c0   0x00000022   Code   RO          993    i.USB_SetDevAddress  stm32f4xx_ll_usb.o
    0x080060e2   0x080060e2   0x00000002   PAD
    0x080060e4   0x080060e4   0x000000e8   Code   RO          995    i.USB_SetTurnaroundTime  stm32f4xx_ll_usb.o
    0x080061cc   0x080061cc   0x00000026   Code   RO          998    i.USB_WritePacket   stm32f4xx_ll_usb.o
    0x080061f2   0x080061f2   0x00000002   PAD
    0x080061f4   0x080061f4   0x000000a4   Code   RO         5190    i.UartFace_CallBack  uartface.o
    0x08006298   0x08006298   0x00000002   Code   RO          538    i.UsageFault_Handler  stm32f4xx_it.o
    0x0800629a   0x0800629a   0x00000002   PAD
    0x0800629c   0x0800629c   0x00000020   Code   RO         6290    i.__0printf         mc_w.l(printfa.o)
    0x080062bc   0x080062bc   0x00000028   Code   RO         6292    i.__0sprintf        mc_w.l(printfa.o)
    0x080062e4   0x080062e4   0x00000020   Code   RO         2015    i.__NVIC_SetPriority  stm32f4xx_hal_cortex.o
    0x08006304   0x08006304   0x0000000e   Code   RO         6362    i.__scatterload_copy  mc_w.l(handlers.o)
    0x08006312   0x08006312   0x00000002   Code   RO         6363    i.__scatterload_null  mc_w.l(handlers.o)
    0x08006314   0x08006314   0x0000000e   Code   RO         6364    i.__scatterload_zeroinit  mc_w.l(handlers.o)
    0x08006322   0x08006322   0x00000002   PAD
    0x08006324   0x08006324   0x00000184   Code   RO         6297    i._fp_digits        mc_w.l(printfa.o)
    0x080064a8   0x080064a8   0x000006b4   Code   RO         6298    i._printf_core      mc_w.l(printfa.o)
    0x08006b5c   0x08006b5c   0x00000024   Code   RO         6299    i._printf_post_padding  mc_w.l(printfa.o)
    0x08006b80   0x08006b80   0x0000002e   Code   RO         6300    i._printf_pre_padding  mc_w.l(printfa.o)
    0x08006bae   0x08006bae   0x0000000a   Code   RO         6302    i._sputc            mc_w.l(printfa.o)
    0x08006bb8   0x08006bb8   0x00000088   Code   RO         4938    i.debugprocess      debug.o
    0x08006c40   0x08006c40   0x00000018   Code   RO           15    i.fputc             main.o
    0x08006c58   0x08006c58   0x000000d4   Code   RO         5113    i.key_gripper_test  key.o
    0x08006d2c   0x08006d2c   0x000000ec   Code   RO         5114    i.key_press         key.o
    0x08006e18   0x08006e18   0x000000c4   Code   RO           16    i.main              main.o
    0x08006edc   0x08006edc   0x00000028   Code   RO         5030    i.servo_gripper     gripper.o
    0x08006f04   0x08006f04   0x0000010c   Code   RO         5031    i.servo_gripper_slow  gripper.o
    0x08007010   0x08007010   0x00000034   Code   RO         5032    i.servo_init        gripper.o
    0x08007044   0x08007044   0x0000001c   Code   RO         5034    i.servo_updown      gripper.o
    0x08007060   0x08007060   0x00000090   Code   RO         5035    i.servo_updown_slow  gripper.o
    0x080070f0   0x080070f0   0x00000010   Data   RO         4798    .constdata          system_stm32f4xx.o
    0x08007100   0x08007100   0x00000008   Data   RO         4799    .constdata          system_stm32f4xx.o
    0x08007108   0x08007108   0x0000030a   Data   RO         5193    .constdata          uartface.o
    0x08007412   0x08007412   0x00000002   PAD
    0x08007414   0x08007414   0x00000020   Data   RO         6360    Region$$Table       anon$$obj.o


    Execution Region RW_IRAM1 (Exec base: 0x20000000, Load base: 0x08007434, Size: 0x00002a10, Max: 0x0001c000, ABSOLUTE, COMPRESSED[0x000000c0])

    Exec Addr    Load Addr    Size         Type   Attr      Idx    E Section Name        Object

    0x20000000   COMPRESSED   0x0000000c   Data   RW         2174    .data               stm32f4xx_hal.o
    0x2000000c   COMPRESSED   0x00000004   Data   RW         4800    .data               system_stm32f4xx.o
    0x20000010   COMPRESSED   0x00000004   Data   RW         4848    .data               tmc2209.o
    0x20000014   COMPRESSED   0x00000003   Data   RW         4942    .data               debug.o
    0x20000017   COMPRESSED   0x00000001   PAD
    0x20000018   COMPRESSED   0x00000010   Data   RW         5115    .data               key.o
    0x20000028   COMPRESSED   0x00000004   Data   RW         5116    .data               key.o
    0x2000002c   COMPRESSED   0x00000004   Data   RW         5117    .data               key.o
    0x20000030   COMPRESSED   0x00000004   Data   RW         5194    .data               uartface.o
    0x20000034   COMPRESSED   0x0000001c   Data   RW         5305    .data               usbd_desc.o
    0x20000050   COMPRESSED   0x00000032   Data   RW         5306    .data               usbd_desc.o
    0x20000082   COMPRESSED   0x00000002   PAD
    0x20000084   COMPRESSED   0x00000014   Data   RW         5389    .data               usbd_cdc_if.o
    0x20000098   COMPRESSED   0x00000001   Data   RW         5815    .data               usbd_ctlreq.o
    0x20000099   COMPRESSED   0x00000003   PAD
    0x2000009c   COMPRESSED   0x00000053   Data   RW         5958    .data               usbd_cdc.o
    0x200000ef   COMPRESSED   0x00000001   PAD
    0x200000f0   COMPRESSED   0x00000038   Data   RW         5959    .data               usbd_cdc.o
    0x20000128   COMPRESSED   0x00000004   Data   RW         6336    .data               mc_w.l(stdout.o)
    0x2000012c        -       0x00000048   Zero   RW          273    .bss                adc.o
    0x20000174        -       0x00000054   Zero   RW          315    .bss                i2c.o
    0x200001c8        -       0x00000058   Zero   RW          357    .bss                spi.o
    0x20000220        -       0x00000120   Zero   RW          403    .bss                tim.o
    0x20000340        -       0x00000120   Zero   RW          468    .bss                usart.o
    0x20000460        -       0x00000200   Zero   RW         4846    .bss                tmc2209.o
    0x20000660        -       0x000001c8   Zero   RW         4939    .bss                debug.o
    0x20000828        -       0x00000202   Zero   RW         5191    .bss                uartface.o
    0x20000a2a   COMPRESSED   0x00000002   PAD
    0x20000a2c        -       0x000002dc   Zero   RW         5249    .bss                usb_device.o
    0x20000d08        -       0x00000200   Zero   RW         5304    .bss                usbd_desc.o
    0x20000f08        -       0x00001000   Zero   RW         5388    .bss                usbd_cdc_if.o
    0x20001f08        -       0x00000704   Zero   RW         5470    .bss                usbd_conf.o
    0x2000260c   COMPRESSED   0x00000004   PAD
    0x20002610        -       0x00000400   Zero   RW            1    STACK               startup_stm32f405xx.o


    Execution Region RW_IRAM2 (Exec base: 0x2001c000, Load base: 0x080074f4, Size: 0x00000000, Max: 0x00004000, ABSOLUTE)

    **** No section assigned to this execution region ****


==============================================================================

Image component sizes


      Code (inc. data)   RO Data    RW Data    ZI Data      Debug   Object Name

       192         24          0          0         72       1801   adc.o
       208         88          0          3        456       1931   debug.o
       264         18          0          0          0       1091   gpio.o
       532         26          0          0          0       5276   gripper.o
       172         28          0          0         84       1773   i2c.o
       680         48          0         24          0       5647   key.o
        20          0          0          0          0       1997   led.o
       368         46          0          0          0     690104   main.o
       212         24          0          0         88       1837   spi.o
        36          8        392          0       1024        860   startup_stm32f405xx.o
       180         28          0         12          0       9601   stm32f4xx_hal.o
       712         28          0          0          0       2971   stm32f4xx_hal_adc.o
       198         14          0          0          0      33943   stm32f4xx_hal_cortex.o
       182          0          0          0          0       2171   stm32f4xx_hal_dma.o
       500         46          0          0          0       3716   stm32f4xx_hal_gpio.o
       392         16          0          0          0       3275   stm32f4xx_hal_i2c.o
        48          6          0          0          0        906   stm32f4xx_hal_msp.o
      2548         16          0          0          0      14248   stm32f4xx_hal_pcd.o
        78          0          0          0          0       2589   stm32f4xx_hal_pcd_ex.o
      1336         78          0          0          0       6028   stm32f4xx_hal_rcc.o
       188          0          0          0          0       1263   stm32f4xx_hal_spi.o
      2440        178          0          0          0      19443   stm32f4xx_hal_tim.o
       148         28          0          0          0       2665   stm32f4xx_hal_tim_ex.o
      1640         16          0          0          0      11856   stm32f4xx_hal_uart.o
       116         48          0          0          0       8320   stm32f4xx_it.o
      2688        116          0          0          0      24116   stm32f4xx_ll_usb.o
        16          4         24          4          0       1199   system_stm32f4xx.o
       940         82          0          0        288       5031   tim.o
       516        112          0          4        512       4752   tmc2209.o
      1600        532        778          4        514       6640   uartface.o
       636         70          0          0        288       4027   usart.o
        84         18          0          0        732       2695   usb_device.o
      1278         36          0        139          0      14873   usbd_cdc.o
       116         22          0         20       4096       4280   usbd_cdc_if.o
       642         24          0          0       1796      17540   usbd_conf.o
       928          0          0          0          0      16179   usbd_core.o
      1358         28          0          1          0      15780   usbd_ctlreq.o
       286        104          0         78        512       6541   usbd_desc.o
       132          0          0          0          0       4696   usbd_ioreq.o

    ----------------------------------------------------------------------
     24656       1960       1228        296      10468     963661   Object Totals
         0          0         32          0          0          0   (incl. Generated)
        46          0          2          7          6          0   (incl. Padding)

    ----------------------------------------------------------------------

      Code (inc. data)   RO Data    RW Data    ZI Data      Debug   Library Member Name

        86          0          0          0          0          0   __dczerorl2.o
         0          0          0          0          0          0   entry.o
         0          0          0          0          0          0   entry10a.o
         0          0          0          0          0          0   entry11a.o
         4          0          0          0          0          0   entry12b.o
         8          4          0          0          0          0   entry2.o
         4          0          0          0          0          0   entry5.o
         0          0          0          0          0          0   entry7b.o
         0          0          0          0          0          0   entry8b.o
         8          4          0          0          0          0   entry9a.o
        30          0          0          0          0          0   handlers.o
        36          8          0          0          0         68   init.o
         0          0          0          0          0          0   iusefp.o
        30          0          0          0          0         68   llshl.o
        36          0          0          0          0         68   llsshr.o
        32          0          0          0          0         68   llushr.o
        36          0          0          0          0         68   memcpya.o
        36          0          0          0          0        108   memseta.o
      2268         96          0          0          0        616   printfa.o
         0          0          0          4          0          0   stdout.o
        44          0          0          0          0         80   uidiv.o
        98          0          0          0          0         92   uldiv.o
        48          0          0          0          0         68   cdrcmple.o
       334          0          0          0          0        148   dadd.o
       222          0          0          0          0        100   ddiv.o
       186          0          0          0          0        176   depilogue.o
        48          0          0          0          0         68   dfixul.o
       228          0          0          0          0         96   dmul.o
        38          0          0          0          0         68   f2d.o

    ----------------------------------------------------------------------
      3864        112          0          4          0       1960   Library Totals
         4          0          0          0          0          0   (incl. Padding)

    ----------------------------------------------------------------------

      Code (inc. data)   RO Data    RW Data    ZI Data      Debug   Library Name

      2756        112          0          4          0       1236   mc_w.l
      1104          0          0          0          0        724   mf_w.l

    ----------------------------------------------------------------------
      3864        112          0          4          0       1960   Library Totals

    ----------------------------------------------------------------------

==============================================================================


      Code (inc. data)   RO Data    RW Data    ZI Data      Debug   

     28520       2072       1228        300      10468     938417   Grand Totals
     28520       2072       1228        192      10468     938417   ELF Image Totals (compressed)
     28520       2072       1228        192          0          0   ROM Totals

==============================================================================

    Total RO  Size (Code + RO Data)                29748 (  29.05kB)
    Total RW  Size (RW Data + ZI Data)             10768 (  10.52kB)
    Total ROM Size (Code + RO Data + RW Data)      29940 (  29.24kB)

==============================================================================

